Starting build... 
Initialized native services in: C:\Users\Wehtt\.gradle\native
Initialized jansi services in: C:\Users\Wehtt\.gradle\native
To honour the JVM settings for this build a single-use Daemon process will be forked. For more on this, please refer to https://docs.gradle.org/8.11.1/userguide/gradle_daemon.html#sec:disabling_the_daemon in the Gradle documentation.
Starting process 'command 'C:\Users\Wehtt\.jdks\temurin-17.0.15\bin\java.exe''. Working directory: C:\Users\Wehtt\.gradle\.tmp\tmp-jvm16041403172187005275probe Command: C:\Users\Wehtt\.jdks\temurin-17.0.15\bin\java.exe -Xmx32m -Xms32m -cp . JavaProbe
Successfully started process 'command 'C:\Users\Wehtt\.jdks\temurin-17.0.15\bin\java.exe''
Received JVM installation metadata from 'C:\Users\Wehtt\.jdks\temurin-17.0.15': {JAVA_HOME=C:\Users\Wehtt\.jdks\temurin-17.0.15, JAVA_VERSION=17.0.15, JAVA_VENDOR=Eclipse Adoptium, RUNTIME_NAME=OpenJDK Runtime Environment, RUNTIME_VERSION=17.0.15+6, VM_NAME=OpenJDK 64-Bit Server VM, VM_VERSION=17.0.15+6, VM_VENDOR=Eclipse Adoptium, OS_ARCH=amd64}
Starting process 'Gradle build daemon'. Working directory: C:\Users\Wehtt\.gradle\daemon\8.11.1 Command: C:\Users\Wehtt\.jdks\temurin-17.0.15\bin\java.exe --add-opens=java.base/java.lang=ALL-UNNAMED --add-opens=java.base/java.lang.invoke=ALL-UNNAMED --add-opens=java.base/java.util=ALL-UNNAMED --add-opens=java.prefs/java.util.prefs=ALL-UNNAMED --add-exports=jdk.compiler/com.sun.tools.javac.api=ALL-UNNAMED --add-exports=jdk.compiler/com.sun.tools.javac.util=ALL-UNNAMED --add-opens=java.base/java.util=ALL-UNNAMED --add-opens=java.prefs/java.util.prefs=ALL-UNNAMED --add-opens=java.base/java.nio.charset=ALL-UNNAMED --add-opens=java.base/java.net=ALL-UNNAMED --add-opens=java.base/java.util.concurrent.atomic=ALL-UNNAMED --add-opens=java.xml/javax.xml.namespace=ALL-UNNAMED -XX:+HeapDumpOnOutOfMemoryError -XX:+UseG1GC -XX:MaxMetaspaceSize=1024m -Xmx6g -Dfile.encoding=UTF-8 -Duser.country=US -Duser.language=en -Duser.variant -cp C:\Users\Wehtt\.gradle\wrapper\dists\gradle-8.11.1-bin\bpt9gzteqjrbo1mjrsomdt32c\gradle-8.11.1\lib\gradle-daemon-main-8.11.1.jar -javaagent:C:\Users\Wehtt\.gradle\wrapper\dists\gradle-8.11.1-bin\bpt9gzteqjrbo1mjrsomdt32c\gradle-8.11.1\lib\agents\gradle-instrumentation-agent-8.11.1.jar org.gradle.launcher.daemon.bootstrap.GradleDaemon 8.11.1
Successfully started process 'Gradle build daemon'
An attempt to start the daemon took 2.142 secs.
The client will now receive all logging from the daemon (pid: 26140). The daemon log file: C:\Users\Wehtt\.gradle\daemon\8.11.1\daemon-26140.out.log
Daemon will be stopped at the end of the build 
Using 16 worker leases.
Received JVM installation metadata from 'C:\Users\Wehtt\.jdks\temurin-17.0.15': {JAVA_HOME=C:\Users\Wehtt\.jdks\temurin-17.0.15, JAVA_VERSION=17.0.15, JAVA_VENDOR=Eclipse Adoptium, RUNTIME_NAME=OpenJDK Runtime Environment, RUNTIME_VERSION=17.0.15+6, VM_NAME=OpenJDK 64-Bit Server VM, VM_VERSION=17.0.15+6, VM_VENDOR=Eclipse Adoptium, OS_ARCH=amd64}
Invalidating in-memory cache of C:\Users\Wehtt\.gradle\caches\journal-1\file-access.bin
Calculating task graph as no cached configuration is available for tasks: clean build
Watching the file system is configured to be enabled if available
Now considering [C:\Users\Wehtt\Downloads\OracleDrive-Master (1)\OracleDrive-Master\docker\AuraFrameFx-Beta-main\AuraFrameFx-Beta-main] as hierarchies to watch
Now considering [C:\Users\Wehtt\Downloads\OracleDrive-Master (1)\OracleDrive-Master\docker\AuraFrameFx-Beta-main\AuraFrameFx-Beta-main\buildSrc, C:\Users\Wehtt\Downloads\OracleDrive-Master (1)\OracleDrive-Master\docker\AuraFrameFx-Beta-main\AuraFrameFx-Beta-main] as hierarchies to watch
File system watching is active
Starting Build
Transforming foojay-resolver-1.0.0.jar (org.gradle.toolchains:foojay-resolver:1.0.0) with InstrumentationAnalysisTransform
Transforming foojay-resolver-1.0.0.jar (org.gradle.toolchains:foojay-resolver:1.0.0) with InstrumentationAnalysisTransform
Transforming foojay-resolver-1.0.0.jar (org.gradle.toolchains:foojay-resolver:1.0.0) with MergeInstrumentationAnalysisTransform
Transforming foojay-resolver-1.0.0.jar (org.gradle.toolchains:foojay-resolver:1.0.0) with ExternalDependencyInstrumentingArtifactTransform
Settings evaluated using settings file 'C:\Users\Wehtt\Downloads\OracleDrive-Master (1)\OracleDrive-Master\docker\AuraFrameFx-Beta-main\AuraFrameFx-Beta-main\settings.gradle.kts'.
Using local directory build cache for the root build (location = C:\Users\Wehtt\.gradle\caches\build-cache-1, remove unused entries = after 7 days).
Projects loaded. Root project using build file 'C:\Users\Wehtt\Downloads\OracleDrive-Master (1)\OracleDrive-Master\docker\AuraFrameFx-Beta-main\AuraFrameFx-Beta-main\build.gradle.kts'.
Included projects: [root project 'AuraFrameFx', project ':app']

> Configure project :buildSrc
Evaluating project ':buildSrc' using build file 'C:\Users\Wehtt\Downloads\OracleDrive-Master (1)\OracleDrive-Master\docker\AuraFrameFx-Beta-main\AuraFrameFx-Beta-main\buildSrc\build.gradle.kts'.
Transforming gradle-kotlin-dsl-plugins-5.1.1.jar (org.gradle.kotlin:gradle-kotlin-dsl-plugins:5.1.1) with InstrumentationAnalysisTransform
Transforming kotlin-stdlib-2.0.20.jar (org.jetbrains.kotlin:kotlin-stdlib:2.0.20) with InstrumentationAnalysisTransform
Transforming annotations-13.0.jar (org.jetbrains:annotations:13.0) with InstrumentationAnalysisTransform
Transforming kotlin-sam-with-receiver-2.0.20-gradle85.jar (org.jetbrains.kotlin:kotlin-sam-with-receiver:2.0.20) with InstrumentationAnalysisTransform
Transforming kotlin-assignment-2.0.20-gradle85.jar (org.jetbrains.kotlin:kotlin-assignment:2.0.20) with InstrumentationAnalysisTransform
Transforming kotlin-gradle-plugin-model-2.0.20.jar (org.jetbrains.kotlin:kotlin-gradle-plugin-model:2.0.20) with InstrumentationAnalysisTransform
Transforming kotlin-gradle-plugin-api-2.0.20.jar (org.jetbrains.kotlin:kotlin-gradle-plugin-api:2.0.20) with InstrumentationAnalysisTransform
Transforming kotlin-gradle-plugin-api-2.0.20-gradle85.jar (org.jetbrains.kotlin:kotlin-gradle-plugin-api:2.0.20) with InstrumentationAnalysisTransform
Transforming kotlin-gradle-plugin-2.0.20-gradle85.jar (org.jetbrains.kotlin:kotlin-gradle-plugin:2.0.20) with InstrumentationAnalysisTransform
Transforming kotlin-gradle-plugin-idea-proto-2.0.20.jar (org.jetbrains.kotlin:kotlin-gradle-plugin-idea-proto:2.0.20) with InstrumentationAnalysisTransform
Transforming kotlin-gradle-plugin-idea-2.0.20.jar (org.jetbrains.kotlin:kotlin-gradle-plugin-idea:2.0.20) with InstrumentationAnalysisTransform
Transforming kotlin-klib-commonizer-api-2.0.20.jar (org.jetbrains.kotlin:kotlin-klib-commonizer-api:2.0.20) with InstrumentationAnalysisTransform
Transforming kotlin-build-statistics-2.0.20.jar (org.jetbrains.kotlin:kotlin-build-statistics:2.0.20) with InstrumentationAnalysisTransform
Transforming kotlin-build-tools-api-2.0.20.jar (org.jetbrains.kotlin:kotlin-build-tools-api:2.0.20) with InstrumentationAnalysisTransform
Transforming kotlin-compiler-runner-2.0.20.jar (org.jetbrains.kotlin:kotlin-compiler-runner:2.0.20) with InstrumentationAnalysisTransform
Transforming kotlin-native-utils-2.0.20.jar (org.jetbrains.kotlin:kotlin-native-utils:2.0.20) with InstrumentationAnalysisTransform
Transforming kotlin-util-klib-2.0.20.jar (org.jetbrains.kotlin:kotlin-util-klib:2.0.20) with InstrumentationAnalysisTransform
Transforming kotlin-compiler-embeddable-2.0.20.jar (org.jetbrains.kotlin:kotlin-compiler-embeddable:2.0.20) with InstrumentationAnalysisTransform
Transforming kotlin-gradle-plugin-annotations-2.0.20.jar (org.jetbrains.kotlin:kotlin-gradle-plugin-annotations:2.0.20) with InstrumentationAnalysisTransform
Transforming kotlin-tooling-core-2.0.20.jar (org.jetbrains.kotlin:kotlin-tooling-core:2.0.20) with InstrumentationAnalysisTransform
Transforming gson-2.8.9.jar (com.google.code.gson:gson:2.8.9) with InstrumentationAnalysisTransform
Transforming kotlin-daemon-client-2.0.20.jar (org.jetbrains.kotlin:kotlin-daemon-client:2.0.20) with InstrumentationAnalysisTransform
Transforming kotlinx-coroutines-core-jvm-1.6.4.jar (org.jetbrains.kotlinx:kotlinx-coroutines-core-jvm:1.6.4) with InstrumentationAnalysisTransform
Transforming kotlin-util-io-2.0.20.jar (org.jetbrains.kotlin:kotlin-util-io:2.0.20) with InstrumentationAnalysisTransform
Transforming kotlin-daemon-embeddable-2.0.20.jar (org.jetbrains.kotlin:kotlin-daemon-embeddable:2.0.20) with InstrumentationAnalysisTransform
Transforming trove4j-1.0.20200330.jar (org.jetbrains.intellij.deps:trove4j:1.0.20200330) with InstrumentationAnalysisTransform
Transforming gradle-kotlin-dsl-plugins-5.1.1.jar (org.gradle.kotlin:gradle-kotlin-dsl-plugins:5.1.1) with InstrumentationAnalysisTransform
Transforming gradle-kotlin-dsl-plugins-5.1.1.jar (org.gradle.kotlin:gradle-kotlin-dsl-plugins:5.1.1) with MergeInstrumentationAnalysisTransform
Transforming kotlin-stdlib-2.0.20.jar (org.jetbrains.kotlin:kotlin-stdlib:2.0.20) with InstrumentationAnalysisTransform
Transforming kotlin-stdlib-2.0.20.jar (org.jetbrains.kotlin:kotlin-stdlib:2.0.20) with MergeInstrumentationAnalysisTransform
Transforming annotations-13.0.jar (org.jetbrains:annotations:13.0) with InstrumentationAnalysisTransform
Transforming annotations-13.0.jar (org.jetbrains:annotations:13.0) with MergeInstrumentationAnalysisTransform
Transforming kotlin-sam-with-receiver-2.0.20-gradle85.jar (org.jetbrains.kotlin:kotlin-sam-with-receiver:2.0.20) with InstrumentationAnalysisTransform
Transforming kotlin-sam-with-receiver-2.0.20-gradle85.jar (org.jetbrains.kotlin:kotlin-sam-with-receiver:2.0.20) with MergeInstrumentationAnalysisTransform
Transforming kotlin-assignment-2.0.20-gradle85.jar (org.jetbrains.kotlin:kotlin-assignment:2.0.20) with InstrumentationAnalysisTransform
Transforming kotlin-assignment-2.0.20-gradle85.jar (org.jetbrains.kotlin:kotlin-assignment:2.0.20) with MergeInstrumentationAnalysisTransform
Transforming kotlin-gradle-plugin-model-2.0.20.jar (org.jetbrains.kotlin:kotlin-gradle-plugin-model:2.0.20) with InstrumentationAnalysisTransform
Transforming kotlin-gradle-plugin-model-2.0.20.jar (org.jetbrains.kotlin:kotlin-gradle-plugin-model:2.0.20) with MergeInstrumentationAnalysisTransform
Transforming kotlin-gradle-plugin-api-2.0.20.jar (org.jetbrains.kotlin:kotlin-gradle-plugin-api:2.0.20) with InstrumentationAnalysisTransform
Transforming kotlin-gradle-plugin-api-2.0.20.jar (org.jetbrains.kotlin:kotlin-gradle-plugin-api:2.0.20) with MergeInstrumentationAnalysisTransform
Transforming kotlin-gradle-plugin-api-2.0.20-gradle85.jar (org.jetbrains.kotlin:kotlin-gradle-plugin-api:2.0.20) with InstrumentationAnalysisTransform
Transforming kotlin-gradle-plugin-api-2.0.20-gradle85.jar (org.jetbrains.kotlin:kotlin-gradle-plugin-api:2.0.20) with MergeInstrumentationAnalysisTransform
Transforming kotlin-gradle-plugin-2.0.20-gradle85.jar (org.jetbrains.kotlin:kotlin-gradle-plugin:2.0.20) with InstrumentationAnalysisTransform
Transforming kotlin-gradle-plugin-2.0.20-gradle85.jar (org.jetbrains.kotlin:kotlin-gradle-plugin:2.0.20) with MergeInstrumentationAnalysisTransform
Transforming kotlin-gradle-plugin-idea-proto-2.0.20.jar (org.jetbrains.kotlin:kotlin-gradle-plugin-idea-proto:2.0.20) with InstrumentationAnalysisTransform
Transforming kotlin-gradle-plugin-idea-proto-2.0.20.jar (org.jetbrains.kotlin:kotlin-gradle-plugin-idea-proto:2.0.20) with MergeInstrumentationAnalysisTransform
Transforming kotlin-gradle-plugin-idea-2.0.20.jar (org.jetbrains.kotlin:kotlin-gradle-plugin-idea:2.0.20) with InstrumentationAnalysisTransform
Transforming kotlin-gradle-plugin-idea-2.0.20.jar (org.jetbrains.kotlin:kotlin-gradle-plugin-idea:2.0.20) with MergeInstrumentationAnalysisTransform
Transforming gradle-kotlin-dsl-plugins-5.1.1.jar (org.gradle.kotlin:gradle-kotlin-dsl-plugins:5.1.1) with ExternalDependencyInstrumentingArtifactTransform
Transforming kotlin-stdlib-2.0.20.jar (org.jetbrains.kotlin:kotlin-stdlib:2.0.20) with ExternalDependencyInstrumentingArtifactTransform
Transforming annotations-13.0.jar (org.jetbrains:annotations:13.0) with ExternalDependencyInstrumentingArtifactTransform
Transforming kotlin-klib-commonizer-api-2.0.20.jar (org.jetbrains.kotlin:kotlin-klib-commonizer-api:2.0.20) with InstrumentationAnalysisTransform
Transforming kotlin-sam-with-receiver-2.0.20-gradle85.jar (org.jetbrains.kotlin:kotlin-sam-with-receiver:2.0.20) with ExternalDependencyInstrumentingArtifactTransform
Transforming kotlin-assignment-2.0.20-gradle85.jar (org.jetbrains.kotlin:kotlin-assignment:2.0.20) with ExternalDependencyInstrumentingArtifactTransform
Transforming kotlin-klib-commonizer-api-2.0.20.jar (org.jetbrains.kotlin:kotlin-klib-commonizer-api:2.0.20) with MergeInstrumentationAnalysisTransform
Transforming kotlin-build-statistics-2.0.20.jar (org.jetbrains.kotlin:kotlin-build-statistics:2.0.20) with InstrumentationAnalysisTransform
Transforming kotlin-build-statistics-2.0.20.jar (org.jetbrains.kotlin:kotlin-build-statistics:2.0.20) with MergeInstrumentationAnalysisTransform
Transforming kotlin-build-tools-api-2.0.20.jar (org.jetbrains.kotlin:kotlin-build-tools-api:2.0.20) with InstrumentationAnalysisTransform
Transforming kotlin-build-tools-api-2.0.20.jar (org.jetbrains.kotlin:kotlin-build-tools-api:2.0.20) with MergeInstrumentationAnalysisTransform
Transforming kotlin-gradle-plugin-model-2.0.20.jar (org.jetbrains.kotlin:kotlin-gradle-plugin-model:2.0.20) with ExternalDependencyInstrumentingArtifactTransform
Transforming kotlin-compiler-runner-2.0.20.jar (org.jetbrains.kotlin:kotlin-compiler-runner:2.0.20) with InstrumentationAnalysisTransform
Transforming kotlin-compiler-runner-2.0.20.jar (org.jetbrains.kotlin:kotlin-compiler-runner:2.0.20) with MergeInstrumentationAnalysisTransform
Transforming kotlin-native-utils-2.0.20.jar (org.jetbrains.kotlin:kotlin-native-utils:2.0.20) with InstrumentationAnalysisTransform
Transforming kotlin-native-utils-2.0.20.jar (org.jetbrains.kotlin:kotlin-native-utils:2.0.20) with MergeInstrumentationAnalysisTransform
Transforming kotlin-util-klib-2.0.20.jar (org.jetbrains.kotlin:kotlin-util-klib:2.0.20) with InstrumentationAnalysisTransform
Transforming kotlin-util-klib-2.0.20.jar (org.jetbrains.kotlin:kotlin-util-klib:2.0.20) with MergeInstrumentationAnalysisTransform
Transforming kotlin-gradle-plugin-api-2.0.20.jar (org.jetbrains.kotlin:kotlin-gradle-plugin-api:2.0.20) with ExternalDependencyInstrumentingArtifactTransform
Transforming kotlin-compiler-embeddable-2.0.20.jar (org.jetbrains.kotlin:kotlin-compiler-embeddable:2.0.20) with InstrumentationAnalysisTransform
Transforming kotlin-compiler-embeddable-2.0.20.jar (org.jetbrains.kotlin:kotlin-compiler-embeddable:2.0.20) with MergeInstrumentationAnalysisTransform
Transforming kotlin-gradle-plugin-annotations-2.0.20.jar (org.jetbrains.kotlin:kotlin-gradle-plugin-annotations:2.0.20) with InstrumentationAnalysisTransform
Transforming kotlin-gradle-plugin-annotations-2.0.20.jar (org.jetbrains.kotlin:kotlin-gradle-plugin-annotations:2.0.20) with MergeInstrumentationAnalysisTransform
Transforming kotlin-tooling-core-2.0.20.jar (org.jetbrains.kotlin:kotlin-tooling-core:2.0.20) with InstrumentationAnalysisTransform
Transforming kotlin-tooling-core-2.0.20.jar (org.jetbrains.kotlin:kotlin-tooling-core:2.0.20) with MergeInstrumentationAnalysisTransform
Transforming gson-2.8.9.jar (com.google.code.gson:gson:2.8.9) with InstrumentationAnalysisTransform
Transforming gson-2.8.9.jar (com.google.code.gson:gson:2.8.9) with MergeInstrumentationAnalysisTransform
Transforming kotlin-daemon-client-2.0.20.jar (org.jetbrains.kotlin:kotlin-daemon-client:2.0.20) with InstrumentationAnalysisTransform
Transforming kotlin-daemon-client-2.0.20.jar (org.jetbrains.kotlin:kotlin-daemon-client:2.0.20) with MergeInstrumentationAnalysisTransform
Transforming kotlinx-coroutines-core-jvm-1.6.4.jar (org.jetbrains.kotlinx:kotlinx-coroutines-core-jvm:1.6.4) with InstrumentationAnalysisTransform
Transforming kotlinx-coroutines-core-jvm-1.6.4.jar (org.jetbrains.kotlinx:kotlinx-coroutines-core-jvm:1.6.4) with MergeInstrumentationAnalysisTransform
Transforming kotlin-util-io-2.0.20.jar (org.jetbrains.kotlin:kotlin-util-io:2.0.20) with InstrumentationAnalysisTransform
Transforming kotlin-gradle-plugin-api-2.0.20-gradle85.jar (org.jetbrains.kotlin:kotlin-gradle-plugin-api:2.0.20) with ExternalDependencyInstrumentingArtifactTransform
Transforming kotlin-util-io-2.0.20.jar (org.jetbrains.kotlin:kotlin-util-io:2.0.20) with MergeInstrumentationAnalysisTransform
Transforming kotlin-daemon-embeddable-2.0.20.jar (org.jetbrains.kotlin:kotlin-daemon-embeddable:2.0.20) with InstrumentationAnalysisTransform
Transforming kotlin-daemon-embeddable-2.0.20.jar (org.jetbrains.kotlin:kotlin-daemon-embeddable:2.0.20) with MergeInstrumentationAnalysisTransform
Transforming trove4j-1.0.20200330.jar (org.jetbrains.intellij.deps:trove4j:1.0.20200330) with InstrumentationAnalysisTransform
Transforming trove4j-1.0.20200330.jar (org.jetbrains.intellij.deps:trove4j:1.0.20200330) with MergeInstrumentationAnalysisTransform
Transforming kotlin-gradle-plugin-idea-proto-2.0.20.jar (org.jetbrains.kotlin:kotlin-gradle-plugin-idea-proto:2.0.20) with ExternalDependencyInstrumentingArtifactTransform
Transforming kotlin-gradle-plugin-2.0.20-gradle85.jar (org.jetbrains.kotlin:kotlin-gradle-plugin:2.0.20) with ExternalDependencyInstrumentingArtifactTransform
Transforming kotlin-gradle-plugin-idea-2.0.20.jar (org.jetbrains.kotlin:kotlin-gradle-plugin-idea:2.0.20) with ExternalDependencyInstrumentingArtifactTransform
Transforming kotlin-klib-commonizer-api-2.0.20.jar (org.jetbrains.kotlin:kotlin-klib-commonizer-api:2.0.20) with ExternalDependencyInstrumentingArtifactTransform
Transforming kotlin-build-statistics-2.0.20.jar (org.jetbrains.kotlin:kotlin-build-statistics:2.0.20) with ExternalDependencyInstrumentingArtifactTransform
Transforming kotlin-build-tools-api-2.0.20.jar (org.jetbrains.kotlin:kotlin-build-tools-api:2.0.20) with ExternalDependencyInstrumentingArtifactTransform
Transforming kotlin-compiler-runner-2.0.20.jar (org.jetbrains.kotlin:kotlin-compiler-runner:2.0.20) with ExternalDependencyInstrumentingArtifactTransform
Transforming kotlin-util-klib-2.0.20.jar (org.jetbrains.kotlin:kotlin-util-klib:2.0.20) with ExternalDependencyInstrumentingArtifactTransform
Transforming kotlin-compiler-embeddable-2.0.20.jar (org.jetbrains.kotlin:kotlin-compiler-embeddable:2.0.20) with ExternalDependencyInstrumentingArtifactTransform
Transforming kotlin-gradle-plugin-annotations-2.0.20.jar (org.jetbrains.kotlin:kotlin-gradle-plugin-annotations:2.0.20) with ExternalDependencyInstrumentingArtifactTransform
Transforming kotlin-native-utils-2.0.20.jar (org.jetbrains.kotlin:kotlin-native-utils:2.0.20) with ExternalDependencyInstrumentingArtifactTransform
Transforming gson-2.8.9.jar (com.google.code.gson:gson:2.8.9) with ExternalDependencyInstrumentingArtifactTransform
Transforming kotlinx-coroutines-core-jvm-1.6.4.jar (org.jetbrains.kotlinx:kotlinx-coroutines-core-jvm:1.6.4) with ExternalDependencyInstrumentingArtifactTransform
Transforming kotlin-util-io-2.0.20.jar (org.jetbrains.kotlin:kotlin-util-io:2.0.20) with ExternalDependencyInstrumentingArtifactTransform
Transforming kotlin-tooling-core-2.0.20.jar (org.jetbrains.kotlin:kotlin-tooling-core:2.0.20) with ExternalDependencyInstrumentingArtifactTransform
Transforming kotlin-daemon-embeddable-2.0.20.jar (org.jetbrains.kotlin:kotlin-daemon-embeddable:2.0.20) with ExternalDependencyInstrumentingArtifactTransform
Transforming trove4j-1.0.20200330.jar (org.jetbrains.intellij.deps:trove4j:1.0.20200330) with ExternalDependencyInstrumentingArtifactTransform
Transforming kotlin-daemon-client-2.0.20.jar (org.jetbrains.kotlin:kotlin-daemon-client:2.0.20) with ExternalDependencyInstrumentingArtifactTransform
Using Kotlin Gradle Plugin gradle85 variant
kotlin scripting plugin: created the scripting discovery configuration: kotlinScriptDef
kotlin scripting plugin: created the scripting discovery configuration: testKotlinScriptDef
file or directory 'C:\Users\Wehtt\Downloads\OracleDrive-Master (1)\OracleDrive-Master\docker\AuraFrameFx-Beta-main\AuraFrameFx-Beta-main\buildSrc\src\main\java', not found
Resolve mutations for :buildSrc:checkKotlinGradlePluginConfigurationErrors (Thread[Execution worker,5,main]) started.
:buildSrc:checkKotlinGradlePluginConfigurationErrors (Thread[included builds,5,main]) started.

> Task :buildSrc:checkKotlinGradlePluginConfigurationErrors SKIPPED
Skipping task ':buildSrc:checkKotlinGradlePluginConfigurationErrors' as task onlyIf 'errorDiagnostics are present' is false.
Resolve mutations for :buildSrc:generateExternalPluginSpecBuilders (Thread[included builds,5,main]) started.
:buildSrc:generateExternalPluginSpecBuilders (Thread[included builds,5,main]) started.

> Task :buildSrc:generateExternalPluginSpecBuilders UP-TO-DATE
Build cache key for task ':buildSrc:generateExternalPluginSpecBuilders' is 8bdc74ea07421530df9a52569e34c273
Skipping task ':buildSrc:generateExternalPluginSpecBuilders' as it is up-to-date.
Resolve mutations for :buildSrc:extractPrecompiledScriptPluginPlugins (Thread[included builds,5,main]) started.
:buildSrc:extractPrecompiledScriptPluginPlugins (Thread[included builds,5,main]) started.

> Task :buildSrc:extractPrecompiledScriptPluginPlugins UP-TO-DATE
Build cache key for task ':buildSrc:extractPrecompiledScriptPluginPlugins' is 4e090b118003e18f64b04ab2036017d5
Skipping task ':buildSrc:extractPrecompiledScriptPluginPlugins' as it is up-to-date.
Resolve mutations for :buildSrc:compilePluginsBlocks (Thread[included builds,5,main]) started.
:buildSrc:compilePluginsBlocks (Thread[included builds,5,main]) started.

> Task :buildSrc:compilePluginsBlocks FROM-CACHE
Build cache key for task ':buildSrc:compilePluginsBlocks' is 34196f21e22f8203d4bc0d40559de8e1
Task ':buildSrc:compilePluginsBlocks' is not up-to-date because:
  Value of input property 'compilerOptions' has changed for task ':buildSrc:compilePluginsBlocks'
  Value of input property 'javaLauncher$kotlin_dsl_provider_plugins.metadata.languageVersion' has changed for task ':buildSrc:compilePluginsBlocks'
  Value of input property 'javaLauncher$kotlin_dsl_provider_plugins.metadata.taskInputs.languageVersion' has changed for task ':buildSrc:compilePluginsBlocks'
Loaded cache entry for task ':buildSrc:compilePluginsBlocks' with cache key 34196f21e22f8203d4bc0d40559de8e1
Resolve mutations for :buildSrc:generatePrecompiledScriptPluginAccessors (Thread[included builds,5,main]) started.
:buildSrc:generatePrecompiledScriptPluginAccessors (Thread[included builds,5,main]) started.

> Task :buildSrc:generatePrecompiledScriptPluginAccessors FROM-CACHE
Build cache key for task ':buildSrc:generatePrecompiledScriptPluginAccessors' is ebe6c2afc2c5cb37300847c331352cf0
Task ':buildSrc:generatePrecompiledScriptPluginAccessors' is not up-to-date because:
  Input property 'compiledPluginsBlocksDir' file C:\Users\Wehtt\Downloads\OracleDrive-Master (1)\OracleDrive-Master\docker\AuraFrameFx-Beta-main\AuraFrameFx-Beta-main\buildSrc\build\kotlin-dsl\plugins-blocks\compiled\gradle\kotlin\dsl\plugins\_0f96636de7412720b8ba78e66d65a334\OrgGradlePluginGroup.class has changed.
  Input property 'compiledPluginsBlocksDir' file C:\Users\Wehtt\Downloads\OracleDrive-Master (1)\OracleDrive-Master\docker\AuraFrameFx-Beta-main\AuraFrameFx-Beta-main\buildSrc\build\kotlin-dsl\plugins-blocks\compiled\gradle\kotlin\dsl\plugins\_0f96636de7412720b8ba78e66d65a334\OrgPluginGroup.class has changed.
  Input property 'compiledPluginsBlocksDir' file C:\Users\Wehtt\Downloads\OracleDrive-Master (1)\OracleDrive-Master\docker\AuraFrameFx-Beta-main\AuraFrameFx-Beta-main\buildSrc\build\kotlin-dsl\plugins-blocks\compiled\gradle\kotlin\dsl\plugins\_0f96636de7412720b8ba78e66d65a334\PluginSpecBuildersKt.class has changed.
Loaded cache entry for task ':buildSrc:generatePrecompiledScriptPluginAccessors' with cache key ebe6c2afc2c5cb37300847c331352cf0
Resolve mutations for :buildSrc:generateScriptPluginAdapters (Thread[Execution worker Thread 5,5,main]) started.
:buildSrc:generateScriptPluginAdapters (Thread[Execution worker Thread 5,5,main]) started.

> Task :buildSrc:generateScriptPluginAdapters UP-TO-DATE
Build cache key for task ':buildSrc:generateScriptPluginAdapters' is 42c7bc5d4e4e4a9b9b67d4ec7376659f
Skipping task ':buildSrc:generateScriptPluginAdapters' as it is up-to-date.
Resolve mutations for :buildSrc:compileKotlin (Thread[Execution worker Thread 5,5,main]) started.
:buildSrc:compileKotlin (Thread[Execution worker Thread 5,5,main]) started.

> Task :buildSrc:compileKotlin FROM-CACHE
Transforming gradle-api-8.11.1.jar with BuildToolsApiClasspathEntrySnapshotTransform
Transforming groovy-3.0.22.jar with BuildToolsApiClasspathEntrySnapshotTransform
Transforming groovy-ant-3.0.22.jar with BuildToolsApiClasspathEntrySnapshotTransform
Transforming groovy-astbuilder-3.0.22.jar with BuildToolsApiClasspathEntrySnapshotTransform
Transforming groovy-console-3.0.22.jar with BuildToolsApiClasspathEntrySnapshotTransform
Transforming groovy-datetime-3.0.22.jar with BuildToolsApiClasspathEntrySnapshotTransform
Transforming groovy-dateutil-3.0.22.jar with BuildToolsApiClasspathEntrySnapshotTransform
Transforming groovy-groovydoc-3.0.22.jar with BuildToolsApiClasspathEntrySnapshotTransform
Transforming groovy-json-3.0.22.jar with BuildToolsApiClasspathEntrySnapshotTransform
Transforming groovy-nio-3.0.22.jar with BuildToolsApiClasspathEntrySnapshotTransform
Transforming groovy-sql-3.0.22.jar with BuildToolsApiClasspathEntrySnapshotTransform
Transforming groovy-templates-3.0.22.jar with BuildToolsApiClasspathEntrySnapshotTransform
Transforming groovy-test-3.0.22.jar with BuildToolsApiClasspathEntrySnapshotTransform
Transforming groovy-xml-3.0.22.jar with BuildToolsApiClasspathEntrySnapshotTransform
Transforming javaparser-core-3.17.0.jar with BuildToolsApiClasspathEntrySnapshotTransform
Transforming kotlin-stdlib-2.0.20.jar with BuildToolsApiClasspathEntrySnapshotTransform
Transforming kotlin-reflect-2.0.20.jar with BuildToolsApiClasspathEntrySnapshotTransform
Transforming gradle-installation-beacon-8.11.1.jar with BuildToolsApiClasspathEntrySnapshotTransform
Transforming gradle-kotlin-dsl-extensions-8.11.1.jar with BuildToolsApiClasspathEntrySnapshotTransform
Transforming gradle-kotlin-dsl-8.11.1.jar with BuildToolsApiClasspathEntrySnapshotTransform
Transforming gradle-kotlin-dsl-shared-runtime-8.11.1.jar with BuildToolsApiClasspathEntrySnapshotTransform
Transforming gradle-kotlin-dsl-tooling-models-8.11.1.jar with BuildToolsApiClasspathEntrySnapshotTransform
Transforming kotlin-reflect-2.0.20.jar with BuildToolsApiClasspathEntrySnapshotTransform
Transforming kotlin-stdlib-2.0.20.jar with BuildToolsApiClasspathEntrySnapshotTransform
Transforming annotations-13.0.jar with BuildToolsApiClasspathEntrySnapshotTransform
Custom actions are attached to task ':buildSrc:compileKotlin'.
Build cache key for task ':buildSrc:compileKotlin' is 6146c978e0ed1a2ced700c332100378c
Task ':buildSrc:compileKotlin' is not up-to-date because:
  Value of input property 'compilerOptions.jvmTarget' has changed for task ':buildSrc:compileKotlin'
  Value of input property 'kotlinJavaToolchainProvider.javaVersion' has changed for task ':buildSrc:compileKotlin'
Loaded cache entry for task ':buildSrc:compileKotlin' with cache key 6146c978e0ed1a2ced700c332100378c
Resolve mutations for :buildSrc:compileJava (Thread[Execution worker Thread 5,5,main]) started.
:buildSrc:compileJava (Thread[Execution worker Thread 5,5,main]) started.

> Task :buildSrc:compileJava NO-SOURCE
Skipping task ':buildSrc:compileJava' as it has no source files and no previous output files.
Resolve mutations for :buildSrc:compileGroovy (Thread[Execution worker Thread 5,5,main]) started.
:buildSrc:compileGroovy (Thread[Execution worker Thread 5,5,main]) started.

> Task :buildSrc:compileGroovy NO-SOURCE
Skipping task ':buildSrc:compileGroovy' as it has no source files and no previous output files.
Resolve mutations for :buildSrc:pluginDescriptors (Thread[Execution worker Thread 5,5,main]) started.
:buildSrc:pluginDescriptors (Thread[Execution worker Thread 5,5,main]) started.

> Task :buildSrc:pluginDescriptors UP-TO-DATE
Caching disabled for task ':buildSrc:pluginDescriptors' because:
  Not worth caching
Skipping task ':buildSrc:pluginDescriptors' as it is up-to-date.
Resolve mutations for :buildSrc:processResources (Thread[Execution worker Thread 5,5,main]) started.
:buildSrc:processResources (Thread[Execution worker Thread 5,5,main]) started.

> Task :buildSrc:processResources UP-TO-DATE
Caching disabled for task ':buildSrc:processResources' because:
  Not worth caching
Skipping task ':buildSrc:processResources' as it is up-to-date.
Resolve mutations for :buildSrc:classes (Thread[Execution worker Thread 5,5,main]) started.
:buildSrc:classes (Thread[Execution worker Thread 5,5,main]) started.

> Task :buildSrc:classes UP-TO-DATE
Skipping task ':buildSrc:classes' as it has no actions.
Resolve mutations for :buildSrc:jar (Thread[Execution worker Thread 5,5,main]) started.
:buildSrc:jar (Thread[Execution worker Thread 5,5,main]) started.

> Task :buildSrc:jar
Caching disabled for task ':buildSrc:jar' because:
  Not worth caching
Task ':buildSrc:jar' is not up-to-date because:
  Input property 'rootSpec$1' file C:\Users\Wehtt\Downloads\OracleDrive-Master (1)\OracleDrive-Master\docker\AuraFrameFx-Beta-main\AuraFrameFx-Beta-main\buildSrc\build\classes\kotlin\main\FixKotlinVisibilityPlugin.class has changed.
  Input property 'rootSpec$1' file C:\Users\Wehtt\Downloads\OracleDrive-Master (1)\OracleDrive-Master\docker\AuraFrameFx-Beta-main\AuraFrameFx-Beta-main\buildSrc\build\classes\kotlin\main\FixKotlinVisibility_gradle$$$result$1$1$1.class has changed.
  Input property 'rootSpec$1' file C:\Users\Wehtt\Downloads\OracleDrive-Master (1)\OracleDrive-Master\docker\AuraFrameFx-Beta-main\AuraFrameFx-Beta-main\buildSrc\build\classes\kotlin\main\FixKotlinVisibility_gradle$$$result$1$1$2.class has changed.
  and more...
file or directory 'C:\Users\Wehtt\Downloads\OracleDrive-Master (1)\OracleDrive-Master\docker\AuraFrameFx-Beta-main\AuraFrameFx-Beta-main\buildSrc\build\classes\java\main', not found
file or directory 'C:\Users\Wehtt\Downloads\OracleDrive-Master (1)\OracleDrive-Master\docker\AuraFrameFx-Beta-main\AuraFrameFx-Beta-main\buildSrc\build\classes\groovy\main', not found
Transforming buildSrc.jar (project :buildSrc) with ProjectDependencyInstrumentingArtifactTransform

> Configure project :
Evaluating root project 'AuraFrameFx' using build file 'C:\Users\Wehtt\Downloads\OracleDrive-Master (1)\OracleDrive-Master\docker\AuraFrameFx-Beta-main\AuraFrameFx-Beta-main\build.gradle.kts'.
Transforming gradle-8.10.1.jar (com.android.tools.build:gradle:8.10.1) with InstrumentationAnalysisTransform
Transforming compose-compiler-gradle-plugin-2.1.21-gradle85.jar (org.jetbrains.kotlin:compose-compiler-gradle-plugin:2.1.21) with InstrumentationAnalysisTransform
Transforming kotlin-gradle-plugin-model-2.1.21.jar (org.jetbrains.kotlin:kotlin-gradle-plugin-model:2.1.21) with InstrumentationAnalysisTransform
Transforming fus-statistics-gradle-plugin-2.1.21-gradle85.jar (org.jetbrains.kotlin:fus-statistics-gradle-plugin:2.1.21) with InstrumentationAnalysisTransform
Transforming kotlin-gradle-plugin-api-2.1.21.jar (org.jetbrains.kotlin:kotlin-gradle-plugin-api:2.1.21) with InstrumentationAnalysisTransform
Transforming kotlin-gradle-plugin-api-2.1.21-gradle85.jar (org.jetbrains.kotlin:kotlin-gradle-plugin-api:2.1.21) with InstrumentationAnalysisTransform
Transforming kotlin-gradle-plugin-2.1.21-gradle85.jar (org.jetbrains.kotlin:kotlin-gradle-plugin:2.1.21) with InstrumentationAnalysisTransform
Transforming hilt-android-gradle-plugin-2.56.2.jar (com.google.dagger:hilt-android-gradle-plugin:2.56.2) with InstrumentationAnalysisTransform
Transforming google-services-4.4.2.jar (com.google.gms:google-services:4.4.2) with InstrumentationAnalysisTransform
Transforming firebase-crashlytics-gradle-3.0.4.jar (com.google.firebase:firebase-crashlytics-gradle:3.0.4) with InstrumentationAnalysisTransform
Transforming perf-plugin-1.4.2.jar (com.google.firebase:perf-plugin:1.4.2) with InstrumentationAnalysisTransform
Transforming navigation-safe-args-generator-2.9.0.jar (androidx.navigation:navigation-safe-args-generator:2.9.0) with InstrumentationAnalysisTransform
Transforming navigation-safe-args-gradle-plugin-2.9.0.jar (androidx.navigation:navigation-safe-args-gradle-plugin:2.9.0) with InstrumentationAnalysisTransform
Transforming gradle-settings-api-8.10.1.jar (com.android.tools.build:gradle-settings-api:8.10.1) with InstrumentationAnalysisTransform
Transforming lint-model-31.10.1.jar (com.android.tools.lint:lint-model:31.10.1) with InstrumentationAnalysisTransform
Transforming builder-8.10.1.jar (com.android.tools.build:builder:8.10.1) with InstrumentationAnalysisTransform
Transforming manifest-merger-31.10.1.jar (com.android.tools.build:manifest-merger:31.10.1) with InstrumentationAnalysisTransform
Transforming sdk-common-31.10.1.jar (com.android.tools:sdk-common:31.10.1) with InstrumentationAnalysisTransform
Transforming sdklib-31.10.1.jar (com.android.tools:sdklib:31.10.1) with InstrumentationAnalysisTransform
Transforming repository-31.10.1.jar (com.android.tools:repository:31.10.1) with InstrumentationAnalysisTransform
Transforming aaptcompiler-8.10.1.jar (com.android.tools.build:aaptcompiler:8.10.1) with InstrumentationAnalysisTransform
Transforming tracker-31.10.1.jar (com.android.tools.analytics-library:tracker:31.10.1) with InstrumentationAnalysisTransform
Transforming shared-31.10.1.jar (com.android.tools.analytics-library:shared:31.10.1) with InstrumentationAnalysisTransform
Transforming databinding-compiler-common-8.10.1.jar (androidx.databinding:databinding-compiler-common:8.10.1) with InstrumentationAnalysisTransform
Transforming android-test-plugin-host-emulator-control-proto-31.10.1.jar (com.android.tools.utp:android-test-plugin-host-emulator-control-proto:31.10.1) with InstrumentationAnalysisTransform
Transforming builder-model-8.10.1.jar (com.android.tools.build:builder-model:8.10.1) with InstrumentationAnalysisTransform
Transforming gradle-api-8.10.1.jar (com.android.tools.build:gradle-api:8.10.1) with InstrumentationAnalysisTransform
Transforming strict-version-matcher-plugin-1.2.4.jar (com.google.android.gms:strict-version-matcher-plugin:1.2.4) with InstrumentationAnalysisTransform
Transforming secrets-gradle-plugin-2.0.1.jar (com.google.android.libraries.mapsplatform.secrets-gradle-plugin:secrets-gradle-plugin:2.0.1) with InstrumentationAnalysisTransform
Transforming builder-test-api-8.10.1.jar (com.android.tools.build:builder-test-api:8.10.1) with InstrumentationAnalysisTransform
Transforming ddmlib-31.10.1.jar (com.android.tools.ddms:ddmlib:31.10.1) with InstrumentationAnalysisTransform
Transforming layoutlib-api-31.10.1.jar (com.android.tools.layoutlib:layoutlib-api:31.10.1) with InstrumentationAnalysisTransform
Transforming dvlib-31.10.1.jar (com.android.tools:dvlib:31.10.1) with InstrumentationAnalysisTransform
Transforming common-31.10.1.jar (com.android.tools:common:31.10.1) with InstrumentationAnalysisTransform
Transforming kotlin-stdlib-jdk8-2.1.0.jar (org.jetbrains.kotlin:kotlin-stdlib-jdk8:2.1.0) with InstrumentationAnalysisTransform
Transforming jetifier-processor-1.0.0-beta10.jar (com.android.tools.build.jetifier:jetifier-processor:1.0.0-beta10) with InstrumentationAnalysisTransform
Transforming jetifier-core-1.0.0-beta10.jar (com.android.tools.build.jetifier:jetifier-core:1.0.0-beta10) with InstrumentationAnalysisTransform
Transforming kotlinpoet-jvm-2.0.0.jar (com.squareup:kotlinpoet-jvm:2.0.0) with InstrumentationAnalysisTransform
Transforming kotlin-reflect-2.0.20.jar (org.jetbrains.kotlin:kotlin-reflect:2.0.20) with InstrumentationAnalysisTransform
Transforming kotlin-stdlib-jdk7-2.1.0.jar (org.jetbrains.kotlin:kotlin-stdlib-jdk7:2.1.0) with InstrumentationAnalysisTransform
Transforming symbol-processing-gradle-plugin-2.1.21-2.0.1.jar (com.google.devtools.ksp:symbol-processing-gradle-plugin:2.1.21-2.0.1) with InstrumentationAnalysisTransform
Transforming symbol-processing-api-2.1.21-2.0.1.jar (com.google.devtools.ksp:symbol-processing-api:2.1.21-2.0.1) with InstrumentationAnalysisTransform
Transforming symbol-processing-common-deps-2.1.21-2.0.1.jar (com.google.devtools.ksp:symbol-processing-common-deps:2.1.21-2.0.1) with InstrumentationAnalysisTransform
Transforming annotation-jvm-1.9.1.jar (androidx.annotation:annotation-jvm:1.9.1) with InstrumentationAnalysisTransform
Transforming kotlin-stdlib-2.0.20.jar (org.jetbrains.kotlin:kotlin-stdlib:2.0.20) with InstrumentationAnalysisTransform
Transforming annotations-13.0.jar (org.jetbrains:annotations:13.0) with InstrumentationAnalysisTransform
Transforming bundletool-1.18.0.jar (com.android.tools.build:bundletool:1.18.0) with InstrumentationAnalysisTransform
Transforming aapt2-proto-8.10.1-12782657.jar (com.android.tools.build:aapt2-proto:8.10.1-12782657) with InstrumentationAnalysisTransform
Transforming crash-31.10.1.jar (com.android.tools.analytics-library:crash:31.10.1) with InstrumentationAnalysisTransform
Transforming lint-typedef-remover-31.10.1.jar (com.android.tools.lint:lint-typedef-remover:31.10.1) with InstrumentationAnalysisTransform
Transforming databinding-common-8.10.1.jar (androidx.databinding:databinding-common:8.10.1) with InstrumentationAnalysisTransform
Transforming baseLibrary-8.10.1.jar (com.android.databinding:baseLibrary:8.10.1) with InstrumentationAnalysisTransform
Transforming android-device-provider-ddmlib-proto-31.10.1.jar (com.android.tools.utp:android-device-provider-ddmlib-proto:31.10.1) with InstrumentationAnalysisTransform
Transforming android-device-provider-gradle-proto-31.10.1.jar (com.android.tools.utp:android-device-provider-gradle-proto:31.10.1) with InstrumentationAnalysisTransform
Transforming android-device-provider-profile-proto-31.10.1.jar (com.android.tools.utp:android-device-provider-profile-proto:31.10.1) with InstrumentationAnalysisTransform
Transforming android-test-plugin-host-additional-test-output-proto-31.10.1.jar (com.android.tools.utp:android-test-plugin-host-additional-test-output-proto:31.10.1) with InstrumentationAnalysisTransform
Transforming android-test-plugin-host-coverage-proto-31.10.1.jar (com.android.tools.utp:android-test-plugin-host-coverage-proto:31.10.1) with InstrumentationAnalysisTransform
Transforming android-test-plugin-host-logcat-proto-31.10.1.jar (com.android.tools.utp:android-test-plugin-host-logcat-proto:31.10.1) with InstrumentationAnalysisTransform
Transforming android-test-plugin-host-apk-installer-proto-31.10.1.jar (com.android.tools.utp:android-test-plugin-host-apk-installer-proto:31.10.1) with InstrumentationAnalysisTransform
Transforming android-test-plugin-result-listener-gradle-proto-31.10.1.jar (com.android.tools.utp:android-test-plugin-result-listener-gradle-proto:31.10.1) with InstrumentationAnalysisTransform
Transforming transform-api-2.0.0-deprecated-use-gradle-api.jar (com.android.tools.build:transform-api:2.0.0-deprecated-use-gradle-api) with InstrumentationAnalysisTransform
Transforming httpmime-4.5.6.jar (org.apache.httpcomponents:httpmime:4.5.6) with InstrumentationAnalysisTransform
Transforming openapi-generator-gradle-plugin-7.5.0.jar (org.openapitools:openapi-generator-gradle-plugin:7.5.0) with InstrumentationAnalysisTransform
Transforming openapi-generator-7.5.0.jar (org.openapitools:openapi-generator:7.5.0) with InstrumentationAnalysisTransform
Transforming swagger-parser-2.1.19.jar (io.swagger.parser.v3:swagger-parser:2.1.19) with InstrumentationAnalysisTransform
Transforming swagger-parser-v2-converter-2.1.19.jar (io.swagger.parser.v3:swagger-parser-v2-converter:2.1.19) with InstrumentationAnalysisTransform
Transforming swagger-parser-v3-2.1.19.jar (io.swagger.parser.v3:swagger-parser-v3:2.1.19) with InstrumentationAnalysisTransform
Transforming swagger-compat-spec-parser-1.0.68.jar (io.swagger:swagger-compat-spec-parser:1.0.68) with InstrumentationAnalysisTransform
Transforming swagger-parser-1.0.68.jar (io.swagger:swagger-parser:1.0.68) with InstrumentationAnalysisTransform
Transforming swagger-parser-safe-url-resolver-2.1.19.jar (io.swagger.parser.v3:swagger-parser-safe-url-resolver:2.1.19) with InstrumentationAnalysisTransform
Transforming commons-io-2.16.1.jar (commons-io:commons-io:2.16.1) with InstrumentationAnalysisTransform
Transforming asm-commons-9.7.1.jar (org.ow2.asm:asm-commons:9.7.1) with InstrumentationAnalysisTransform
Transforming asm-util-9.7.1.jar (org.ow2.asm:asm-util:9.7.1) with InstrumentationAnalysisTransform
Transforming asm-analysis-9.7.1.jar (org.ow2.asm:asm-analysis:9.7.1) with InstrumentationAnalysisTransform
Transforming asm-tree-9.7.1.jar (org.ow2.asm:asm-tree:9.7.1) with InstrumentationAnalysisTransform
Transforming asm-9.7.1.jar (org.ow2.asm:asm:9.7.1) with InstrumentationAnalysisTransform
Transforming apkzlib-8.10.1.jar (com.android.tools.build:apkzlib:8.10.1) with InstrumentationAnalysisTransform
Transforming bcpkix-jdk18on-1.79.jar (org.bouncycastle:bcpkix-jdk18on:1.79) with InstrumentationAnalysisTransform
Transforming jaxb-runtime-2.3.2.jar (org.glassfish.jaxb:jaxb-runtime:2.3.2) with InstrumentationAnalysisTransform
Transforming json-schema-validator-2.2.14.jar (com.github.java-json-tools:json-schema-validator:2.2.14) with InstrumentationAnalysisTransform
Transforming jopt-simple-5.0.4.jar (net.sf.jopt-simple:jopt-simple:5.0.4) with InstrumentationAnalysisTransform
Transforming javapoet-1.13.0.jar (com.squareup:javapoet:1.13.0) with InstrumentationAnalysisTransform
Transforming protobuf-java-util-3.25.5.jar (com.google.protobuf:protobuf-java-util:3.25.5) with InstrumentationAnalysisTransform
Transforming grpc-protobuf-1.69.1.jar (io.grpc:grpc-protobuf:1.69.1) with InstrumentationAnalysisTransform
Transforming tink-1.7.0.jar (com.google.crypto.tink:tink:1.7.0) with InstrumentationAnalysisTransform
Transforming core-proto-0.0.9-alpha03.jar (com.google.testing.platform:core-proto:0.0.9-alpha03) with InstrumentationAnalysisTransform
Transforming protos-31.10.1.jar (com.android.tools.analytics-library:protos:31.10.1) with InstrumentationAnalysisTransform
Transforming proto-google-common-protos-2.48.0.jar (com.google.api.grpc:proto-google-common-protos:2.48.0) with InstrumentationAnalysisTransform
Transforming protobuf-java-3.25.5.jar (com.google.protobuf:protobuf-java:3.25.5) with InstrumentationAnalysisTransform
Transforming grpc-netty-1.69.1.jar (io.grpc:grpc-netty:1.69.1) with InstrumentationAnalysisTransform
Transforming grpc-inprocess-1.69.1.jar (io.grpc:grpc-inprocess:1.69.1) with InstrumentationAnalysisTransform
Transforming grpc-util-1.69.1.jar (io.grpc:grpc-util:1.69.1) with InstrumentationAnalysisTransform
Transforming grpc-core-1.69.1.jar (io.grpc:grpc-core:1.69.1) with InstrumentationAnalysisTransform
Transforming kotlin-build-statistics-2.1.21.jar (org.jetbrains.kotlin:kotlin-build-statistics:2.1.21) with InstrumentationAnalysisTransform
Transforming gson-2.11.0.jar (com.google.code.gson:gson:2.11.0) with InstrumentationAnalysisTransform
Transforming grpc-stub-1.69.1.jar (io.grpc:grpc-stub:1.69.1) with InstrumentationAnalysisTransform
Transforming tensorflow-lite-metadata-0.2.0.jar (org.tensorflow:tensorflow-lite-metadata:0.2.0) with InstrumentationAnalysisTransform
Transforming flatbuffers-java-1.12.0.jar (com.google.flatbuffers:flatbuffers-java:1.12.0) with InstrumentationAnalysisTransform
Transforming kotlin-gradle-plugin-idea-proto-2.1.21.jar (org.jetbrains.kotlin:kotlin-gradle-plugin-idea-proto:2.1.21) with InstrumentationAnalysisTransform
Transforming kotlin-gradle-plugin-idea-2.1.21.jar (org.jetbrains.kotlin:kotlin-gradle-plugin-idea:2.1.21) with InstrumentationAnalysisTransform
Transforming kotlin-klib-commonizer-api-2.1.21.jar (org.jetbrains.kotlin:kotlin-klib-commonizer-api:2.1.21) with InstrumentationAnalysisTransform
Transforming kotlin-util-klib-metadata-2.1.21.jar (org.jetbrains.kotlin:kotlin-util-klib-metadata:2.1.21) with InstrumentationAnalysisTransform
Transforming kotlin-compiler-runner-2.1.21.jar (org.jetbrains.kotlin:kotlin-compiler-runner:2.1.21) with InstrumentationAnalysisTransform
Transforming jimfs-1.1.jar (com.google.jimfs:jimfs:1.1) with InstrumentationAnalysisTransform
Transforming grpc-context-1.69.1.jar (io.grpc:grpc-context:1.69.1) with InstrumentationAnalysisTransform
Transforming grpc-protobuf-lite-1.69.1.jar (io.grpc:grpc-protobuf-lite:1.69.1) with InstrumentationAnalysisTransform
Transforming grpc-api-1.69.1.jar (io.grpc:grpc-api:1.69.1) with InstrumentationAnalysisTransform
Transforming handlebars-jackson2-4.3.1.jar (com.github.jknack:handlebars-jackson2:4.3.1) with InstrumentationAnalysisTransform
Transforming jackson-datatype-joda-2.15.3.jar (com.fasterxml.jackson.datatype:jackson-datatype-joda:2.15.3) with InstrumentationAnalysisTransform
Transforming jackson-datatype-threetenbp-2.15.2.jar (com.github.joschi.jackson:jackson-datatype-threetenbp:2.15.2) with InstrumentationAnalysisTransform
Transforming swagger-core-2.2.19.jar (io.swagger.core.v3:swagger-core:2.2.19) with InstrumentationAnalysisTransform
Transforming swagger-core-1.6.12.jar (io.swagger:swagger-core:1.6.12) with InstrumentationAnalysisTransform
Transforming jackson-dataformat-yaml-2.15.3.jar (com.fasterxml.jackson.dataformat:jackson-dataformat-yaml:2.15.3) with InstrumentationAnalysisTransform
Transforming json-patch-1.13.jar (com.github.java-json-tools:json-patch:1.13) with InstrumentationAnalysisTransform
Transforming jackson-datatype-jsr310-2.15.3.jar (com.fasterxml.jackson.datatype:jackson-datatype-jsr310:2.15.3) with InstrumentationAnalysisTransform
Transforming json-schema-core-1.2.14.jar (com.github.java-json-tools:json-schema-core:1.2.14) with InstrumentationAnalysisTransform
Transforming jackson-coreutils-equivalence-1.0.jar (com.github.java-json-tools:jackson-coreutils-equivalence:1.0) with InstrumentationAnalysisTransform
Transforming jackson-coreutils-2.0.jar (com.github.java-json-tools:jackson-coreutils:2.0) with InstrumentationAnalysisTransform
Transforming jackson-databind-2.15.3.jar (com.fasterxml.jackson.core:jackson-databind:2.15.3) with InstrumentationAnalysisTransform
Transforming jackson-core-2.15.3.jar (com.fasterxml.jackson.core:jackson-core:2.15.3) with InstrumentationAnalysisTransform
Transforming swagger-parser-core-2.1.19.jar (io.swagger.parser.v3:swagger-parser-core:2.1.19) with InstrumentationAnalysisTransform
Transforming swagger-models-2.2.19.jar (io.swagger.core.v3:swagger-models:2.2.19) with InstrumentationAnalysisTransform
Transforming swagger-models-1.6.12.jar (io.swagger:swagger-models:1.6.12) with InstrumentationAnalysisTransform
Transforming jackson-annotations-2.15.3.jar (com.fasterxml.jackson.core:jackson-annotations:2.15.3) with InstrumentationAnalysisTransform
Transforming jackson-datatype-guava-2.15.3.jar (com.fasterxml.jackson.datatype:jackson-datatype-guava:2.15.3) with InstrumentationAnalysisTransform
Transforming openapi-generator-core-7.5.0.jar (org.openapitools:openapi-generator-core:7.5.0) with InstrumentationAnalysisTransform
Transforming uri-template-0.10.jar (com.github.java-json-tools:uri-template:0.10) with InstrumentationAnalysisTransform
Transforming guava-33.3.1-jre.jar (com.google.guava:guava:33.3.1-jre) with InstrumentationAnalysisTransform
Transforming firebase-crashlytics-buildtools-3.0.4.jar (com.google.firebase:firebase-crashlytics-buildtools:3.0.4) with InstrumentationAnalysisTransform
Transforming dagger-2.28.3.jar (com.google.dagger:dagger:2.28.3) with InstrumentationAnalysisTransform
Transforming javax.inject-1.jar (javax.inject:javax.inject:1) with InstrumentationAnalysisTransform
Transforming kxml2-2.3.0.jar (net.sf.kxml:kxml2:2.3.0) with InstrumentationAnalysisTransform
Transforming commons-compress-1.21.jar (org.apache.commons:commons-compress:1.21) with InstrumentationAnalysisTransform
Transforming bcutil-jdk18on-1.79.jar (org.bouncycastle:bcutil-jdk18on:1.79) with InstrumentationAnalysisTransform
Transforming bcprov-jdk18on-1.79.jar (org.bouncycastle:bcprov-jdk18on:1.79) with InstrumentationAnalysisTransform
Transforming httpclient-4.5.14.jar (org.apache.httpcomponents:httpclient:4.5.14) with InstrumentationAnalysisTransform
Transforming httpcore-4.4.16.jar (org.apache.httpcomponents:httpcore:4.4.16) with InstrumentationAnalysisTransform
Transforming javax.activation-1.2.0.jar (com.sun.activation:javax.activation:1.2.0) with InstrumentationAnalysisTransform
Transforming signflinger-8.10.1.jar (com.android:signflinger:8.10.1) with InstrumentationAnalysisTransform
Transforming zipflinger-8.10.1.jar (com.android:zipflinger:8.10.1) with InstrumentationAnalysisTransform
Transforming annotations-31.10.1.jar (com.android.tools:annotations:31.10.1) with InstrumentationAnalysisTransform
Transforming jna-platform-5.6.0.jar (net.java.dev.jna:jna-platform:5.6.0) with InstrumentationAnalysisTransform
Transforming juniversalchardet-1.0.3.jar (com.googlecode.juniversalchardet:juniversalchardet:1.0.3) with InstrumentationAnalysisTransform
Transforming javax.annotation-api-1.3.2.jar (javax.annotation:javax.annotation-api:1.3.2) with InstrumentationAnalysisTransform
Transforming stax-ex-1.8.1.jar (org.jvnet.staxex:stax-ex:1.8.1) with InstrumentationAnalysisTransform
Transforming jakarta.xml.bind-api-2.3.3.jar (jakarta.xml.bind:jakarta.xml.bind-api:2.3.3) with InstrumentationAnalysisTransform
Transforming txw2-2.3.2.jar (org.glassfish.jaxb:txw2:2.3.2) with InstrumentationAnalysisTransform
Transforming istack-commons-runtime-3.0.8.jar (com.sun.istack:istack-commons-runtime:3.0.8) with InstrumentationAnalysisTransform
Transforming FastInfoset-1.2.16.jar (com.sun.xml.fastinfoset:FastInfoset:1.2.16) with InstrumentationAnalysisTransform
Transforming jakarta.activation-api-1.2.2.jar (jakarta.activation:jakarta.activation-api:1.2.2) with InstrumentationAnalysisTransform
Transforming auto-value-annotations-1.6.2.jar (com.google.auto.value:auto-value-annotations:1.6.2) with InstrumentationAnalysisTransform
Transforming caffeine-2.9.3.jar (com.github.ben-manes.caffeine:caffeine:2.9.3) with InstrumentationAnalysisTransform
Transforming error_prone_annotations-2.30.0.jar (com.google.errorprone:error_prone_annotations:2.30.0) with InstrumentationAnalysisTransform
Transforming jose4j-0.9.5.jar (org.bitbucket.b_c:jose4j:0.9.5) with InstrumentationAnalysisTransform
Transforming handlebars-4.3.1.jar (com.github.jknack:handlebars:4.3.1) with InstrumentationAnalysisTransform
Transforming slf4j-ext-1.7.36.jar (org.slf4j:slf4j-ext:1.7.36) with InstrumentationAnalysisTransform
Transforming slf4j-simple-1.7.36.jar (org.slf4j:slf4j-simple:1.7.36) with InstrumentationAnalysisTransform
Transforming slf4j-api-2.0.9.jar (org.slf4j:slf4j-api:2.0.9) with InstrumentationAnalysisTransform
Transforming jdom2-2.0.6.jar (org.jdom:jdom2:2.0.6) with InstrumentationAnalysisTransform
Transforming msg-simple-1.2.jar (com.github.java-json-tools:msg-simple:1.2) with InstrumentationAnalysisTransform
Transforming btf-1.3.jar (com.github.java-json-tools:btf:1.3) with InstrumentationAnalysisTransform
Transforming jsr305-3.0.2.jar (com.google.code.findbugs:jsr305:3.0.2) with InstrumentationAnalysisTransform
Transforming j2objc-annotations-3.0.0.jar (com.google.j2objc:j2objc-annotations:3.0.0) with InstrumentationAnalysisTransform
Transforming annotations-4.1.1.4.jar (com.google.android:annotations:4.1.1.4) with InstrumentationAnalysisTransform
Transforming animal-sniffer-annotations-1.24.jar (org.codehaus.mojo:animal-sniffer-annotations:1.24) with InstrumentationAnalysisTransform
Transforming perfmark-api-0.27.0.jar (io.perfmark:perfmark-api:0.27.0) with InstrumentationAnalysisTransform
Transforming netty-codec-http2-4.1.110.Final.jar (io.netty:netty-codec-http2:4.1.110.Final) with InstrumentationAnalysisTransform
Transforming netty-handler-proxy-4.1.110.Final.jar (io.netty:netty-handler-proxy:4.1.110.Final) with InstrumentationAnalysisTransform
Transforming netty-codec-http-4.1.110.Final.jar (io.netty:netty-codec-http:4.1.110.Final) with InstrumentationAnalysisTransform
Transforming netty-handler-4.1.110.Final.jar (io.netty:netty-handler:4.1.110.Final) with InstrumentationAnalysisTransform
Transforming netty-transport-native-unix-common-4.1.110.Final.jar (io.netty:netty-transport-native-unix-common:4.1.110.Final) with InstrumentationAnalysisTransform
Transforming checker-qual-3.43.0.jar (org.checkerframework:checker-qual:3.43.0) with InstrumentationAnalysisTransform
Transforming apksig-8.10.1.jar (com.android.tools.build:apksig:8.10.1) with InstrumentationAnalysisTransform
Transforming javawriter-2.5.0.jar (com.squareup:javawriter:2.5.0) with InstrumentationAnalysisTransform
Transforming kotlin-gradle-plugin-annotations-2.1.21.jar (org.jetbrains.kotlin:kotlin-gradle-plugin-annotations:2.1.21) with InstrumentationAnalysisTransform
Transforming kotlin-native-utils-2.1.21.jar (org.jetbrains.kotlin:kotlin-native-utils:2.1.21) with InstrumentationAnalysisTransform
Transforming kotlin-tooling-core-2.1.21.jar (org.jetbrains.kotlin:kotlin-tooling-core:2.1.21) with InstrumentationAnalysisTransform
Transforming kotlin-build-tools-api-2.1.21.jar (org.jetbrains.kotlin:kotlin-build-tools-api:2.1.21) with InstrumentationAnalysisTransform
Transforming kotlin-util-klib-2.1.21.jar (org.jetbrains.kotlin:kotlin-util-klib:2.1.21) with InstrumentationAnalysisTransform
Transforming kotlin-util-io-2.1.21.jar (org.jetbrains.kotlin:kotlin-util-io:2.1.21) with InstrumentationAnalysisTransform
Transforming kotlin-daemon-client-2.1.21.jar (org.jetbrains.kotlin:kotlin-daemon-client:2.1.21) with InstrumentationAnalysisTransform
Transforming kotlinx-coroutines-core-jvm-1.8.0.jar (org.jetbrains.kotlinx:kotlinx-coroutines-core-jvm:1.8.0) with InstrumentationAnalysisTransform
Transforming xmlpull-1.1.3.1.jar (xmlpull:xmlpull:1.1.3.1) with InstrumentationAnalysisTransform
Transforming xpp3-1.1.4c.jar (xpp3:xpp3:1.1.4c) with InstrumentationAnalysisTransform
Transforming failureaccess-1.0.2.jar (com.google.guava:failureaccess:1.0.2) with InstrumentationAnalysisTransform
Transforming listenablefuture-9999.0-empty-to-avoid-conflict-with-guava.jar (com.google.guava:listenablefuture:9999.0-empty-to-avoid-conflict-with-guava) with InstrumentationAnalysisTransform
Transforming commons-logging-1.2.jar (commons-logging:commons-logging:1.2) with InstrumentationAnalysisTransform
Transforming commons-codec-1.11.jar (commons-codec:commons-codec:1.11) with InstrumentationAnalysisTransform
Transforming jna-5.12.1.jar (net.java.dev.jna:jna:5.12.1) with InstrumentationAnalysisTransform
Transforming netty-codec-socks-4.1.110.Final.jar (io.netty:netty-codec-socks:4.1.110.Final) with InstrumentationAnalysisTransform
Transforming netty-codec-4.1.110.Final.jar (io.netty:netty-codec:4.1.110.Final) with InstrumentationAnalysisTransform
Transforming netty-transport-4.1.110.Final.jar (io.netty:netty-transport:4.1.110.Final) with InstrumentationAnalysisTransform
Transforming netty-buffer-4.1.110.Final.jar (io.netty:netty-buffer:4.1.110.Final) with InstrumentationAnalysisTransform
Transforming netty-resolver-4.1.110.Final.jar (io.netty:netty-resolver:4.1.110.Final) with InstrumentationAnalysisTransform
Transforming netty-common-4.1.110.Final.jar (io.netty:netty-common:4.1.110.Final) with InstrumentationAnalysisTransform
Transforming jmustache-1.15.jar (com.samskivert:jmustache:1.15) with InstrumentationAnalysisTransform
Transforming commons-text-1.10.0.jar (org.apache.commons:commons-text:1.10.0) with InstrumentationAnalysisTransform
Transforming commons-lang3-3.13.0.jar (org.apache.commons:commons-lang3:3.13.0) with InstrumentationAnalysisTransform
Transforming commons-cli-1.5.0.jar (commons-cli:commons-cli:1.5.0) with InstrumentationAnalysisTransform
Transforming commonmark-0.21.0.jar (org.commonmark:commonmark:0.21.0) with InstrumentationAnalysisTransform
Transforming generex-1.0.2.jar (com.github.mifmif:generex:1.0.2) with InstrumentationAnalysisTransform
Transforming rgxgen-1.4.jar (com.github.curious-odd-man:rgxgen:1.4) with InstrumentationAnalysisTransform
Transforming lombok-1.18.30.jar (org.projectlombok:lombok:1.18.30) with InstrumentationAnalysisTransform
Transforming snakeyaml-2.2.jar (org.yaml:snakeyaml:2.2) with InstrumentationAnalysisTransform
Transforming automaton-1.11-8.jar (dk.brics.automaton:automaton:1.11-8) with InstrumentationAnalysisTransform
Transforming joda-time-2.10.14.jar (joda-time:joda-time:2.10.14) with InstrumentationAnalysisTransform
Transforming threetenbp-1.6.8.jar (org.threeten:threetenbp:1.6.8) with InstrumentationAnalysisTransform
Transforming swagger-annotations-2.2.19.jar (io.swagger.core.v3:swagger-annotations:2.2.19) with InstrumentationAnalysisTransform
Transforming jakarta.validation-api-2.0.2.jar (jakarta.validation:jakarta.validation-api:2.0.2) with InstrumentationAnalysisTransform
Transforming swagger-annotations-1.6.12.jar (io.swagger:swagger-annotations:1.6.12) with InstrumentationAnalysisTransform
Transforming validation-api-1.1.0.Final.jar (javax.validation:validation-api:1.1.0.Final) with InstrumentationAnalysisTransform
Transforming libphonenumber-8.11.1.jar (com.googlecode.libphonenumber:libphonenumber:8.11.1) with InstrumentationAnalysisTransform
Transforming rhino-1.7.7.2.jar (org.mozilla:rhino:1.7.7.2) with InstrumentationAnalysisTransform
Transforming gradle-8.10.1.jar (com.android.tools.build:gradle:8.10.1) with InstrumentationAnalysisTransform
Transforming gradle-8.10.1.jar (com.android.tools.build:gradle:8.10.1) with MergeInstrumentationAnalysisTransform
Transforming compose-compiler-gradle-plugin-2.1.21-gradle85.jar (org.jetbrains.kotlin:compose-compiler-gradle-plugin:2.1.21) with InstrumentationAnalysisTransform
Transforming compose-compiler-gradle-plugin-2.1.21-gradle85.jar (org.jetbrains.kotlin:compose-compiler-gradle-plugin:2.1.21) with MergeInstrumentationAnalysisTransform
Transforming kotlin-gradle-plugin-model-2.1.21.jar (org.jetbrains.kotlin:kotlin-gradle-plugin-model:2.1.21) with InstrumentationAnalysisTransform
Transforming kotlin-gradle-plugin-model-2.1.21.jar (org.jetbrains.kotlin:kotlin-gradle-plugin-model:2.1.21) with MergeInstrumentationAnalysisTransform
Transforming fus-statistics-gradle-plugin-2.1.21-gradle85.jar (org.jetbrains.kotlin:fus-statistics-gradle-plugin:2.1.21) with InstrumentationAnalysisTransform
Transforming fus-statistics-gradle-plugin-2.1.21-gradle85.jar (org.jetbrains.kotlin:fus-statistics-gradle-plugin:2.1.21) with MergeInstrumentationAnalysisTransform
Transforming kotlin-gradle-plugin-api-2.1.21.jar (org.jetbrains.kotlin:kotlin-gradle-plugin-api:2.1.21) with InstrumentationAnalysisTransform
Transforming kotlin-gradle-plugin-api-2.1.21.jar (org.jetbrains.kotlin:kotlin-gradle-plugin-api:2.1.21) with MergeInstrumentationAnalysisTransform
Transforming kotlin-gradle-plugin-api-2.1.21-gradle85.jar (org.jetbrains.kotlin:kotlin-gradle-plugin-api:2.1.21) with InstrumentationAnalysisTransform
Transforming kotlin-gradle-plugin-api-2.1.21-gradle85.jar (org.jetbrains.kotlin:kotlin-gradle-plugin-api:2.1.21) with MergeInstrumentationAnalysisTransform
Transforming kotlin-gradle-plugin-2.1.21-gradle85.jar (org.jetbrains.kotlin:kotlin-gradle-plugin:2.1.21) with InstrumentationAnalysisTransform
Transforming kotlin-gradle-plugin-2.1.21-gradle85.jar (org.jetbrains.kotlin:kotlin-gradle-plugin:2.1.21) with MergeInstrumentationAnalysisTransform
Transforming hilt-android-gradle-plugin-2.56.2.jar (com.google.dagger:hilt-android-gradle-plugin:2.56.2) with InstrumentationAnalysisTransform
Transforming hilt-android-gradle-plugin-2.56.2.jar (com.google.dagger:hilt-android-gradle-plugin:2.56.2) with MergeInstrumentationAnalysisTransform
Transforming compose-compiler-gradle-plugin-2.1.21-gradle85.jar (org.jetbrains.kotlin:compose-compiler-gradle-plugin:2.1.21) with ExternalDependencyInstrumentingArtifactTransform
Transforming gradle-8.10.1.jar (com.android.tools.build:gradle:8.10.1) with ExternalDependencyInstrumentingArtifactTransform
Transforming google-services-4.4.2.jar (com.google.gms:google-services:4.4.2) with InstrumentationAnalysisTransform
Transforming google-services-4.4.2.jar (com.google.gms:google-services:4.4.2) with MergeInstrumentationAnalysisTransform
Transforming kotlin-gradle-plugin-model-2.1.21.jar (org.jetbrains.kotlin:kotlin-gradle-plugin-model:2.1.21) with ExternalDependencyInstrumentingArtifactTransform
Transforming firebase-crashlytics-gradle-3.0.4.jar (com.google.firebase:firebase-crashlytics-gradle:3.0.4) with InstrumentationAnalysisTransform
Transforming fus-statistics-gradle-plugin-2.1.21-gradle85.jar (org.jetbrains.kotlin:fus-statistics-gradle-plugin:2.1.21) with ExternalDependencyInstrumentingArtifactTransform
Transforming firebase-crashlytics-gradle-3.0.4.jar (com.google.firebase:firebase-crashlytics-gradle:3.0.4) with MergeInstrumentationAnalysisTransform
Transforming perf-plugin-1.4.2.jar (com.google.firebase:perf-plugin:1.4.2) with InstrumentationAnalysisTransform
Transforming perf-plugin-1.4.2.jar (com.google.firebase:perf-plugin:1.4.2) with MergeInstrumentationAnalysisTransform
Transforming kotlin-gradle-plugin-api-2.1.21.jar (org.jetbrains.kotlin:kotlin-gradle-plugin-api:2.1.21) with ExternalDependencyInstrumentingArtifactTransform
Transforming kotlin-gradle-plugin-api-2.1.21-gradle85.jar (org.jetbrains.kotlin:kotlin-gradle-plugin-api:2.1.21) with ExternalDependencyInstrumentingArtifactTransform
Transforming navigation-safe-args-generator-2.9.0.jar (androidx.navigation:navigation-safe-args-generator:2.9.0) with InstrumentationAnalysisTransform
Transforming navigation-safe-args-generator-2.9.0.jar (androidx.navigation:navigation-safe-args-generator:2.9.0) with MergeInstrumentationAnalysisTransform
Transforming navigation-safe-args-gradle-plugin-2.9.0.jar (androidx.navigation:navigation-safe-args-gradle-plugin:2.9.0) with InstrumentationAnalysisTransform
Transforming navigation-safe-args-gradle-plugin-2.9.0.jar (androidx.navigation:navigation-safe-args-gradle-plugin:2.9.0) with MergeInstrumentationAnalysisTransform
Transforming gradle-settings-api-8.10.1.jar (com.android.tools.build:gradle-settings-api:8.10.1) with InstrumentationAnalysisTransform
Transforming gradle-settings-api-8.10.1.jar (com.android.tools.build:gradle-settings-api:8.10.1) with MergeInstrumentationAnalysisTransform
Transforming lint-model-31.10.1.jar (com.android.tools.lint:lint-model:31.10.1) with InstrumentationAnalysisTransform
Transforming lint-model-31.10.1.jar (com.android.tools.lint:lint-model:31.10.1) with MergeInstrumentationAnalysisTransform
Transforming hilt-android-gradle-plugin-2.56.2.jar (com.google.dagger:hilt-android-gradle-plugin:2.56.2) with ExternalDependencyInstrumentingArtifactTransform
Transforming builder-8.10.1.jar (com.android.tools.build:builder:8.10.1) with InstrumentationAnalysisTransform
Transforming builder-8.10.1.jar (com.android.tools.build:builder:8.10.1) with MergeInstrumentationAnalysisTransform
Transforming kotlin-gradle-plugin-2.1.21-gradle85.jar (org.jetbrains.kotlin:kotlin-gradle-plugin:2.1.21) with ExternalDependencyInstrumentingArtifactTransform
Transforming manifest-merger-31.10.1.jar (com.android.tools.build:manifest-merger:31.10.1) with InstrumentationAnalysisTransform
Transforming manifest-merger-31.10.1.jar (com.android.tools.build:manifest-merger:31.10.1) with MergeInstrumentationAnalysisTransform
Transforming sdk-common-31.10.1.jar (com.android.tools:sdk-common:31.10.1) with InstrumentationAnalysisTransform
Transforming sdk-common-31.10.1.jar (com.android.tools:sdk-common:31.10.1) with MergeInstrumentationAnalysisTransform
Transforming sdklib-31.10.1.jar (com.android.tools:sdklib:31.10.1) with InstrumentationAnalysisTransform
Transforming sdklib-31.10.1.jar (com.android.tools:sdklib:31.10.1) with MergeInstrumentationAnalysisTransform
Transforming repository-31.10.1.jar (com.android.tools:repository:31.10.1) with InstrumentationAnalysisTransform
Transforming repository-31.10.1.jar (com.android.tools:repository:31.10.1) with MergeInstrumentationAnalysisTransform
Transforming aaptcompiler-8.10.1.jar (com.android.tools.build:aaptcompiler:8.10.1) with InstrumentationAnalysisTransform
Transforming aaptcompiler-8.10.1.jar (com.android.tools.build:aaptcompiler:8.10.1) with MergeInstrumentationAnalysisTransform
Transforming tracker-31.10.1.jar (com.android.tools.analytics-library:tracker:31.10.1) with InstrumentationAnalysisTransform
Transforming google-services-4.4.2.jar (com.google.gms:google-services:4.4.2) with ExternalDependencyInstrumentingArtifactTransform
Transforming tracker-31.10.1.jar (com.android.tools.analytics-library:tracker:31.10.1) with MergeInstrumentationAnalysisTransform
Transforming shared-31.10.1.jar (com.android.tools.analytics-library:shared:31.10.1) with InstrumentationAnalysisTransform
Transforming shared-31.10.1.jar (com.android.tools.analytics-library:shared:31.10.1) with MergeInstrumentationAnalysisTransform
Transforming databinding-compiler-common-8.10.1.jar (androidx.databinding:databinding-compiler-common:8.10.1) with InstrumentationAnalysisTransform
Transforming databinding-compiler-common-8.10.1.jar (androidx.databinding:databinding-compiler-common:8.10.1) with MergeInstrumentationAnalysisTransform
Transforming android-test-plugin-host-emulator-control-proto-31.10.1.jar (com.android.tools.utp:android-test-plugin-host-emulator-control-proto:31.10.1) with InstrumentationAnalysisTransform
Transforming android-test-plugin-host-emulator-control-proto-31.10.1.jar (com.android.tools.utp:android-test-plugin-host-emulator-control-proto:31.10.1) with MergeInstrumentationAnalysisTransform
Transforming builder-model-8.10.1.jar (com.android.tools.build:builder-model:8.10.1) with InstrumentationAnalysisTransform
Transforming builder-model-8.10.1.jar (com.android.tools.build:builder-model:8.10.1) with MergeInstrumentationAnalysisTransform
Transforming gradle-api-8.10.1.jar (com.android.tools.build:gradle-api:8.10.1) with InstrumentationAnalysisTransform
Transforming gradle-api-8.10.1.jar (com.android.tools.build:gradle-api:8.10.1) with MergeInstrumentationAnalysisTransform
Transforming strict-version-matcher-plugin-1.2.4.jar (com.google.android.gms:strict-version-matcher-plugin:1.2.4) with InstrumentationAnalysisTransform
Transforming strict-version-matcher-plugin-1.2.4.jar (com.google.android.gms:strict-version-matcher-plugin:1.2.4) with MergeInstrumentationAnalysisTransform
Transforming secrets-gradle-plugin-2.0.1.jar (com.google.android.libraries.mapsplatform.secrets-gradle-plugin:secrets-gradle-plugin:2.0.1) with InstrumentationAnalysisTransform
Transforming secrets-gradle-plugin-2.0.1.jar (com.google.android.libraries.mapsplatform.secrets-gradle-plugin:secrets-gradle-plugin:2.0.1) with MergeInstrumentationAnalysisTransform
Transforming builder-test-api-8.10.1.jar (com.android.tools.build:builder-test-api:8.10.1) with InstrumentationAnalysisTransform
Transforming builder-test-api-8.10.1.jar (com.android.tools.build:builder-test-api:8.10.1) with MergeInstrumentationAnalysisTransform
Transforming ddmlib-31.10.1.jar (com.android.tools.ddms:ddmlib:31.10.1) with InstrumentationAnalysisTransform
Transforming ddmlib-31.10.1.jar (com.android.tools.ddms:ddmlib:31.10.1) with MergeInstrumentationAnalysisTransform
Transforming layoutlib-api-31.10.1.jar (com.android.tools.layoutlib:layoutlib-api:31.10.1) with InstrumentationAnalysisTransform
Transforming layoutlib-api-31.10.1.jar (com.android.tools.layoutlib:layoutlib-api:31.10.1) with MergeInstrumentationAnalysisTransform
Transforming dvlib-31.10.1.jar (com.android.tools:dvlib:31.10.1) with InstrumentationAnalysisTransform
Transforming dvlib-31.10.1.jar (com.android.tools:dvlib:31.10.1) with MergeInstrumentationAnalysisTransform
Transforming common-31.10.1.jar (com.android.tools:common:31.10.1) with InstrumentationAnalysisTransform
Transforming firebase-crashlytics-gradle-3.0.4.jar (com.google.firebase:firebase-crashlytics-gradle:3.0.4) with ExternalDependencyInstrumentingArtifactTransform
Transforming common-31.10.1.jar (com.android.tools:common:31.10.1) with MergeInstrumentationAnalysisTransform
Transforming kotlin-stdlib-jdk8-2.1.0.jar (org.jetbrains.kotlin:kotlin-stdlib-jdk8:2.1.0) with InstrumentationAnalysisTransform
Transforming kotlin-stdlib-jdk8-2.1.0.jar (org.jetbrains.kotlin:kotlin-stdlib-jdk8:2.1.0) with MergeInstrumentationAnalysisTransform
Transforming jetifier-processor-1.0.0-beta10.jar (com.android.tools.build.jetifier:jetifier-processor:1.0.0-beta10) with InstrumentationAnalysisTransform
Transforming jetifier-processor-1.0.0-beta10.jar (com.android.tools.build.jetifier:jetifier-processor:1.0.0-beta10) with MergeInstrumentationAnalysisTransform
Transforming jetifier-core-1.0.0-beta10.jar (com.android.tools.build.jetifier:jetifier-core:1.0.0-beta10) with InstrumentationAnalysisTransform
Transforming jetifier-core-1.0.0-beta10.jar (com.android.tools.build.jetifier:jetifier-core:1.0.0-beta10) with MergeInstrumentationAnalysisTransform
Transforming kotlinpoet-jvm-2.0.0.jar (com.squareup:kotlinpoet-jvm:2.0.0) with InstrumentationAnalysisTransform
Transforming kotlinpoet-jvm-2.0.0.jar (com.squareup:kotlinpoet-jvm:2.0.0) with MergeInstrumentationAnalysisTransform
Transforming kotlin-reflect-2.0.20.jar (org.jetbrains.kotlin:kotlin-reflect:2.0.20) with InstrumentationAnalysisTransform
Transforming kotlin-reflect-2.0.20.jar (org.jetbrains.kotlin:kotlin-reflect:2.0.20) with MergeInstrumentationAnalysisTransform
Transforming kotlin-stdlib-jdk7-2.1.0.jar (org.jetbrains.kotlin:kotlin-stdlib-jdk7:2.1.0) with InstrumentationAnalysisTransform
Transforming kotlin-stdlib-jdk7-2.1.0.jar (org.jetbrains.kotlin:kotlin-stdlib-jdk7:2.1.0) with MergeInstrumentationAnalysisTransform
Transforming symbol-processing-gradle-plugin-2.1.21-2.0.1.jar (com.google.devtools.ksp:symbol-processing-gradle-plugin:2.1.21-2.0.1) with InstrumentationAnalysisTransform
Transforming symbol-processing-gradle-plugin-2.1.21-2.0.1.jar (com.google.devtools.ksp:symbol-processing-gradle-plugin:2.1.21-2.0.1) with MergeInstrumentationAnalysisTransform
Transforming symbol-processing-api-2.1.21-2.0.1.jar (com.google.devtools.ksp:symbol-processing-api:2.1.21-2.0.1) with InstrumentationAnalysisTransform
Transforming symbol-processing-api-2.1.21-2.0.1.jar (com.google.devtools.ksp:symbol-processing-api:2.1.21-2.0.1) with MergeInstrumentationAnalysisTransform
Transforming symbol-processing-common-deps-2.1.21-2.0.1.jar (com.google.devtools.ksp:symbol-processing-common-deps:2.1.21-2.0.1) with InstrumentationAnalysisTransform
Transforming symbol-processing-common-deps-2.1.21-2.0.1.jar (com.google.devtools.ksp:symbol-processing-common-deps:2.1.21-2.0.1) with MergeInstrumentationAnalysisTransform
Transforming annotation-jvm-1.9.1.jar (androidx.annotation:annotation-jvm:1.9.1) with InstrumentationAnalysisTransform
Transforming annotation-jvm-1.9.1.jar (androidx.annotation:annotation-jvm:1.9.1) with MergeInstrumentationAnalysisTransform
Transforming kotlin-stdlib-2.0.20.jar (org.jetbrains.kotlin:kotlin-stdlib:2.0.20) with InstrumentationAnalysisTransform
Transforming kotlin-stdlib-2.0.20.jar (org.jetbrains.kotlin:kotlin-stdlib:2.0.20) with MergeInstrumentationAnalysisTransform
Transforming annotations-13.0.jar (org.jetbrains:annotations:13.0) with InstrumentationAnalysisTransform
Transforming annotations-13.0.jar (org.jetbrains:annotations:13.0) with MergeInstrumentationAnalysisTransform
Transforming bundletool-1.18.0.jar (com.android.tools.build:bundletool:1.18.0) with InstrumentationAnalysisTransform
Transforming bundletool-1.18.0.jar (com.android.tools.build:bundletool:1.18.0) with MergeInstrumentationAnalysisTransform
Transforming aapt2-proto-8.10.1-12782657.jar (com.android.tools.build:aapt2-proto:8.10.1-12782657) with InstrumentationAnalysisTransform
Transforming aapt2-proto-8.10.1-12782657.jar (com.android.tools.build:aapt2-proto:8.10.1-12782657) with MergeInstrumentationAnalysisTransform
Transforming crash-31.10.1.jar (com.android.tools.analytics-library:crash:31.10.1) with InstrumentationAnalysisTransform
Transforming crash-31.10.1.jar (com.android.tools.analytics-library:crash:31.10.1) with MergeInstrumentationAnalysisTransform
Transforming lint-typedef-remover-31.10.1.jar (com.android.tools.lint:lint-typedef-remover:31.10.1) with InstrumentationAnalysisTransform
Transforming lint-typedef-remover-31.10.1.jar (com.android.tools.lint:lint-typedef-remover:31.10.1) with MergeInstrumentationAnalysisTransform
Transforming databinding-common-8.10.1.jar (androidx.databinding:databinding-common:8.10.1) with InstrumentationAnalysisTransform
Transforming databinding-common-8.10.1.jar (androidx.databinding:databinding-common:8.10.1) with MergeInstrumentationAnalysisTransform
Transforming baseLibrary-8.10.1.jar (com.android.databinding:baseLibrary:8.10.1) with InstrumentationAnalysisTransform
Transforming baseLibrary-8.10.1.jar (com.android.databinding:baseLibrary:8.10.1) with MergeInstrumentationAnalysisTransform
Transforming android-device-provider-ddmlib-proto-31.10.1.jar (com.android.tools.utp:android-device-provider-ddmlib-proto:31.10.1) with InstrumentationAnalysisTransform
Transforming android-device-provider-ddmlib-proto-31.10.1.jar (com.android.tools.utp:android-device-provider-ddmlib-proto:31.10.1) with MergeInstrumentationAnalysisTransform
Transforming android-device-provider-gradle-proto-31.10.1.jar (com.android.tools.utp:android-device-provider-gradle-proto:31.10.1) with InstrumentationAnalysisTransform
Transforming android-device-provider-gradle-proto-31.10.1.jar (com.android.tools.utp:android-device-provider-gradle-proto:31.10.1) with MergeInstrumentationAnalysisTransform
Transforming navigation-safe-args-gradle-plugin-2.9.0.jar (androidx.navigation:navigation-safe-args-gradle-plugin:2.9.0) with ExternalDependencyInstrumentingArtifactTransform
Transforming android-device-provider-profile-proto-31.10.1.jar (com.android.tools.utp:android-device-provider-profile-proto:31.10.1) with InstrumentationAnalysisTransform
Transforming android-device-provider-profile-proto-31.10.1.jar (com.android.tools.utp:android-device-provider-profile-proto:31.10.1) with MergeInstrumentationAnalysisTransform
Transforming android-test-plugin-host-additional-test-output-proto-31.10.1.jar (com.android.tools.utp:android-test-plugin-host-additional-test-output-proto:31.10.1) with InstrumentationAnalysisTransform
Transforming android-test-plugin-host-additional-test-output-proto-31.10.1.jar (com.android.tools.utp:android-test-plugin-host-additional-test-output-proto:31.10.1) with MergeInstrumentationAnalysisTransform
Transforming android-test-plugin-host-coverage-proto-31.10.1.jar (com.android.tools.utp:android-test-plugin-host-coverage-proto:31.10.1) with InstrumentationAnalysisTransform
Transforming android-test-plugin-host-coverage-proto-31.10.1.jar (com.android.tools.utp:android-test-plugin-host-coverage-proto:31.10.1) with MergeInstrumentationAnalysisTransform
Transforming android-test-plugin-host-logcat-proto-31.10.1.jar (com.android.tools.utp:android-test-plugin-host-logcat-proto:31.10.1) with InstrumentationAnalysisTransform
Transforming android-test-plugin-host-logcat-proto-31.10.1.jar (com.android.tools.utp:android-test-plugin-host-logcat-proto:31.10.1) with MergeInstrumentationAnalysisTransform
Transforming android-test-plugin-host-apk-installer-proto-31.10.1.jar (com.android.tools.utp:android-test-plugin-host-apk-installer-proto:31.10.1) with InstrumentationAnalysisTransform
Transforming android-test-plugin-host-apk-installer-proto-31.10.1.jar (com.android.tools.utp:android-test-plugin-host-apk-installer-proto:31.10.1) with MergeInstrumentationAnalysisTransform
Transforming android-test-plugin-result-listener-gradle-proto-31.10.1.jar (com.android.tools.utp:android-test-plugin-result-listener-gradle-proto:31.10.1) with InstrumentationAnalysisTransform
Transforming android-test-plugin-result-listener-gradle-proto-31.10.1.jar (com.android.tools.utp:android-test-plugin-result-listener-gradle-proto:31.10.1) with MergeInstrumentationAnalysisTransform
Transforming transform-api-2.0.0-deprecated-use-gradle-api.jar (com.android.tools.build:transform-api:2.0.0-deprecated-use-gradle-api) with InstrumentationAnalysisTransform
Transforming perf-plugin-1.4.2.jar (com.google.firebase:perf-plugin:1.4.2) with ExternalDependencyInstrumentingArtifactTransform
Transforming transform-api-2.0.0-deprecated-use-gradle-api.jar (com.android.tools.build:transform-api:2.0.0-deprecated-use-gradle-api) with MergeInstrumentationAnalysisTransform
Transforming httpmime-4.5.6.jar (org.apache.httpcomponents:httpmime:4.5.6) with InstrumentationAnalysisTransform
Transforming httpmime-4.5.6.jar (org.apache.httpcomponents:httpmime:4.5.6) with MergeInstrumentationAnalysisTransform
Transforming openapi-generator-gradle-plugin-7.5.0.jar (org.openapitools:openapi-generator-gradle-plugin:7.5.0) with InstrumentationAnalysisTransform
Transforming openapi-generator-gradle-plugin-7.5.0.jar (org.openapitools:openapi-generator-gradle-plugin:7.5.0) with MergeInstrumentationAnalysisTransform
Transforming openapi-generator-7.5.0.jar (org.openapitools:openapi-generator:7.5.0) with InstrumentationAnalysisTransform
Transforming navigation-safe-args-generator-2.9.0.jar (androidx.navigation:navigation-safe-args-generator:2.9.0) with ExternalDependencyInstrumentingArtifactTransform
Transforming openapi-generator-7.5.0.jar (org.openapitools:openapi-generator:7.5.0) with MergeInstrumentationAnalysisTransform
Transforming swagger-parser-2.1.19.jar (io.swagger.parser.v3:swagger-parser:2.1.19) with InstrumentationAnalysisTransform
Transforming swagger-parser-2.1.19.jar (io.swagger.parser.v3:swagger-parser:2.1.19) with MergeInstrumentationAnalysisTransform
Transforming swagger-parser-v2-converter-2.1.19.jar (io.swagger.parser.v3:swagger-parser-v2-converter:2.1.19) with InstrumentationAnalysisTransform
Transforming swagger-parser-v2-converter-2.1.19.jar (io.swagger.parser.v3:swagger-parser-v2-converter:2.1.19) with MergeInstrumentationAnalysisTransform
Transforming swagger-parser-v3-2.1.19.jar (io.swagger.parser.v3:swagger-parser-v3:2.1.19) with InstrumentationAnalysisTransform
Transforming swagger-parser-v3-2.1.19.jar (io.swagger.parser.v3:swagger-parser-v3:2.1.19) with MergeInstrumentationAnalysisTransform
Transforming swagger-compat-spec-parser-1.0.68.jar (io.swagger:swagger-compat-spec-parser:1.0.68) with InstrumentationAnalysisTransform
Transforming swagger-compat-spec-parser-1.0.68.jar (io.swagger:swagger-compat-spec-parser:1.0.68) with MergeInstrumentationAnalysisTransform
Transforming swagger-parser-1.0.68.jar (io.swagger:swagger-parser:1.0.68) with InstrumentationAnalysisTransform
Transforming swagger-parser-1.0.68.jar (io.swagger:swagger-parser:1.0.68) with MergeInstrumentationAnalysisTransform
Transforming swagger-parser-safe-url-resolver-2.1.19.jar (io.swagger.parser.v3:swagger-parser-safe-url-resolver:2.1.19) with InstrumentationAnalysisTransform
Transforming swagger-parser-safe-url-resolver-2.1.19.jar (io.swagger.parser.v3:swagger-parser-safe-url-resolver:2.1.19) with MergeInstrumentationAnalysisTransform
Transforming commons-io-2.16.1.jar (commons-io:commons-io:2.16.1) with InstrumentationAnalysisTransform
Transforming commons-io-2.16.1.jar (commons-io:commons-io:2.16.1) with MergeInstrumentationAnalysisTransform
Transforming asm-commons-9.7.1.jar (org.ow2.asm:asm-commons:9.7.1) with InstrumentationAnalysisTransform
Transforming asm-commons-9.7.1.jar (org.ow2.asm:asm-commons:9.7.1) with MergeInstrumentationAnalysisTransform
Transforming asm-util-9.7.1.jar (org.ow2.asm:asm-util:9.7.1) with InstrumentationAnalysisTransform
Transforming asm-util-9.7.1.jar (org.ow2.asm:asm-util:9.7.1) with MergeInstrumentationAnalysisTransform
Transforming asm-analysis-9.7.1.jar (org.ow2.asm:asm-analysis:9.7.1) with InstrumentationAnalysisTransform
Transforming asm-analysis-9.7.1.jar (org.ow2.asm:asm-analysis:9.7.1) with MergeInstrumentationAnalysisTransform
Transforming asm-tree-9.7.1.jar (org.ow2.asm:asm-tree:9.7.1) with InstrumentationAnalysisTransform
Transforming asm-tree-9.7.1.jar (org.ow2.asm:asm-tree:9.7.1) with MergeInstrumentationAnalysisTransform
Transforming asm-9.7.1.jar (org.ow2.asm:asm:9.7.1) with InstrumentationAnalysisTransform
Transforming asm-9.7.1.jar (org.ow2.asm:asm:9.7.1) with MergeInstrumentationAnalysisTransform
Transforming apkzlib-8.10.1.jar (com.android.tools.build:apkzlib:8.10.1) with InstrumentationAnalysisTransform
Transforming apkzlib-8.10.1.jar (com.android.tools.build:apkzlib:8.10.1) with MergeInstrumentationAnalysisTransform
Transforming bcpkix-jdk18on-1.79.jar (org.bouncycastle:bcpkix-jdk18on:1.79) with InstrumentationAnalysisTransform
Transforming bcpkix-jdk18on-1.79.jar (org.bouncycastle:bcpkix-jdk18on:1.79) with MergeInstrumentationAnalysisTransform
Transforming jaxb-runtime-2.3.2.jar (org.glassfish.jaxb:jaxb-runtime:2.3.2) with InstrumentationAnalysisTransform
Transforming jaxb-runtime-2.3.2.jar (org.glassfish.jaxb:jaxb-runtime:2.3.2) with MergeInstrumentationAnalysisTransform
Transforming json-schema-validator-2.2.14.jar (com.github.java-json-tools:json-schema-validator:2.2.14) with InstrumentationAnalysisTransform
Transforming json-schema-validator-2.2.14.jar (com.github.java-json-tools:json-schema-validator:2.2.14) with MergeInstrumentationAnalysisTransform
Transforming jopt-simple-5.0.4.jar (net.sf.jopt-simple:jopt-simple:5.0.4) with InstrumentationAnalysisTransform
Transforming jopt-simple-5.0.4.jar (net.sf.jopt-simple:jopt-simple:5.0.4) with MergeInstrumentationAnalysisTransform
Transforming javapoet-1.13.0.jar (com.squareup:javapoet:1.13.0) with InstrumentationAnalysisTransform
Transforming javapoet-1.13.0.jar (com.squareup:javapoet:1.13.0) with MergeInstrumentationAnalysisTransform
Transforming protobuf-java-util-3.25.5.jar (com.google.protobuf:protobuf-java-util:3.25.5) with InstrumentationAnalysisTransform
Transforming protobuf-java-util-3.25.5.jar (com.google.protobuf:protobuf-java-util:3.25.5) with MergeInstrumentationAnalysisTransform
Transforming grpc-protobuf-1.69.1.jar (io.grpc:grpc-protobuf:1.69.1) with InstrumentationAnalysisTransform
Transforming builder-8.10.1.jar (com.android.tools.build:builder:8.10.1) with ExternalDependencyInstrumentingArtifactTransform
Transforming grpc-protobuf-1.69.1.jar (io.grpc:grpc-protobuf:1.69.1) with MergeInstrumentationAnalysisTransform
Transforming tink-1.7.0.jar (com.google.crypto.tink:tink:1.7.0) with InstrumentationAnalysisTransform
Transforming gradle-settings-api-8.10.1.jar (com.android.tools.build:gradle-settings-api:8.10.1) with ExternalDependencyInstrumentingArtifactTransform
Transforming tink-1.7.0.jar (com.google.crypto.tink:tink:1.7.0) with MergeInstrumentationAnalysisTransform
Transforming core-proto-0.0.9-alpha03.jar (com.google.testing.platform:core-proto:0.0.9-alpha03) with InstrumentationAnalysisTransform
Transforming core-proto-0.0.9-alpha03.jar (com.google.testing.platform:core-proto:0.0.9-alpha03) with MergeInstrumentationAnalysisTransform
Transforming protos-31.10.1.jar (com.android.tools.analytics-library:protos:31.10.1) with InstrumentationAnalysisTransform
Transforming protos-31.10.1.jar (com.android.tools.analytics-library:protos:31.10.1) with MergeInstrumentationAnalysisTransform
Transforming proto-google-common-protos-2.48.0.jar (com.google.api.grpc:proto-google-common-protos:2.48.0) with InstrumentationAnalysisTransform
Transforming proto-google-common-protos-2.48.0.jar (com.google.api.grpc:proto-google-common-protos:2.48.0) with MergeInstrumentationAnalysisTransform
Transforming protobuf-java-3.25.5.jar (com.google.protobuf:protobuf-java:3.25.5) with InstrumentationAnalysisTransform
Transforming lint-model-31.10.1.jar (com.android.tools.lint:lint-model:31.10.1) with ExternalDependencyInstrumentingArtifactTransform
Transforming protobuf-java-3.25.5.jar (com.google.protobuf:protobuf-java:3.25.5) with MergeInstrumentationAnalysisTransform
Transforming grpc-netty-1.69.1.jar (io.grpc:grpc-netty:1.69.1) with InstrumentationAnalysisTransform
Transforming grpc-netty-1.69.1.jar (io.grpc:grpc-netty:1.69.1) with MergeInstrumentationAnalysisTransform
Transforming grpc-inprocess-1.69.1.jar (io.grpc:grpc-inprocess:1.69.1) with InstrumentationAnalysisTransform
Transforming grpc-inprocess-1.69.1.jar (io.grpc:grpc-inprocess:1.69.1) with MergeInstrumentationAnalysisTransform
Transforming grpc-util-1.69.1.jar (io.grpc:grpc-util:1.69.1) with InstrumentationAnalysisTransform
Transforming sdklib-31.10.1.jar (com.android.tools:sdklib:31.10.1) with ExternalDependencyInstrumentingArtifactTransform
Transforming grpc-util-1.69.1.jar (io.grpc:grpc-util:1.69.1) with MergeInstrumentationAnalysisTransform
Transforming grpc-core-1.69.1.jar (io.grpc:grpc-core:1.69.1) with InstrumentationAnalysisTransform
Transforming grpc-core-1.69.1.jar (io.grpc:grpc-core:1.69.1) with MergeInstrumentationAnalysisTransform
Transforming kotlin-build-statistics-2.1.21.jar (org.jetbrains.kotlin:kotlin-build-statistics:2.1.21) with InstrumentationAnalysisTransform
Transforming kotlin-build-statistics-2.1.21.jar (org.jetbrains.kotlin:kotlin-build-statistics:2.1.21) with MergeInstrumentationAnalysisTransform
Transforming gson-2.11.0.jar (com.google.code.gson:gson:2.11.0) with InstrumentationAnalysisTransform
Transforming gson-2.11.0.jar (com.google.code.gson:gson:2.11.0) with MergeInstrumentationAnalysisTransform
Transforming grpc-stub-1.69.1.jar (io.grpc:grpc-stub:1.69.1) with InstrumentationAnalysisTransform
Transforming grpc-stub-1.69.1.jar (io.grpc:grpc-stub:1.69.1) with MergeInstrumentationAnalysisTransform
Transforming tensorflow-lite-metadata-0.2.0.jar (org.tensorflow:tensorflow-lite-metadata:0.2.0) with InstrumentationAnalysisTransform
Transforming tensorflow-lite-metadata-0.2.0.jar (org.tensorflow:tensorflow-lite-metadata:0.2.0) with MergeInstrumentationAnalysisTransform
Transforming flatbuffers-java-1.12.0.jar (com.google.flatbuffers:flatbuffers-java:1.12.0) with InstrumentationAnalysisTransform
Transforming flatbuffers-java-1.12.0.jar (com.google.flatbuffers:flatbuffers-java:1.12.0) with MergeInstrumentationAnalysisTransform
Transforming kotlin-gradle-plugin-idea-proto-2.1.21.jar (org.jetbrains.kotlin:kotlin-gradle-plugin-idea-proto:2.1.21) with InstrumentationAnalysisTransform
Transforming kotlin-gradle-plugin-idea-proto-2.1.21.jar (org.jetbrains.kotlin:kotlin-gradle-plugin-idea-proto:2.1.21) with MergeInstrumentationAnalysisTransform
Transforming sdk-common-31.10.1.jar (com.android.tools:sdk-common:31.10.1) with ExternalDependencyInstrumentingArtifactTransform
Transforming kotlin-gradle-plugin-idea-2.1.21.jar (org.jetbrains.kotlin:kotlin-gradle-plugin-idea:2.1.21) with InstrumentationAnalysisTransform
Transforming kotlin-gradle-plugin-idea-2.1.21.jar (org.jetbrains.kotlin:kotlin-gradle-plugin-idea:2.1.21) with MergeInstrumentationAnalysisTransform
Transforming kotlin-klib-commonizer-api-2.1.21.jar (org.jetbrains.kotlin:kotlin-klib-commonizer-api:2.1.21) with InstrumentationAnalysisTransform
Transforming kotlin-klib-commonizer-api-2.1.21.jar (org.jetbrains.kotlin:kotlin-klib-commonizer-api:2.1.21) with MergeInstrumentationAnalysisTransform
Transforming manifest-merger-31.10.1.jar (com.android.tools.build:manifest-merger:31.10.1) with ExternalDependencyInstrumentingArtifactTransform
Transforming kotlin-util-klib-metadata-2.1.21.jar (org.jetbrains.kotlin:kotlin-util-klib-metadata:2.1.21) with InstrumentationAnalysisTransform
Transforming kotlin-util-klib-metadata-2.1.21.jar (org.jetbrains.kotlin:kotlin-util-klib-metadata:2.1.21) with MergeInstrumentationAnalysisTransform
Transforming kotlin-compiler-runner-2.1.21.jar (org.jetbrains.kotlin:kotlin-compiler-runner:2.1.21) with InstrumentationAnalysisTransform
Transforming kotlin-compiler-runner-2.1.21.jar (org.jetbrains.kotlin:kotlin-compiler-runner:2.1.21) with MergeInstrumentationAnalysisTransform
Transforming jimfs-1.1.jar (com.google.jimfs:jimfs:1.1) with InstrumentationAnalysisTransform
Transforming repository-31.10.1.jar (com.android.tools:repository:31.10.1) with ExternalDependencyInstrumentingArtifactTransform
Transforming jimfs-1.1.jar (com.google.jimfs:jimfs:1.1) with MergeInstrumentationAnalysisTransform
Transforming grpc-context-1.69.1.jar (io.grpc:grpc-context:1.69.1) with InstrumentationAnalysisTransform
Transforming grpc-context-1.69.1.jar (io.grpc:grpc-context:1.69.1) with MergeInstrumentationAnalysisTransform
Transforming grpc-protobuf-lite-1.69.1.jar (io.grpc:grpc-protobuf-lite:1.69.1) with InstrumentationAnalysisTransform
Transforming grpc-protobuf-lite-1.69.1.jar (io.grpc:grpc-protobuf-lite:1.69.1) with MergeInstrumentationAnalysisTransform
Transforming grpc-api-1.69.1.jar (io.grpc:grpc-api:1.69.1) with InstrumentationAnalysisTransform
Transforming grpc-api-1.69.1.jar (io.grpc:grpc-api:1.69.1) with MergeInstrumentationAnalysisTransform
Transforming handlebars-jackson2-4.3.1.jar (com.github.jknack:handlebars-jackson2:4.3.1) with InstrumentationAnalysisTransform
Transforming handlebars-jackson2-4.3.1.jar (com.github.jknack:handlebars-jackson2:4.3.1) with MergeInstrumentationAnalysisTransform
Transforming jackson-datatype-joda-2.15.3.jar (com.fasterxml.jackson.datatype:jackson-datatype-joda:2.15.3) with InstrumentationAnalysisTransform
Transforming jackson-datatype-joda-2.15.3.jar (com.fasterxml.jackson.datatype:jackson-datatype-joda:2.15.3) with MergeInstrumentationAnalysisTransform
Transforming jackson-datatype-threetenbp-2.15.2.jar (com.github.joschi.jackson:jackson-datatype-threetenbp:2.15.2) with InstrumentationAnalysisTransform
Transforming jackson-datatype-threetenbp-2.15.2.jar (com.github.joschi.jackson:jackson-datatype-threetenbp:2.15.2) with MergeInstrumentationAnalysisTransform
Transforming swagger-core-2.2.19.jar (io.swagger.core.v3:swagger-core:2.2.19) with InstrumentationAnalysisTransform
Transforming swagger-core-2.2.19.jar (io.swagger.core.v3:swagger-core:2.2.19) with MergeInstrumentationAnalysisTransform
Transforming swagger-core-1.6.12.jar (io.swagger:swagger-core:1.6.12) with InstrumentationAnalysisTransform
Transforming swagger-core-1.6.12.jar (io.swagger:swagger-core:1.6.12) with MergeInstrumentationAnalysisTransform
Transforming jackson-dataformat-yaml-2.15.3.jar (com.fasterxml.jackson.dataformat:jackson-dataformat-yaml:2.15.3) with InstrumentationAnalysisTransform
Transforming jackson-dataformat-yaml-2.15.3.jar (com.fasterxml.jackson.dataformat:jackson-dataformat-yaml:2.15.3) with MergeInstrumentationAnalysisTransform
Transforming json-patch-1.13.jar (com.github.java-json-tools:json-patch:1.13) with InstrumentationAnalysisTransform
Transforming json-patch-1.13.jar (com.github.java-json-tools:json-patch:1.13) with MergeInstrumentationAnalysisTransform
Transforming jackson-datatype-jsr310-2.15.3.jar (com.fasterxml.jackson.datatype:jackson-datatype-jsr310:2.15.3) with InstrumentationAnalysisTransform
Transforming jackson-datatype-jsr310-2.15.3.jar (com.fasterxml.jackson.datatype:jackson-datatype-jsr310:2.15.3) with MergeInstrumentationAnalysisTransform
Transforming json-schema-core-1.2.14.jar (com.github.java-json-tools:json-schema-core:1.2.14) with InstrumentationAnalysisTransform
Transforming aaptcompiler-8.10.1.jar (com.android.tools.build:aaptcompiler:8.10.1) with ExternalDependencyInstrumentingArtifactTransform
Transforming json-schema-core-1.2.14.jar (com.github.java-json-tools:json-schema-core:1.2.14) with MergeInstrumentationAnalysisTransform
Transforming jackson-coreutils-equivalence-1.0.jar (com.github.java-json-tools:jackson-coreutils-equivalence:1.0) with InstrumentationAnalysisTransform
Transforming jackson-coreutils-equivalence-1.0.jar (com.github.java-json-tools:jackson-coreutils-equivalence:1.0) with MergeInstrumentationAnalysisTransform
Transforming jackson-coreutils-2.0.jar (com.github.java-json-tools:jackson-coreutils:2.0) with InstrumentationAnalysisTransform
Transforming jackson-coreutils-2.0.jar (com.github.java-json-tools:jackson-coreutils:2.0) with MergeInstrumentationAnalysisTransform
Transforming jackson-databind-2.15.3.jar (com.fasterxml.jackson.core:jackson-databind:2.15.3) with InstrumentationAnalysisTransform
Transforming jackson-databind-2.15.3.jar (com.fasterxml.jackson.core:jackson-databind:2.15.3) with MergeInstrumentationAnalysisTransform
Transforming jackson-core-2.15.3.jar (com.fasterxml.jackson.core:jackson-core:2.15.3) with InstrumentationAnalysisTransform
Transforming jackson-core-2.15.3.jar (com.fasterxml.jackson.core:jackson-core:2.15.3) with MergeInstrumentationAnalysisTransform
Transforming swagger-parser-core-2.1.19.jar (io.swagger.parser.v3:swagger-parser-core:2.1.19) with InstrumentationAnalysisTransform
Transforming swagger-parser-core-2.1.19.jar (io.swagger.parser.v3:swagger-parser-core:2.1.19) with MergeInstrumentationAnalysisTransform
Transforming swagger-models-2.2.19.jar (io.swagger.core.v3:swagger-models:2.2.19) with InstrumentationAnalysisTransform
Transforming swagger-models-2.2.19.jar (io.swagger.core.v3:swagger-models:2.2.19) with MergeInstrumentationAnalysisTransform
Transforming swagger-models-1.6.12.jar (io.swagger:swagger-models:1.6.12) with InstrumentationAnalysisTransform
Transforming swagger-models-1.6.12.jar (io.swagger:swagger-models:1.6.12) with MergeInstrumentationAnalysisTransform
Transforming jackson-annotations-2.15.3.jar (com.fasterxml.jackson.core:jackson-annotations:2.15.3) with InstrumentationAnalysisTransform
Transforming jackson-annotations-2.15.3.jar (com.fasterxml.jackson.core:jackson-annotations:2.15.3) with MergeInstrumentationAnalysisTransform
Transforming jackson-datatype-guava-2.15.3.jar (com.fasterxml.jackson.datatype:jackson-datatype-guava:2.15.3) with InstrumentationAnalysisTransform
Transforming jackson-datatype-guava-2.15.3.jar (com.fasterxml.jackson.datatype:jackson-datatype-guava:2.15.3) with MergeInstrumentationAnalysisTransform
Transforming openapi-generator-core-7.5.0.jar (org.openapitools:openapi-generator-core:7.5.0) with InstrumentationAnalysisTransform
Transforming openapi-generator-core-7.5.0.jar (org.openapitools:openapi-generator-core:7.5.0) with MergeInstrumentationAnalysisTransform
Transforming uri-template-0.10.jar (com.github.java-json-tools:uri-template:0.10) with InstrumentationAnalysisTransform
Transforming uri-template-0.10.jar (com.github.java-json-tools:uri-template:0.10) with MergeInstrumentationAnalysisTransform
Transforming guava-33.3.1-jre.jar (com.google.guava:guava:33.3.1-jre) with InstrumentationAnalysisTransform
Transforming guava-33.3.1-jre.jar (com.google.guava:guava:33.3.1-jre) with MergeInstrumentationAnalysisTransform
Transforming firebase-crashlytics-buildtools-3.0.4.jar (com.google.firebase:firebase-crashlytics-buildtools:3.0.4) with InstrumentationAnalysisTransform
Transforming firebase-crashlytics-buildtools-3.0.4.jar (com.google.firebase:firebase-crashlytics-buildtools:3.0.4) with MergeInstrumentationAnalysisTransform
Transforming dagger-2.28.3.jar (com.google.dagger:dagger:2.28.3) with InstrumentationAnalysisTransform
Transforming dagger-2.28.3.jar (com.google.dagger:dagger:2.28.3) with MergeInstrumentationAnalysisTransform
Transforming javax.inject-1.jar (javax.inject:javax.inject:1) with InstrumentationAnalysisTransform
Transforming javax.inject-1.jar (javax.inject:javax.inject:1) with MergeInstrumentationAnalysisTransform
Transforming kxml2-2.3.0.jar (net.sf.kxml:kxml2:2.3.0) with InstrumentationAnalysisTransform
Transforming kxml2-2.3.0.jar (net.sf.kxml:kxml2:2.3.0) with MergeInstrumentationAnalysisTransform
Transforming commons-compress-1.21.jar (org.apache.commons:commons-compress:1.21) with InstrumentationAnalysisTransform
Transforming commons-compress-1.21.jar (org.apache.commons:commons-compress:1.21) with MergeInstrumentationAnalysisTransform
Transforming bcutil-jdk18on-1.79.jar (org.bouncycastle:bcutil-jdk18on:1.79) with InstrumentationAnalysisTransform
Transforming bcutil-jdk18on-1.79.jar (org.bouncycastle:bcutil-jdk18on:1.79) with MergeInstrumentationAnalysisTransform
Transforming bcprov-jdk18on-1.79.jar (org.bouncycastle:bcprov-jdk18on:1.79) with InstrumentationAnalysisTransform
Transforming bcprov-jdk18on-1.79.jar (org.bouncycastle:bcprov-jdk18on:1.79) with MergeInstrumentationAnalysisTransform
Transforming httpclient-4.5.14.jar (org.apache.httpcomponents:httpclient:4.5.14) with InstrumentationAnalysisTransform
Transforming httpclient-4.5.14.jar (org.apache.httpcomponents:httpclient:4.5.14) with MergeInstrumentationAnalysisTransform
Transforming httpcore-4.4.16.jar (org.apache.httpcomponents:httpcore:4.4.16) with InstrumentationAnalysisTransform
Transforming httpcore-4.4.16.jar (org.apache.httpcomponents:httpcore:4.4.16) with MergeInstrumentationAnalysisTransform
Transforming javax.activation-1.2.0.jar (com.sun.activation:javax.activation:1.2.0) with InstrumentationAnalysisTransform
Transforming javax.activation-1.2.0.jar (com.sun.activation:javax.activation:1.2.0) with MergeInstrumentationAnalysisTransform
Transforming signflinger-8.10.1.jar (com.android:signflinger:8.10.1) with InstrumentationAnalysisTransform
Transforming signflinger-8.10.1.jar (com.android:signflinger:8.10.1) with MergeInstrumentationAnalysisTransform
Transforming zipflinger-8.10.1.jar (com.android:zipflinger:8.10.1) with InstrumentationAnalysisTransform
Transforming zipflinger-8.10.1.jar (com.android:zipflinger:8.10.1) with MergeInstrumentationAnalysisTransform
Transforming annotations-31.10.1.jar (com.android.tools:annotations:31.10.1) with InstrumentationAnalysisTransform
Transforming annotations-31.10.1.jar (com.android.tools:annotations:31.10.1) with MergeInstrumentationAnalysisTransform
Transforming jna-platform-5.6.0.jar (net.java.dev.jna:jna-platform:5.6.0) with InstrumentationAnalysisTransform
Transforming jna-platform-5.6.0.jar (net.java.dev.jna:jna-platform:5.6.0) with MergeInstrumentationAnalysisTransform
Transforming juniversalchardet-1.0.3.jar (com.googlecode.juniversalchardet:juniversalchardet:1.0.3) with InstrumentationAnalysisTransform
Transforming juniversalchardet-1.0.3.jar (com.googlecode.juniversalchardet:juniversalchardet:1.0.3) with MergeInstrumentationAnalysisTransform
Transforming javax.annotation-api-1.3.2.jar (javax.annotation:javax.annotation-api:1.3.2) with InstrumentationAnalysisTransform
Transforming javax.annotation-api-1.3.2.jar (javax.annotation:javax.annotation-api:1.3.2) with MergeInstrumentationAnalysisTransform
Transforming stax-ex-1.8.1.jar (org.jvnet.staxex:stax-ex:1.8.1) with InstrumentationAnalysisTransform
Transforming tracker-31.10.1.jar (com.android.tools.analytics-library:tracker:31.10.1) with ExternalDependencyInstrumentingArtifactTransform
Transforming stax-ex-1.8.1.jar (org.jvnet.staxex:stax-ex:1.8.1) with MergeInstrumentationAnalysisTransform
Transforming jakarta.xml.bind-api-2.3.3.jar (jakarta.xml.bind:jakarta.xml.bind-api:2.3.3) with InstrumentationAnalysisTransform
Transforming jakarta.xml.bind-api-2.3.3.jar (jakarta.xml.bind:jakarta.xml.bind-api:2.3.3) with MergeInstrumentationAnalysisTransform
Transforming txw2-2.3.2.jar (org.glassfish.jaxb:txw2:2.3.2) with InstrumentationAnalysisTransform
Transforming txw2-2.3.2.jar (org.glassfish.jaxb:txw2:2.3.2) with MergeInstrumentationAnalysisTransform
Transforming istack-commons-runtime-3.0.8.jar (com.sun.istack:istack-commons-runtime:3.0.8) with InstrumentationAnalysisTransform
Transforming istack-commons-runtime-3.0.8.jar (com.sun.istack:istack-commons-runtime:3.0.8) with MergeInstrumentationAnalysisTransform
Transforming FastInfoset-1.2.16.jar (com.sun.xml.fastinfoset:FastInfoset:1.2.16) with InstrumentationAnalysisTransform
Transforming FastInfoset-1.2.16.jar (com.sun.xml.fastinfoset:FastInfoset:1.2.16) with MergeInstrumentationAnalysisTransform
Transforming jakarta.activation-api-1.2.2.jar (jakarta.activation:jakarta.activation-api:1.2.2) with InstrumentationAnalysisTransform
Transforming jakarta.activation-api-1.2.2.jar (jakarta.activation:jakarta.activation-api:1.2.2) with MergeInstrumentationAnalysisTransform
Transforming auto-value-annotations-1.6.2.jar (com.google.auto.value:auto-value-annotations:1.6.2) with InstrumentationAnalysisTransform
Transforming auto-value-annotations-1.6.2.jar (com.google.auto.value:auto-value-annotations:1.6.2) with MergeInstrumentationAnalysisTransform
Transforming caffeine-2.9.3.jar (com.github.ben-manes.caffeine:caffeine:2.9.3) with InstrumentationAnalysisTransform
Transforming caffeine-2.9.3.jar (com.github.ben-manes.caffeine:caffeine:2.9.3) with MergeInstrumentationAnalysisTransform
Transforming error_prone_annotations-2.30.0.jar (com.google.errorprone:error_prone_annotations:2.30.0) with InstrumentationAnalysisTransform
Transforming error_prone_annotations-2.30.0.jar (com.google.errorprone:error_prone_annotations:2.30.0) with MergeInstrumentationAnalysisTransform
Transforming jose4j-0.9.5.jar (org.bitbucket.b_c:jose4j:0.9.5) with InstrumentationAnalysisTransform
Transforming shared-31.10.1.jar (com.android.tools.analytics-library:shared:31.10.1) with ExternalDependencyInstrumentingArtifactTransform
Transforming jose4j-0.9.5.jar (org.bitbucket.b_c:jose4j:0.9.5) with MergeInstrumentationAnalysisTransform
Transforming handlebars-4.3.1.jar (com.github.jknack:handlebars:4.3.1) with InstrumentationAnalysisTransform
Transforming handlebars-4.3.1.jar (com.github.jknack:handlebars:4.3.1) with MergeInstrumentationAnalysisTransform
Transforming slf4j-ext-1.7.36.jar (org.slf4j:slf4j-ext:1.7.36) with InstrumentationAnalysisTransform
Transforming slf4j-ext-1.7.36.jar (org.slf4j:slf4j-ext:1.7.36) with MergeInstrumentationAnalysisTransform
Transforming slf4j-simple-1.7.36.jar (org.slf4j:slf4j-simple:1.7.36) with InstrumentationAnalysisTransform
Transforming slf4j-simple-1.7.36.jar (org.slf4j:slf4j-simple:1.7.36) with MergeInstrumentationAnalysisTransform
Transforming slf4j-api-2.0.9.jar (org.slf4j:slf4j-api:2.0.9) with InstrumentationAnalysisTransform
Transforming slf4j-api-2.0.9.jar (org.slf4j:slf4j-api:2.0.9) with MergeInstrumentationAnalysisTransform
Transforming jdom2-2.0.6.jar (org.jdom:jdom2:2.0.6) with InstrumentationAnalysisTransform
Transforming jdom2-2.0.6.jar (org.jdom:jdom2:2.0.6) with MergeInstrumentationAnalysisTransform
Transforming msg-simple-1.2.jar (com.github.java-json-tools:msg-simple:1.2) with InstrumentationAnalysisTransform
Transforming msg-simple-1.2.jar (com.github.java-json-tools:msg-simple:1.2) with MergeInstrumentationAnalysisTransform
Transforming btf-1.3.jar (com.github.java-json-tools:btf:1.3) with InstrumentationAnalysisTransform
Transforming btf-1.3.jar (com.github.java-json-tools:btf:1.3) with MergeInstrumentationAnalysisTransform
Transforming jsr305-3.0.2.jar (com.google.code.findbugs:jsr305:3.0.2) with InstrumentationAnalysisTransform
Transforming jsr305-3.0.2.jar (com.google.code.findbugs:jsr305:3.0.2) with MergeInstrumentationAnalysisTransform
Transforming j2objc-annotations-3.0.0.jar (com.google.j2objc:j2objc-annotations:3.0.0) with InstrumentationAnalysisTransform
Transforming j2objc-annotations-3.0.0.jar (com.google.j2objc:j2objc-annotations:3.0.0) with MergeInstrumentationAnalysisTransform
Transforming annotations-4.1.1.4.jar (com.google.android:annotations:4.1.1.4) with InstrumentationAnalysisTransform
Transforming annotations-4.1.1.4.jar (com.google.android:annotations:4.1.1.4) with MergeInstrumentationAnalysisTransform
Transforming animal-sniffer-annotations-1.24.jar (org.codehaus.mojo:animal-sniffer-annotations:1.24) with InstrumentationAnalysisTransform
Transforming animal-sniffer-annotations-1.24.jar (org.codehaus.mojo:animal-sniffer-annotations:1.24) with MergeInstrumentationAnalysisTransform
Transforming perfmark-api-0.27.0.jar (io.perfmark:perfmark-api:0.27.0) with InstrumentationAnalysisTransform
Transforming perfmark-api-0.27.0.jar (io.perfmark:perfmark-api:0.27.0) with MergeInstrumentationAnalysisTransform
Transforming netty-codec-http2-4.1.110.Final.jar (io.netty:netty-codec-http2:4.1.110.Final) with InstrumentationAnalysisTransform
Transforming netty-codec-http2-4.1.110.Final.jar (io.netty:netty-codec-http2:4.1.110.Final) with MergeInstrumentationAnalysisTransform
Transforming netty-handler-proxy-4.1.110.Final.jar (io.netty:netty-handler-proxy:4.1.110.Final) with InstrumentationAnalysisTransform
Transforming netty-handler-proxy-4.1.110.Final.jar (io.netty:netty-handler-proxy:4.1.110.Final) with MergeInstrumentationAnalysisTransform
Transforming netty-codec-http-4.1.110.Final.jar (io.netty:netty-codec-http:4.1.110.Final) with InstrumentationAnalysisTransform
Transforming netty-codec-http-4.1.110.Final.jar (io.netty:netty-codec-http:4.1.110.Final) with MergeInstrumentationAnalysisTransform
Transforming netty-handler-4.1.110.Final.jar (io.netty:netty-handler:4.1.110.Final) with InstrumentationAnalysisTransform
Transforming netty-handler-4.1.110.Final.jar (io.netty:netty-handler:4.1.110.Final) with MergeInstrumentationAnalysisTransform
Transforming netty-transport-native-unix-common-4.1.110.Final.jar (io.netty:netty-transport-native-unix-common:4.1.110.Final) with InstrumentationAnalysisTransform
Transforming netty-transport-native-unix-common-4.1.110.Final.jar (io.netty:netty-transport-native-unix-common:4.1.110.Final) with MergeInstrumentationAnalysisTransform
Transforming checker-qual-3.43.0.jar (org.checkerframework:checker-qual:3.43.0) with InstrumentationAnalysisTransform
Transforming checker-qual-3.43.0.jar (org.checkerframework:checker-qual:3.43.0) with MergeInstrumentationAnalysisTransform
Transforming apksig-8.10.1.jar (com.android.tools.build:apksig:8.10.1) with InstrumentationAnalysisTransform
Transforming apksig-8.10.1.jar (com.android.tools.build:apksig:8.10.1) with MergeInstrumentationAnalysisTransform
Transforming javawriter-2.5.0.jar (com.squareup:javawriter:2.5.0) with InstrumentationAnalysisTransform
Transforming javawriter-2.5.0.jar (com.squareup:javawriter:2.5.0) with MergeInstrumentationAnalysisTransform
Transforming kotlin-gradle-plugin-annotations-2.1.21.jar (org.jetbrains.kotlin:kotlin-gradle-plugin-annotations:2.1.21) with InstrumentationAnalysisTransform
Transforming kotlin-gradle-plugin-annotations-2.1.21.jar (org.jetbrains.kotlin:kotlin-gradle-plugin-annotations:2.1.21) with MergeInstrumentationAnalysisTransform
Transforming kotlin-native-utils-2.1.21.jar (org.jetbrains.kotlin:kotlin-native-utils:2.1.21) with InstrumentationAnalysisTransform
Transforming kotlin-native-utils-2.1.21.jar (org.jetbrains.kotlin:kotlin-native-utils:2.1.21) with MergeInstrumentationAnalysisTransform
Transforming kotlin-tooling-core-2.1.21.jar (org.jetbrains.kotlin:kotlin-tooling-core:2.1.21) with InstrumentationAnalysisTransform
Transforming kotlin-tooling-core-2.1.21.jar (org.jetbrains.kotlin:kotlin-tooling-core:2.1.21) with MergeInstrumentationAnalysisTransform
Transforming kotlin-build-tools-api-2.1.21.jar (org.jetbrains.kotlin:kotlin-build-tools-api:2.1.21) with InstrumentationAnalysisTransform
Transforming kotlin-build-tools-api-2.1.21.jar (org.jetbrains.kotlin:kotlin-build-tools-api:2.1.21) with MergeInstrumentationAnalysisTransform
Transforming kotlin-util-klib-2.1.21.jar (org.jetbrains.kotlin:kotlin-util-klib:2.1.21) with InstrumentationAnalysisTransform
Transforming kotlin-util-klib-2.1.21.jar (org.jetbrains.kotlin:kotlin-util-klib:2.1.21) with MergeInstrumentationAnalysisTransform
Transforming kotlin-util-io-2.1.21.jar (org.jetbrains.kotlin:kotlin-util-io:2.1.21) with InstrumentationAnalysisTransform
Transforming kotlin-util-io-2.1.21.jar (org.jetbrains.kotlin:kotlin-util-io:2.1.21) with MergeInstrumentationAnalysisTransform
Transforming kotlin-daemon-client-2.1.21.jar (org.jetbrains.kotlin:kotlin-daemon-client:2.1.21) with InstrumentationAnalysisTransform
Transforming kotlin-daemon-client-2.1.21.jar (org.jetbrains.kotlin:kotlin-daemon-client:2.1.21) with MergeInstrumentationAnalysisTransform
Transforming kotlinx-coroutines-core-jvm-1.8.0.jar (org.jetbrains.kotlinx:kotlinx-coroutines-core-jvm:1.8.0) with InstrumentationAnalysisTransform
Transforming kotlinx-coroutines-core-jvm-1.8.0.jar (org.jetbrains.kotlinx:kotlinx-coroutines-core-jvm:1.8.0) with MergeInstrumentationAnalysisTransform
Transforming xmlpull-1.1.3.1.jar (xmlpull:xmlpull:1.1.3.1) with InstrumentationAnalysisTransform
Transforming xmlpull-1.1.3.1.jar (xmlpull:xmlpull:1.1.3.1) with MergeInstrumentationAnalysisTransform
Transforming xpp3-1.1.4c.jar (xpp3:xpp3:1.1.4c) with InstrumentationAnalysisTransform
Transforming xpp3-1.1.4c.jar (xpp3:xpp3:1.1.4c) with MergeInstrumentationAnalysisTransform
Transforming failureaccess-1.0.2.jar (com.google.guava:failureaccess:1.0.2) with InstrumentationAnalysisTransform
Transforming failureaccess-1.0.2.jar (com.google.guava:failureaccess:1.0.2) with MergeInstrumentationAnalysisTransform
Transforming android-test-plugin-host-emulator-control-proto-31.10.1.jar (com.android.tools.utp:android-test-plugin-host-emulator-control-proto:31.10.1) with ExternalDependencyInstrumentingArtifactTransform
Transforming listenablefuture-9999.0-empty-to-avoid-conflict-with-guava.jar (com.google.guava:listenablefuture:9999.0-empty-to-avoid-conflict-with-guava) with InstrumentationAnalysisTransform
Transforming listenablefuture-9999.0-empty-to-avoid-conflict-with-guava.jar (com.google.guava:listenablefuture:9999.0-empty-to-avoid-conflict-with-guava) with MergeInstrumentationAnalysisTransform
Transforming databinding-compiler-common-8.10.1.jar (androidx.databinding:databinding-compiler-common:8.10.1) with ExternalDependencyInstrumentingArtifactTransform
Transforming commons-logging-1.2.jar (commons-logging:commons-logging:1.2) with InstrumentationAnalysisTransform
Transforming commons-logging-1.2.jar (commons-logging:commons-logging:1.2) with MergeInstrumentationAnalysisTransform
Transforming commons-codec-1.11.jar (commons-codec:commons-codec:1.11) with InstrumentationAnalysisTransform
Transforming commons-codec-1.11.jar (commons-codec:commons-codec:1.11) with MergeInstrumentationAnalysisTransform
Transforming jna-5.12.1.jar (net.java.dev.jna:jna:5.12.1) with InstrumentationAnalysisTransform
Transforming jna-5.12.1.jar (net.java.dev.jna:jna:5.12.1) with MergeInstrumentationAnalysisTransform
Transforming netty-codec-socks-4.1.110.Final.jar (io.netty:netty-codec-socks:4.1.110.Final) with InstrumentationAnalysisTransform
Transforming netty-codec-socks-4.1.110.Final.jar (io.netty:netty-codec-socks:4.1.110.Final) with MergeInstrumentationAnalysisTransform
Transforming netty-codec-4.1.110.Final.jar (io.netty:netty-codec:4.1.110.Final) with InstrumentationAnalysisTransform
Transforming netty-codec-4.1.110.Final.jar (io.netty:netty-codec:4.1.110.Final) with MergeInstrumentationAnalysisTransform
Transforming netty-transport-4.1.110.Final.jar (io.netty:netty-transport:4.1.110.Final) with InstrumentationAnalysisTransform
Transforming gradle-api-8.10.1.jar (com.android.tools.build:gradle-api:8.10.1) with ExternalDependencyInstrumentingArtifactTransform
Transforming netty-transport-4.1.110.Final.jar (io.netty:netty-transport:4.1.110.Final) with MergeInstrumentationAnalysisTransform
Transforming netty-buffer-4.1.110.Final.jar (io.netty:netty-buffer:4.1.110.Final) with InstrumentationAnalysisTransform
Transforming strict-version-matcher-plugin-1.2.4.jar (com.google.android.gms:strict-version-matcher-plugin:1.2.4) with ExternalDependencyInstrumentingArtifactTransform
Transforming netty-buffer-4.1.110.Final.jar (io.netty:netty-buffer:4.1.110.Final) with MergeInstrumentationAnalysisTransform
Transforming netty-resolver-4.1.110.Final.jar (io.netty:netty-resolver:4.1.110.Final) with InstrumentationAnalysisTransform
Transforming netty-resolver-4.1.110.Final.jar (io.netty:netty-resolver:4.1.110.Final) with MergeInstrumentationAnalysisTransform
Transforming netty-common-4.1.110.Final.jar (io.netty:netty-common:4.1.110.Final) with InstrumentationAnalysisTransform
Transforming netty-common-4.1.110.Final.jar (io.netty:netty-common:4.1.110.Final) with MergeInstrumentationAnalysisTransform
Transforming jmustache-1.15.jar (com.samskivert:jmustache:1.15) with InstrumentationAnalysisTransform
Transforming jmustache-1.15.jar (com.samskivert:jmustache:1.15) with MergeInstrumentationAnalysisTransform
Transforming commons-text-1.10.0.jar (org.apache.commons:commons-text:1.10.0) with InstrumentationAnalysisTransform
Transforming commons-text-1.10.0.jar (org.apache.commons:commons-text:1.10.0) with MergeInstrumentationAnalysisTransform
Transforming commons-lang3-3.13.0.jar (org.apache.commons:commons-lang3:3.13.0) with InstrumentationAnalysisTransform
Transforming commons-lang3-3.13.0.jar (org.apache.commons:commons-lang3:3.13.0) with MergeInstrumentationAnalysisTransform
Transforming commons-cli-1.5.0.jar (commons-cli:commons-cli:1.5.0) with InstrumentationAnalysisTransform
Transforming commons-cli-1.5.0.jar (commons-cli:commons-cli:1.5.0) with MergeInstrumentationAnalysisTransform
Transforming commonmark-0.21.0.jar (org.commonmark:commonmark:0.21.0) with InstrumentationAnalysisTransform
Transforming commonmark-0.21.0.jar (org.commonmark:commonmark:0.21.0) with MergeInstrumentationAnalysisTransform
Transforming generex-1.0.2.jar (com.github.mifmif:generex:1.0.2) with InstrumentationAnalysisTransform
Transforming generex-1.0.2.jar (com.github.mifmif:generex:1.0.2) with MergeInstrumentationAnalysisTransform
Transforming rgxgen-1.4.jar (com.github.curious-odd-man:rgxgen:1.4) with InstrumentationAnalysisTransform
Transforming rgxgen-1.4.jar (com.github.curious-odd-man:rgxgen:1.4) with MergeInstrumentationAnalysisTransform
Transforming lombok-1.18.30.jar (org.projectlombok:lombok:1.18.30) with InstrumentationAnalysisTransform
Transforming lombok-1.18.30.jar (org.projectlombok:lombok:1.18.30) with MergeInstrumentationAnalysisTransform
Transforming builder-model-8.10.1.jar (com.android.tools.build:builder-model:8.10.1) with ExternalDependencyInstrumentingArtifactTransform
Transforming snakeyaml-2.2.jar (org.yaml:snakeyaml:2.2) with InstrumentationAnalysisTransform
Transforming snakeyaml-2.2.jar (org.yaml:snakeyaml:2.2) with MergeInstrumentationAnalysisTransform
Transforming automaton-1.11-8.jar (dk.brics.automaton:automaton:1.11-8) with InstrumentationAnalysisTransform
Transforming automaton-1.11-8.jar (dk.brics.automaton:automaton:1.11-8) with MergeInstrumentationAnalysisTransform
Transforming joda-time-2.10.14.jar (joda-time:joda-time:2.10.14) with InstrumentationAnalysisTransform
Transforming joda-time-2.10.14.jar (joda-time:joda-time:2.10.14) with MergeInstrumentationAnalysisTransform
Transforming threetenbp-1.6.8.jar (org.threeten:threetenbp:1.6.8) with InstrumentationAnalysisTransform
Transforming threetenbp-1.6.8.jar (org.threeten:threetenbp:1.6.8) with MergeInstrumentationAnalysisTransform
Transforming swagger-annotations-2.2.19.jar (io.swagger.core.v3:swagger-annotations:2.2.19) with InstrumentationAnalysisTransform
Transforming swagger-annotations-2.2.19.jar (io.swagger.core.v3:swagger-annotations:2.2.19) with MergeInstrumentationAnalysisTransform
Transforming jakarta.validation-api-2.0.2.jar (jakarta.validation:jakarta.validation-api:2.0.2) with InstrumentationAnalysisTransform
Transforming jakarta.validation-api-2.0.2.jar (jakarta.validation:jakarta.validation-api:2.0.2) with MergeInstrumentationAnalysisTransform
Transforming swagger-annotations-1.6.12.jar (io.swagger:swagger-annotations:1.6.12) with InstrumentationAnalysisTransform
Transforming swagger-annotations-1.6.12.jar (io.swagger:swagger-annotations:1.6.12) with MergeInstrumentationAnalysisTransform
Transforming validation-api-1.1.0.Final.jar (javax.validation:validation-api:1.1.0.Final) with InstrumentationAnalysisTransform
Transforming validation-api-1.1.0.Final.jar (javax.validation:validation-api:1.1.0.Final) with MergeInstrumentationAnalysisTransform
Transforming libphonenumber-8.11.1.jar (com.googlecode.libphonenumber:libphonenumber:8.11.1) with InstrumentationAnalysisTransform
Transforming libphonenumber-8.11.1.jar (com.googlecode.libphonenumber:libphonenumber:8.11.1) with MergeInstrumentationAnalysisTransform
Transforming secrets-gradle-plugin-2.0.1.jar (com.google.android.libraries.mapsplatform.secrets-gradle-plugin:secrets-gradle-plugin:2.0.1) with ExternalDependencyInstrumentingArtifactTransform
Transforming rhino-1.7.7.2.jar (org.mozilla:rhino:1.7.7.2) with InstrumentationAnalysisTransform
Transforming rhino-1.7.7.2.jar (org.mozilla:rhino:1.7.7.2) with MergeInstrumentationAnalysisTransform
Transforming builder-test-api-8.10.1.jar (com.android.tools.build:builder-test-api:8.10.1) with ExternalDependencyInstrumentingArtifactTransform
Transforming ddmlib-31.10.1.jar (com.android.tools.ddms:ddmlib:31.10.1) with ExternalDependencyInstrumentingArtifactTransform
Transforming layoutlib-api-31.10.1.jar (com.android.tools.layoutlib:layoutlib-api:31.10.1) with ExternalDependencyInstrumentingArtifactTransform
Transforming common-31.10.1.jar (com.android.tools:common:31.10.1) with ExternalDependencyInstrumentingArtifactTransform
Transforming kotlin-stdlib-jdk8-2.1.0.jar (org.jetbrains.kotlin:kotlin-stdlib-jdk8:2.1.0) with ExternalDependencyInstrumentingArtifactTransform
Transforming dvlib-31.10.1.jar (com.android.tools:dvlib:31.10.1) with ExternalDependencyInstrumentingArtifactTransform
Transforming jetifier-processor-1.0.0-beta10.jar (com.android.tools.build.jetifier:jetifier-processor:1.0.0-beta10) with ExternalDependencyInstrumentingArtifactTransform
Transforming jetifier-core-1.0.0-beta10.jar (com.android.tools.build.jetifier:jetifier-core:1.0.0-beta10) with ExternalDependencyInstrumentingArtifactTransform
Transforming kotlinpoet-jvm-2.0.0.jar (com.squareup:kotlinpoet-jvm:2.0.0) with ExternalDependencyInstrumentingArtifactTransform
Transforming kotlin-stdlib-jdk7-2.1.0.jar (org.jetbrains.kotlin:kotlin-stdlib-jdk7:2.1.0) with ExternalDependencyInstrumentingArtifactTransform
Transforming kotlin-reflect-2.0.20.jar (org.jetbrains.kotlin:kotlin-reflect:2.0.20) with ExternalDependencyInstrumentingArtifactTransform
Transforming symbol-processing-gradle-plugin-2.1.21-2.0.1.jar (com.google.devtools.ksp:symbol-processing-gradle-plugin:2.1.21-2.0.1) with ExternalDependencyInstrumentingArtifactTransform
Transforming annotation-jvm-1.9.1.jar (androidx.annotation:annotation-jvm:1.9.1) with ExternalDependencyInstrumentingArtifactTransform
Transforming symbol-processing-common-deps-2.1.21-2.0.1.jar (com.google.devtools.ksp:symbol-processing-common-deps:2.1.21-2.0.1) with ExternalDependencyInstrumentingArtifactTransform
Transforming kotlin-stdlib-2.0.20.jar (org.jetbrains.kotlin:kotlin-stdlib:2.0.20) with ExternalDependencyInstrumentingArtifactTransform
Transforming bundletool-1.18.0.jar (com.android.tools.build:bundletool:1.18.0) with ExternalDependencyInstrumentingArtifactTransform
Transforming symbol-processing-api-2.1.21-2.0.1.jar (com.google.devtools.ksp:symbol-processing-api:2.1.21-2.0.1) with ExternalDependencyInstrumentingArtifactTransform
Transforming annotations-13.0.jar (org.jetbrains:annotations:13.0) with ExternalDependencyInstrumentingArtifactTransform
Transforming crash-31.10.1.jar (com.android.tools.analytics-library:crash:31.10.1) with ExternalDependencyInstrumentingArtifactTransform
Transforming databinding-common-8.10.1.jar (androidx.databinding:databinding-common:8.10.1) with ExternalDependencyInstrumentingArtifactTransform
Transforming baseLibrary-8.10.1.jar (com.android.databinding:baseLibrary:8.10.1) with ExternalDependencyInstrumentingArtifactTransform
Transforming lint-typedef-remover-31.10.1.jar (com.android.tools.lint:lint-typedef-remover:31.10.1) with ExternalDependencyInstrumentingArtifactTransform
Transforming android-device-provider-gradle-proto-31.10.1.jar (com.android.tools.utp:android-device-provider-gradle-proto:31.10.1) with ExternalDependencyInstrumentingArtifactTransform
Transforming aapt2-proto-8.10.1-12782657.jar (com.android.tools.build:aapt2-proto:8.10.1-12782657) with ExternalDependencyInstrumentingArtifactTransform
Transforming transform-api-2.0.0-deprecated-use-gradle-api.jar (com.android.tools.build:transform-api:2.0.0-deprecated-use-gradle-api) with ExternalDependencyInstrumentingArtifactTransform
Transforming android-device-provider-ddmlib-proto-31.10.1.jar (com.android.tools.utp:android-device-provider-ddmlib-proto:31.10.1) with ExternalDependencyInstrumentingArtifactTransform
Transforming android-test-plugin-host-logcat-proto-31.10.1.jar (com.android.tools.utp:android-test-plugin-host-logcat-proto:31.10.1) with ExternalDependencyInstrumentingArtifactTransform
Transforming android-test-plugin-host-additional-test-output-proto-31.10.1.jar (com.android.tools.utp:android-test-plugin-host-additional-test-output-proto:31.10.1) with ExternalDependencyInstrumentingArtifactTransform
Transforming android-test-plugin-host-coverage-proto-31.10.1.jar (com.android.tools.utp:android-test-plugin-host-coverage-proto:31.10.1) with ExternalDependencyInstrumentingArtifactTransform
Transforming android-device-provider-profile-proto-31.10.1.jar (com.android.tools.utp:android-device-provider-profile-proto:31.10.1) with ExternalDependencyInstrumentingArtifactTransform
Transforming httpmime-4.5.6.jar (org.apache.httpcomponents:httpmime:4.5.6) with ExternalDependencyInstrumentingArtifactTransform
Transforming swagger-parser-2.1.19.jar (io.swagger.parser.v3:swagger-parser:2.1.19) with ExternalDependencyInstrumentingArtifactTransform
Transforming openapi-generator-gradle-plugin-7.5.0.jar (org.openapitools:openapi-generator-gradle-plugin:7.5.0) with ExternalDependencyInstrumentingArtifactTransform
Transforming android-test-plugin-result-listener-gradle-proto-31.10.1.jar (com.android.tools.utp:android-test-plugin-result-listener-gradle-proto:31.10.1) with ExternalDependencyInstrumentingArtifactTransform
Transforming openapi-generator-7.5.0.jar (org.openapitools:openapi-generator:7.5.0) with ExternalDependencyInstrumentingArtifactTransform
Transforming android-test-plugin-host-apk-installer-proto-31.10.1.jar (com.android.tools.utp:android-test-plugin-host-apk-installer-proto:31.10.1) with ExternalDependencyInstrumentingArtifactTransform
Transforming swagger-parser-v2-converter-2.1.19.jar (io.swagger.parser.v3:swagger-parser-v2-converter:2.1.19) with ExternalDependencyInstrumentingArtifactTransform
Transforming swagger-parser-v3-2.1.19.jar (io.swagger.parser.v3:swagger-parser-v3:2.1.19) with ExternalDependencyInstrumentingArtifactTransform
Transforming swagger-compat-spec-parser-1.0.68.jar (io.swagger:swagger-compat-spec-parser:1.0.68) with ExternalDependencyInstrumentingArtifactTransform
Transforming swagger-parser-1.0.68.jar (io.swagger:swagger-parser:1.0.68) with ExternalDependencyInstrumentingArtifactTransform
Transforming commons-io-2.16.1.jar (commons-io:commons-io:2.16.1) with ExternalDependencyInstrumentingArtifactTransform
Transforming swagger-parser-safe-url-resolver-2.1.19.jar (io.swagger.parser.v3:swagger-parser-safe-url-resolver:2.1.19) with ExternalDependencyInstrumentingArtifactTransform
Transforming asm-commons-9.7.1.jar (org.ow2.asm:asm-commons:9.7.1) with ExternalDependencyInstrumentingArtifactTransform
Transforming asm-analysis-9.7.1.jar (org.ow2.asm:asm-analysis:9.7.1) with ExternalDependencyInstrumentingArtifactTransform
Transforming asm-9.7.1.jar (org.ow2.asm:asm:9.7.1) with ExternalDependencyInstrumentingArtifactTransform
Transforming apkzlib-8.10.1.jar (com.android.tools.build:apkzlib:8.10.1) with ExternalDependencyInstrumentingArtifactTransform
Transforming asm-util-9.7.1.jar (org.ow2.asm:asm-util:9.7.1) with ExternalDependencyInstrumentingArtifactTransform
Transforming json-schema-validator-2.2.14.jar (com.github.java-json-tools:json-schema-validator:2.2.14) with ExternalDependencyInstrumentingArtifactTransform
Transforming bcpkix-jdk18on-1.79.jar (org.bouncycastle:bcpkix-jdk18on:1.79) with ExternalDependencyInstrumentingArtifactTransform
Transforming jaxb-runtime-2.3.2.jar (org.glassfish.jaxb:jaxb-runtime:2.3.2) with ExternalDependencyInstrumentingArtifactTransform
Transforming jopt-simple-5.0.4.jar (net.sf.jopt-simple:jopt-simple:5.0.4) with ExternalDependencyInstrumentingArtifactTransform
Transforming protobuf-java-util-3.25.5.jar (com.google.protobuf:protobuf-java-util:3.25.5) with ExternalDependencyInstrumentingArtifactTransform
Transforming asm-tree-9.7.1.jar (org.ow2.asm:asm-tree:9.7.1) with ExternalDependencyInstrumentingArtifactTransform
Transforming tink-1.7.0.jar (com.google.crypto.tink:tink:1.7.0) with ExternalDependencyInstrumentingArtifactTransform
Transforming javapoet-1.13.0.jar (com.squareup:javapoet:1.13.0) with ExternalDependencyInstrumentingArtifactTransform
Transforming grpc-protobuf-1.69.1.jar (io.grpc:grpc-protobuf:1.69.1) with ExternalDependencyInstrumentingArtifactTransform
Transforming protos-31.10.1.jar (com.android.tools.analytics-library:protos:31.10.1) with ExternalDependencyInstrumentingArtifactTransform
Transforming proto-google-common-protos-2.48.0.jar (com.google.api.grpc:proto-google-common-protos:2.48.0) with ExternalDependencyInstrumentingArtifactTransform
Transforming core-proto-0.0.9-alpha03.jar (com.google.testing.platform:core-proto:0.0.9-alpha03) with ExternalDependencyInstrumentingArtifactTransform
Transforming grpc-inprocess-1.69.1.jar (io.grpc:grpc-inprocess:1.69.1) with ExternalDependencyInstrumentingArtifactTransform
Transforming grpc-netty-1.69.1.jar (io.grpc:grpc-netty:1.69.1) with ExternalDependencyInstrumentingArtifactTransform
Transforming protobuf-java-3.25.5.jar (com.google.protobuf:protobuf-java:3.25.5) with ExternalDependencyInstrumentingArtifactTransform
Transforming grpc-core-1.69.1.jar (io.grpc:grpc-core:1.69.1) with ExternalDependencyInstrumentingArtifactTransform
Transforming kotlin-build-statistics-2.1.21.jar (org.jetbrains.kotlin:kotlin-build-statistics:2.1.21) with ExternalDependencyInstrumentingArtifactTransform
Transforming gson-2.11.0.jar (com.google.code.gson:gson:2.11.0) with ExternalDependencyInstrumentingArtifactTransform
Transforming grpc-stub-1.69.1.jar (io.grpc:grpc-stub:1.69.1) with ExternalDependencyInstrumentingArtifactTransform
Transforming tensorflow-lite-metadata-0.2.0.jar (org.tensorflow:tensorflow-lite-metadata:0.2.0) with ExternalDependencyInstrumentingArtifactTransform
Transforming kotlin-gradle-plugin-idea-proto-2.1.21.jar (org.jetbrains.kotlin:kotlin-gradle-plugin-idea-proto:2.1.21) with ExternalDependencyInstrumentingArtifactTransform
Transforming grpc-util-1.69.1.jar (io.grpc:grpc-util:1.69.1) with ExternalDependencyInstrumentingArtifactTransform
Transforming flatbuffers-java-1.12.0.jar (com.google.flatbuffers:flatbuffers-java:1.12.0) with ExternalDependencyInstrumentingArtifactTransform
Transforming kotlin-klib-commonizer-api-2.1.21.jar (org.jetbrains.kotlin:kotlin-klib-commonizer-api:2.1.21) with ExternalDependencyInstrumentingArtifactTransform
Transforming kotlin-util-klib-metadata-2.1.21.jar (org.jetbrains.kotlin:kotlin-util-klib-metadata:2.1.21) with ExternalDependencyInstrumentingArtifactTransform
Transforming grpc-context-1.69.1.jar (io.grpc:grpc-context:1.69.1) with ExternalDependencyInstrumentingArtifactTransform
Transforming jimfs-1.1.jar (com.google.jimfs:jimfs:1.1) with ExternalDependencyInstrumentingArtifactTransform
Transforming kotlin-compiler-runner-2.1.21.jar (org.jetbrains.kotlin:kotlin-compiler-runner:2.1.21) with ExternalDependencyInstrumentingArtifactTransform
Transforming kotlin-gradle-plugin-idea-2.1.21.jar (org.jetbrains.kotlin:kotlin-gradle-plugin-idea:2.1.21) with ExternalDependencyInstrumentingArtifactTransform
Transforming grpc-protobuf-lite-1.69.1.jar (io.grpc:grpc-protobuf-lite:1.69.1) with ExternalDependencyInstrumentingArtifactTransform
Transforming grpc-api-1.69.1.jar (io.grpc:grpc-api:1.69.1) with ExternalDependencyInstrumentingArtifactTransform
Transforming handlebars-jackson2-4.3.1.jar (com.github.jknack:handlebars-jackson2:4.3.1) with ExternalDependencyInstrumentingArtifactTransform
Transforming jackson-datatype-threetenbp-2.15.2.jar (com.github.joschi.jackson:jackson-datatype-threetenbp:2.15.2) with ExternalDependencyInstrumentingArtifactTransform
Transforming jackson-datatype-joda-2.15.3.jar (com.fasterxml.jackson.datatype:jackson-datatype-joda:2.15.3) with ExternalDependencyInstrumentingArtifactTransform
Transforming swagger-core-2.2.19.jar (io.swagger.core.v3:swagger-core:2.2.19) with ExternalDependencyInstrumentingArtifactTransform
Transforming jackson-dataformat-yaml-2.15.3.jar (com.fasterxml.jackson.dataformat:jackson-dataformat-yaml:2.15.3) with ExternalDependencyInstrumentingArtifactTransform
Transforming swagger-core-1.6.12.jar (io.swagger:swagger-core:1.6.12) with ExternalDependencyInstrumentingArtifactTransform
Transforming json-patch-1.13.jar (com.github.java-json-tools:json-patch:1.13) with ExternalDependencyInstrumentingArtifactTransform
Transforming jackson-coreutils-2.0.jar (com.github.java-json-tools:jackson-coreutils:2.0) with ExternalDependencyInstrumentingArtifactTransform
Transforming json-schema-core-1.2.14.jar (com.github.java-json-tools:json-schema-core:1.2.14) with ExternalDependencyInstrumentingArtifactTransform
Transforming jackson-coreutils-equivalence-1.0.jar (com.github.java-json-tools:jackson-coreutils-equivalence:1.0) with ExternalDependencyInstrumentingArtifactTransform
Transforming jackson-datatype-jsr310-2.15.3.jar (com.fasterxml.jackson.datatype:jackson-datatype-jsr310:2.15.3) with ExternalDependencyInstrumentingArtifactTransform
Transforming swagger-parser-core-2.1.19.jar (io.swagger.parser.v3:swagger-parser-core:2.1.19) with ExternalDependencyInstrumentingArtifactTransform
Transforming jackson-databind-2.15.3.jar (com.fasterxml.jackson.core:jackson-databind:2.15.3) with ExternalDependencyInstrumentingArtifactTransform
Transforming jackson-core-2.15.3.jar (com.fasterxml.jackson.core:jackson-core:2.15.3) with ExternalDependencyInstrumentingArtifactTransform
Transforming swagger-models-2.2.19.jar (io.swagger.core.v3:swagger-models:2.2.19) with ExternalDependencyInstrumentingArtifactTransform
Transforming openapi-generator-core-7.5.0.jar (org.openapitools:openapi-generator-core:7.5.0) with ExternalDependencyInstrumentingArtifactTransform
Transforming jackson-annotations-2.15.3.jar (com.fasterxml.jackson.core:jackson-annotations:2.15.3) with ExternalDependencyInstrumentingArtifactTransform
Transforming jackson-datatype-guava-2.15.3.jar (com.fasterxml.jackson.datatype:jackson-datatype-guava:2.15.3) with ExternalDependencyInstrumentingArtifactTransform
Transforming uri-template-0.10.jar (com.github.java-json-tools:uri-template:0.10) with ExternalDependencyInstrumentingArtifactTransform
Transforming javax.inject-1.jar (javax.inject:javax.inject:1) with ExternalDependencyInstrumentingArtifactTransform
Transforming firebase-crashlytics-buildtools-3.0.4.jar (com.google.firebase:firebase-crashlytics-buildtools:3.0.4) with ExternalDependencyInstrumentingArtifactTransform
Transforming dagger-2.28.3.jar (com.google.dagger:dagger:2.28.3) with ExternalDependencyInstrumentingArtifactTransform
Transforming swagger-models-1.6.12.jar (io.swagger:swagger-models:1.6.12) with ExternalDependencyInstrumentingArtifactTransform
Transforming kxml2-2.3.0.jar (net.sf.kxml:kxml2:2.3.0) with ExternalDependencyInstrumentingArtifactTransform
Transforming commons-compress-1.21.jar (org.apache.commons:commons-compress:1.21) with ExternalDependencyInstrumentingArtifactTransform
Transforming bcutil-jdk18on-1.79.jar (org.bouncycastle:bcutil-jdk18on:1.79) with ExternalDependencyInstrumentingArtifactTransform
Transforming bcprov-jdk18on-1.79.jar (org.bouncycastle:bcprov-jdk18on:1.79) with ExternalDependencyInstrumentingArtifactTransform
Transforming guava-33.3.1-jre.jar (com.google.guava:guava:33.3.1-jre) with ExternalDependencyInstrumentingArtifactTransform
Transforming httpclient-4.5.14.jar (org.apache.httpcomponents:httpclient:4.5.14) with ExternalDependencyInstrumentingArtifactTransform
Transforming javax.activation-1.2.0.jar (com.sun.activation:javax.activation:1.2.0) with ExternalDependencyInstrumentingArtifactTransform
Transforming zipflinger-8.10.1.jar (com.android:zipflinger:8.10.1) with ExternalDependencyInstrumentingArtifactTransform
Transforming httpcore-4.4.16.jar (org.apache.httpcomponents:httpcore:4.4.16) with ExternalDependencyInstrumentingArtifactTransform
Transforming annotations-31.10.1.jar (com.android.tools:annotations:31.10.1) with ExternalDependencyInstrumentingArtifactTransform
Transforming signflinger-8.10.1.jar (com.android:signflinger:8.10.1) with ExternalDependencyInstrumentingArtifactTransform
Transforming javax.annotation-api-1.3.2.jar (javax.annotation:javax.annotation-api:1.3.2) with ExternalDependencyInstrumentingArtifactTransform
Transforming jna-platform-5.6.0.jar (net.java.dev.jna:jna-platform:5.6.0) with ExternalDependencyInstrumentingArtifactTransform
Transforming stax-ex-1.8.1.jar (org.jvnet.staxex:stax-ex:1.8.1) with ExternalDependencyInstrumentingArtifactTransform
Transforming jakarta.xml.bind-api-2.3.3.jar (jakarta.xml.bind:jakarta.xml.bind-api:2.3.3) with ExternalDependencyInstrumentingArtifactTransform
Transforming istack-commons-runtime-3.0.8.jar (com.sun.istack:istack-commons-runtime:3.0.8) with ExternalDependencyInstrumentingArtifactTransform
Transforming juniversalchardet-1.0.3.jar (com.googlecode.juniversalchardet:juniversalchardet:1.0.3) with ExternalDependencyInstrumentingArtifactTransform
Transforming FastInfoset-1.2.16.jar (com.sun.xml.fastinfoset:FastInfoset:1.2.16) with ExternalDependencyInstrumentingArtifactTransform
Transforming error_prone_annotations-2.30.0.jar (com.google.errorprone:error_prone_annotations:2.30.0) with ExternalDependencyInstrumentingArtifactTransform
Transforming txw2-2.3.2.jar (org.glassfish.jaxb:txw2:2.3.2) with ExternalDependencyInstrumentingArtifactTransform
Transforming auto-value-annotations-1.6.2.jar (com.google.auto.value:auto-value-annotations:1.6.2) with ExternalDependencyInstrumentingArtifactTransform
Transforming jakarta.activation-api-1.2.2.jar (jakarta.activation:jakarta.activation-api:1.2.2) with ExternalDependencyInstrumentingArtifactTransform
Transforming caffeine-2.9.3.jar (com.github.ben-manes.caffeine:caffeine:2.9.3) with ExternalDependencyInstrumentingArtifactTransform
Transforming jose4j-0.9.5.jar (org.bitbucket.b_c:jose4j:0.9.5) with ExternalDependencyInstrumentingArtifactTransform
Transforming handlebars-4.3.1.jar (com.github.jknack:handlebars:4.3.1) with ExternalDependencyInstrumentingArtifactTransform
Transforming slf4j-simple-1.7.36.jar (org.slf4j:slf4j-simple:1.7.36) with ExternalDependencyInstrumentingArtifactTransform
Transforming slf4j-api-2.0.9.jar (org.slf4j:slf4j-api:2.0.9) with ExternalDependencyInstrumentingArtifactTransform
Transforming slf4j-ext-1.7.36.jar (org.slf4j:slf4j-ext:1.7.36) with ExternalDependencyInstrumentingArtifactTransform
Transforming jdom2-2.0.6.jar (org.jdom:jdom2:2.0.6) with ExternalDependencyInstrumentingArtifactTransform
Transforming btf-1.3.jar (com.github.java-json-tools:btf:1.3) with ExternalDependencyInstrumentingArtifactTransform
Transforming msg-simple-1.2.jar (com.github.java-json-tools:msg-simple:1.2) with ExternalDependencyInstrumentingArtifactTransform
Transforming j2objc-annotations-3.0.0.jar (com.google.j2objc:j2objc-annotations:3.0.0) with ExternalDependencyInstrumentingArtifactTransform
Transforming annotations-4.1.1.4.jar (com.google.android:annotations:4.1.1.4) with ExternalDependencyInstrumentingArtifactTransform
Transforming animal-sniffer-annotations-1.24.jar (org.codehaus.mojo:animal-sniffer-annotations:1.24) with ExternalDependencyInstrumentingArtifactTransform
Transforming jsr305-3.0.2.jar (com.google.code.findbugs:jsr305:3.0.2) with ExternalDependencyInstrumentingArtifactTransform
Transforming netty-codec-http2-4.1.110.Final.jar (io.netty:netty-codec-http2:4.1.110.Final) with ExternalDependencyInstrumentingArtifactTransform
Transforming netty-handler-proxy-4.1.110.Final.jar (io.netty:netty-handler-proxy:4.1.110.Final) with ExternalDependencyInstrumentingArtifactTransform
Transforming netty-codec-http-4.1.110.Final.jar (io.netty:netty-codec-http:4.1.110.Final) with ExternalDependencyInstrumentingArtifactTransform
Transforming perfmark-api-0.27.0.jar (io.perfmark:perfmark-api:0.27.0) with ExternalDependencyInstrumentingArtifactTransform
Transforming netty-handler-4.1.110.Final.jar (io.netty:netty-handler:4.1.110.Final) with ExternalDependencyInstrumentingArtifactTransform
Transforming checker-qual-3.43.0.jar (org.checkerframework:checker-qual:3.43.0) with ExternalDependencyInstrumentingArtifactTransform
Transforming netty-transport-native-unix-common-4.1.110.Final.jar (io.netty:netty-transport-native-unix-common:4.1.110.Final) with ExternalDependencyInstrumentingArtifactTransform
Transforming apksig-8.10.1.jar (com.android.tools.build:apksig:8.10.1) with ExternalDependencyInstrumentingArtifactTransform
Transforming javawriter-2.5.0.jar (com.squareup:javawriter:2.5.0) with ExternalDependencyInstrumentingArtifactTransform
Transforming kotlin-gradle-plugin-annotations-2.1.21.jar (org.jetbrains.kotlin:kotlin-gradle-plugin-annotations:2.1.21) with ExternalDependencyInstrumentingArtifactTransform
Transforming kotlin-native-utils-2.1.21.jar (org.jetbrains.kotlin:kotlin-native-utils:2.1.21) with ExternalDependencyInstrumentingArtifactTransform
Transforming kotlin-build-tools-api-2.1.21.jar (org.jetbrains.kotlin:kotlin-build-tools-api:2.1.21) with ExternalDependencyInstrumentingArtifactTransform
Transforming xmlpull-1.1.3.1.jar (xmlpull:xmlpull:1.1.3.1) with ExternalDependencyInstrumentingArtifactTransform
Transforming kotlin-util-io-2.1.21.jar (org.jetbrains.kotlin:kotlin-util-io:2.1.21) with ExternalDependencyInstrumentingArtifactTransform
Transforming kotlin-daemon-client-2.1.21.jar (org.jetbrains.kotlin:kotlin-daemon-client:2.1.21) with ExternalDependencyInstrumentingArtifactTransform
Transforming kotlin-util-klib-2.1.21.jar (org.jetbrains.kotlin:kotlin-util-klib:2.1.21) with ExternalDependencyInstrumentingArtifactTransform
Transforming kotlinx-coroutines-core-jvm-1.8.0.jar (org.jetbrains.kotlinx:kotlinx-coroutines-core-jvm:1.8.0) with ExternalDependencyInstrumentingArtifactTransform
Transforming kotlin-tooling-core-2.1.21.jar (org.jetbrains.kotlin:kotlin-tooling-core:2.1.21) with ExternalDependencyInstrumentingArtifactTransform
Transforming failureaccess-1.0.2.jar (com.google.guava:failureaccess:1.0.2) with ExternalDependencyInstrumentingArtifactTransform
Transforming xpp3-1.1.4c.jar (xpp3:xpp3:1.1.4c) with ExternalDependencyInstrumentingArtifactTransform
Transforming listenablefuture-9999.0-empty-to-avoid-conflict-with-guava.jar (com.google.guava:listenablefuture:9999.0-empty-to-avoid-conflict-with-guava) with ExternalDependencyInstrumentingArtifactTransform
Transforming commons-codec-1.11.jar (commons-codec:commons-codec:1.11) with ExternalDependencyInstrumentingArtifactTransform
Transforming commons-logging-1.2.jar (commons-logging:commons-logging:1.2) with ExternalDependencyInstrumentingArtifactTransform
Transforming jna-5.12.1.jar (net.java.dev.jna:jna:5.12.1) with ExternalDependencyInstrumentingArtifactTransform
Transforming netty-codec-socks-4.1.110.Final.jar (io.netty:netty-codec-socks:4.1.110.Final) with ExternalDependencyInstrumentingArtifactTransform
Transforming netty-codec-4.1.110.Final.jar (io.netty:netty-codec:4.1.110.Final) with ExternalDependencyInstrumentingArtifactTransform
Transforming netty-common-4.1.110.Final.jar (io.netty:netty-common:4.1.110.Final) with ExternalDependencyInstrumentingArtifactTransform
Transforming jmustache-1.15.jar (com.samskivert:jmustache:1.15) with ExternalDependencyInstrumentingArtifactTransform
Transforming commons-text-1.10.0.jar (org.apache.commons:commons-text:1.10.0) with ExternalDependencyInstrumentingArtifactTransform
Transforming netty-buffer-4.1.110.Final.jar (io.netty:netty-buffer:4.1.110.Final) with ExternalDependencyInstrumentingArtifactTransform
Transforming netty-transport-4.1.110.Final.jar (io.netty:netty-transport:4.1.110.Final) with ExternalDependencyInstrumentingArtifactTransform
Transforming commons-lang3-3.13.0.jar (org.apache.commons:commons-lang3:3.13.0) with ExternalDependencyInstrumentingArtifactTransform
Transforming netty-resolver-4.1.110.Final.jar (io.netty:netty-resolver:4.1.110.Final) with ExternalDependencyInstrumentingArtifactTransform
Transforming commons-cli-1.5.0.jar (commons-cli:commons-cli:1.5.0) with ExternalDependencyInstrumentingArtifactTransform
Transforming commonmark-0.21.0.jar (org.commonmark:commonmark:0.21.0) with ExternalDependencyInstrumentingArtifactTransform
Transforming rgxgen-1.4.jar (com.github.curious-odd-man:rgxgen:1.4) with ExternalDependencyInstrumentingArtifactTransform
Transforming generex-1.0.2.jar (com.github.mifmif:generex:1.0.2) with ExternalDependencyInstrumentingArtifactTransform
Transforming snakeyaml-2.2.jar (org.yaml:snakeyaml:2.2) with ExternalDependencyInstrumentingArtifactTransform
Transforming lombok-1.18.30.jar (org.projectlombok:lombok:1.18.30) with ExternalDependencyInstrumentingArtifactTransform
Transforming automaton-1.11-8.jar (dk.brics.automaton:automaton:1.11-8) with ExternalDependencyInstrumentingArtifactTransform
Transforming joda-time-2.10.14.jar (joda-time:joda-time:2.10.14) with ExternalDependencyInstrumentingArtifactTransform
Transforming swagger-annotations-2.2.19.jar (io.swagger.core.v3:swagger-annotations:2.2.19) with ExternalDependencyInstrumentingArtifactTransform
Transforming swagger-annotations-1.6.12.jar (io.swagger:swagger-annotations:1.6.12) with ExternalDependencyInstrumentingArtifactTransform
Transforming threetenbp-1.6.8.jar (org.threeten:threetenbp:1.6.8) with ExternalDependencyInstrumentingArtifactTransform
Transforming libphonenumber-8.11.1.jar (com.googlecode.libphonenumber:libphonenumber:8.11.1) with ExternalDependencyInstrumentingArtifactTransform
Transforming rhino-1.7.7.2.jar (org.mozilla:rhino:1.7.7.2) with ExternalDependencyInstrumentingArtifactTransform
Transforming jakarta.validation-api-2.0.2.jar (jakarta.validation:jakarta.validation-api:2.0.2) with ExternalDependencyInstrumentingArtifactTransform
Transforming validation-api-1.1.0.Final.jar (javax.validation:validation-api:1.1.0.Final) with ExternalDependencyInstrumentingArtifactTransform

> Configure project :app
Evaluating project ':app' using build file 'C:\Users\Wehtt\Downloads\OracleDrive-Master (1)\OracleDrive-Master\docker\AuraFrameFx-Beta-main\AuraFrameFx-Beta-main\app\build.gradle.kts'.
Transforming kotlin-gradle-plugin-api-2.1.21-gradle85.jar (org.jetbrains.kotlin:kotlin-gradle-plugin-api:2.1.21) with InstrumentationAnalysisTransform
Transforming kotlin-serialization-2.1.21-gradle85.jar (org.jetbrains.kotlin:kotlin-serialization:2.1.21) with InstrumentationAnalysisTransform
Transforming kotlin-gradle-plugin-annotations-2.1.21.jar (org.jetbrains.kotlin:kotlin-gradle-plugin-annotations:2.1.21) with InstrumentationAnalysisTransform
Transforming kotlin-native-utils-2.1.21.jar (org.jetbrains.kotlin:kotlin-native-utils:2.1.21) with InstrumentationAnalysisTransform
Transforming kotlin-tooling-core-2.1.21.jar (org.jetbrains.kotlin:kotlin-tooling-core:2.1.21) with InstrumentationAnalysisTransform
Transforming kotlin-build-tools-api-2.1.21.jar (org.jetbrains.kotlin:kotlin-build-tools-api:2.1.21) with InstrumentationAnalysisTransform
Transforming kotlin-util-io-2.1.21.jar (org.jetbrains.kotlin:kotlin-util-io:2.1.21) with InstrumentationAnalysisTransform
Transforming kotlin-gradle-plugin-api-2.1.21-gradle85.jar (org.jetbrains.kotlin:kotlin-gradle-plugin-api:2.1.21) with InstrumentationAnalysisTransform
Transforming kotlin-gradle-plugin-api-2.1.21-gradle85.jar (org.jetbrains.kotlin:kotlin-gradle-plugin-api:2.1.21) with MergeInstrumentationAnalysisTransform
Transforming kotlin-serialization-2.1.21-gradle85.jar (org.jetbrains.kotlin:kotlin-serialization:2.1.21) with InstrumentationAnalysisTransform
Transforming kotlin-serialization-2.1.21-gradle85.jar (org.jetbrains.kotlin:kotlin-serialization:2.1.21) with MergeInstrumentationAnalysisTransform
Transforming kotlin-gradle-plugin-annotations-2.1.21.jar (org.jetbrains.kotlin:kotlin-gradle-plugin-annotations:2.1.21) with InstrumentationAnalysisTransform
Transforming kotlin-gradle-plugin-annotations-2.1.21.jar (org.jetbrains.kotlin:kotlin-gradle-plugin-annotations:2.1.21) with MergeInstrumentationAnalysisTransform
Transforming kotlin-native-utils-2.1.21.jar (org.jetbrains.kotlin:kotlin-native-utils:2.1.21) with InstrumentationAnalysisTransform
Transforming kotlin-native-utils-2.1.21.jar (org.jetbrains.kotlin:kotlin-native-utils:2.1.21) with MergeInstrumentationAnalysisTransform
Transforming kotlin-tooling-core-2.1.21.jar (org.jetbrains.kotlin:kotlin-tooling-core:2.1.21) with InstrumentationAnalysisTransform
Transforming kotlin-tooling-core-2.1.21.jar (org.jetbrains.kotlin:kotlin-tooling-core:2.1.21) with MergeInstrumentationAnalysisTransform
Transforming kotlin-build-tools-api-2.1.21.jar (org.jetbrains.kotlin:kotlin-build-tools-api:2.1.21) with InstrumentationAnalysisTransform
Transforming kotlin-build-tools-api-2.1.21.jar (org.jetbrains.kotlin:kotlin-build-tools-api:2.1.21) with MergeInstrumentationAnalysisTransform
Transforming kotlin-util-io-2.1.21.jar (org.jetbrains.kotlin:kotlin-util-io:2.1.21) with InstrumentationAnalysisTransform
Transforming kotlin-util-io-2.1.21.jar (org.jetbrains.kotlin:kotlin-util-io:2.1.21) with MergeInstrumentationAnalysisTransform
Transforming kotlin-gradle-plugin-api-2.1.21-gradle85.jar (org.jetbrains.kotlin:kotlin-gradle-plugin-api:2.1.21) with ExternalDependencyInstrumentingArtifactTransform
Transforming kotlin-serialization-2.1.21-gradle85.jar (org.jetbrains.kotlin:kotlin-serialization:2.1.21) with ExternalDependencyInstrumentingArtifactTransform
Transforming kotlin-gradle-plugin-annotations-2.1.21.jar (org.jetbrains.kotlin:kotlin-gradle-plugin-annotations:2.1.21) with ExternalDependencyInstrumentingArtifactTransform
Transforming kotlin-build-tools-api-2.1.21.jar (org.jetbrains.kotlin:kotlin-build-tools-api:2.1.21) with ExternalDependencyInstrumentingArtifactTransform
Transforming kotlin-native-utils-2.1.21.jar (org.jetbrains.kotlin:kotlin-native-utils:2.1.21) with ExternalDependencyInstrumentingArtifactTransform
Transforming kotlin-util-io-2.1.21.jar (org.jetbrains.kotlin:kotlin-util-io:2.1.21) with ExternalDependencyInstrumentingArtifactTransform
Transforming kotlin-tooling-core-2.1.21.jar (org.jetbrains.kotlin:kotlin-tooling-core:2.1.21) with ExternalDependencyInstrumentingArtifactTransform
Using default execution profile
Build 9312bdea-ad89-4b02-968d-ee3c21285399 is started
Using Kotlin Gradle Plugin gradle85 variant
Firebase Performance Instrumentation is enabled by default for debug variant.
Firebase Performance Instrumentation is enabled by default for release variant.
Firebase Performance Instrumentation is enabled by default for debug variant.
Firebase Performance Instrumentation is enabled by default for release variant.
Adding -Xuse-inline-scopes-numbers Kotlin compiler flag for task :app:compileDebugAndroidTestKotlin
Adding -Xuse-inline-scopes-numbers Kotlin compiler flag for task :app:compileDebugKotlin
Detected Android Gradle Plugin compose compiler configuration
Detected Android Gradle Plugin compose compiler configuration
Detected Android Gradle Plugin compose compiler configuration
Detected Android Gradle Plugin compose compiler configuration
Detected Android Gradle Plugin compose compiler configuration
Build 9312bdea-ad89-4b02-968d-ee3c21285399 is closed

0 problems were found storing the configuration cache.

See the complete report at file:///C:/Users/Wehtt/Downloads/OracleDrive-Master%20(1)/OracleDrive-Master/docker/AuraFrameFx-Beta-main/AuraFrameFx-Beta-main/build/reports/configuration-cache/ce1haqogcotz20jlz4jmrlkeh/cxo1qqbf48v2qlsvui3ph5pvd/configuration-cache-report.html

FAILURE: Build failed with an exception.

* What went wrong:
A problem occurred configuring project ':app'.
> SourceSet with name 'main' not found.

* Try:
> Run with --debug option to get more log output.
> Run with --scan to get full insights.
> Get more help at https://help.gradle.org.

* Exception is:
org.gradle.api.ProjectConfigurationException: A problem occurred configuring project ':app'.
	at org.gradle.configuration.project.LifecycleProjectEvaluator.wrapException(LifecycleProjectEvaluator.java:84)
	at org.gradle.configuration.project.LifecycleProjectEvaluator.addConfigurationFailure(LifecycleProjectEvaluator.java:77)
	at org.gradle.configuration.project.LifecycleProjectEvaluator.access$500(LifecycleProjectEvaluator.java:55)
	at org.gradle.configuration.project.LifecycleProjectEvaluator$NotifyAfterEvaluate.run(LifecycleProjectEvaluator.java:255)
	at org.gradle.internal.operations.DefaultBuildOperationRunner$1.execute(DefaultBuildOperationRunner.java:29)
	at org.gradle.internal.operations.DefaultBuildOperationRunner$1.execute(DefaultBuildOperationRunner.java:26)
	at org.gradle.internal.operations.DefaultBuildOperationRunner$2.execute(DefaultBuildOperationRunner.java:66)
	at org.gradle.internal.operations.DefaultBuildOperationRunner$2.execute(DefaultBuildOperationRunner.java:59)
	at org.gradle.internal.operations.DefaultBuildOperationRunner.execute(DefaultBuildOperationRunner.java:166)
	at org.gradle.internal.operations.DefaultBuildOperationRunner.execute(DefaultBuildOperationRunner.java:59)
	at org.gradle.internal.operations.DefaultBuildOperationRunner.run(DefaultBuildOperationRunner.java:47)
	at org.gradle.configuration.project.LifecycleProjectEvaluator$EvaluateProject.lambda$run$0(LifecycleProjectEvaluator.java:114)
	at org.gradle.api.internal.project.DefaultProjectStateRegistry$ProjectStateImpl.lambda$applyToMutableState$1(DefaultProjectStateRegistry.java:411)
	at org.gradle.api.internal.project.DefaultProjectStateRegistry$ProjectStateImpl.lambda$fromMutableState$2(DefaultProjectStateRegistry.java:434)
	at org.gradle.internal.work.DefaultWorkerLeaseService.withReplacedLocks(DefaultWorkerLeaseService.java:359)
	at org.gradle.api.internal.project.DefaultProjectStateRegistry$ProjectStateImpl.fromMutableState(DefaultProjectStateRegistry.java:434)
	at org.gradle.api.internal.project.DefaultProjectStateRegistry$ProjectStateImpl.applyToMutableState(DefaultProjectStateRegistry.java:410)
	at org.gradle.configuration.project.LifecycleProjectEvaluator$EvaluateProject.run(LifecycleProjectEvaluator.java:100)
	at org.gradle.internal.operations.DefaultBuildOperationRunner$1.execute(DefaultBuildOperationRunner.java:29)
	at org.gradle.internal.operations.DefaultBuildOperationRunner$1.execute(DefaultBuildOperationRunner.java:26)
	at org.gradle.internal.operations.DefaultBuildOperationRunner$2.execute(DefaultBuildOperationRunner.java:66)
	at org.gradle.internal.operations.DefaultBuildOperationRunner$2.execute(DefaultBuildOperationRunner.java:59)
	at org.gradle.internal.operations.DefaultBuildOperationRunner.execute(DefaultBuildOperationRunner.java:166)
	at org.gradle.internal.operations.DefaultBuildOperationRunner.execute(DefaultBuildOperationRunner.java:59)
	at org.gradle.internal.operations.DefaultBuildOperationRunner.run(DefaultBuildOperationRunner.java:47)
	at org.gradle.configuration.project.LifecycleProjectEvaluator.evaluate(LifecycleProjectEvaluator.java:72)
	at org.gradle.api.internal.project.DefaultProject.evaluateUnchecked(DefaultProject.java:825)
	at org.gradle.api.internal.project.ProjectLifecycleController.lambda$ensureSelfConfigured$2(ProjectLifecycleController.java:85)
	at org.gradle.internal.model.StateTransitionController.lambda$doTransition$14(StateTransitionController.java:255)
	at org.gradle.internal.model.StateTransitionController.doTransition(StateTransitionController.java:266)
	at org.gradle.internal.model.StateTransitionController.doTransition(StateTransitionController.java:254)
	at org.gradle.internal.model.StateTransitionController.lambda$maybeTransitionIfNotCurrentlyTransitioning$10(StateTransitionController.java:199)
	at org.gradle.internal.work.DefaultSynchronizer.withLock(DefaultSynchronizer.java:36)
	at org.gradle.internal.model.StateTransitionController.maybeTransitionIfNotCurrentlyTransitioning(StateTransitionController.java:195)
	at org.gradle.api.internal.project.ProjectLifecycleController.ensureSelfConfigured(ProjectLifecycleController.java:85)
	at org.gradle.api.internal.project.DefaultProjectStateRegistry$ProjectStateImpl.ensureConfigured(DefaultProjectStateRegistry.java:385)
	at org.gradle.execution.TaskPathProjectEvaluator.configure(TaskPathProjectEvaluator.java:42)
	at org.gradle.execution.TaskPathProjectEvaluator.configureHierarchy(TaskPathProjectEvaluator.java:58)
	at org.gradle.configuration.DefaultProjectsPreparer.prepareProjects(DefaultProjectsPreparer.java:50)
	at org.gradle.configuration.BuildTreePreparingProjectsPreparer.prepareProjects(BuildTreePreparingProjectsPreparer.java:65)
	at org.gradle.configuration.BuildOperationFiringProjectsPreparer$ConfigureBuild.run(BuildOperationFiringProjectsPreparer.java:52)
	at org.gradle.internal.operations.DefaultBuildOperationRunner$1.execute(DefaultBuildOperationRunner.java:29)
	at org.gradle.internal.operations.DefaultBuildOperationRunner$1.execute(DefaultBuildOperationRunner.java:26)
	at org.gradle.internal.operations.DefaultBuildOperationRunner$2.execute(DefaultBuildOperationRunner.java:66)
	at org.gradle.internal.operations.DefaultBuildOperationRunner$2.execute(DefaultBuildOperationRunner.java:59)
	at org.gradle.internal.operations.DefaultBuildOperationRunner.execute(DefaultBuildOperationRunner.java:166)
	at org.gradle.internal.operations.DefaultBuildOperationRunner.execute(DefaultBuildOperationRunner.java:59)
	at org.gradle.internal.operations.DefaultBuildOperationRunner.run(DefaultBuildOperationRunner.java:47)
	at org.gradle.configuration.BuildOperationFiringProjectsPreparer.prepareProjects(BuildOperationFiringProjectsPreparer.java:40)
	at org.gradle.initialization.VintageBuildModelController.lambda$prepareProjects$2(VintageBuildModelController.java:84)
	at org.gradle.internal.model.StateTransitionController.lambda$doTransition$14(StateTransitionController.java:255)
	at org.gradle.internal.model.StateTransitionController.doTransition(StateTransitionController.java:266)
	at org.gradle.internal.model.StateTransitionController.doTransition(StateTransitionController.java:254)
	at org.gradle.internal.model.StateTransitionController.lambda$transitionIfNotPreviously$11(StateTransitionController.java:213)
	at org.gradle.internal.work.DefaultSynchronizer.withLock(DefaultSynchronizer.java:36)
	at org.gradle.internal.model.StateTransitionController.transitionIfNotPreviously(StateTransitionController.java:209)
	at org.gradle.initialization.VintageBuildModelController.prepareProjects(VintageBuildModelController.java:84)
	at org.gradle.initialization.VintageBuildModelController.prepareToScheduleTasks(VintageBuildModelController.java:71)
	at org.gradle.internal.cc.impl.ConfigurationCacheAwareBuildModelController.prepareToScheduleTasks(ConfigurationCacheAwareBuildModelController.kt:49)
	at org.gradle.internal.build.DefaultBuildLifecycleController.lambda$prepareToScheduleTasks$6(DefaultBuildLifecycleController.java:175)
	at org.gradle.internal.model.StateTransitionController.lambda$doTransition$14(StateTransitionController.java:255)
	at org.gradle.internal.model.StateTransitionController.doTransition(StateTransitionController.java:266)
	at org.gradle.internal.model.StateTransitionController.doTransition(StateTransitionController.java:254)
	at org.gradle.internal.model.StateTransitionController.lambda$maybeTransition$9(StateTransitionController.java:190)
	at org.gradle.internal.work.DefaultSynchronizer.withLock(DefaultSynchronizer.java:36)
	at org.gradle.internal.model.StateTransitionController.maybeTransition(StateTransitionController.java:186)
	at org.gradle.internal.build.DefaultBuildLifecycleController.prepareToScheduleTasks(DefaultBuildLifecycleController.java:173)
	at org.gradle.internal.buildtree.DefaultBuildTreeWorkPreparer.scheduleRequestedTasks(DefaultBuildTreeWorkPreparer.java:36)
	at org.gradle.internal.cc.impl.ConfigurationCacheAwareBuildTreeWorkController$scheduleAndRunRequestedTasks$executionResult$1$result$1.invoke(ConfigurationCacheAwareBuildTreeWorkController.kt:48)
	at org.gradle.internal.cc.impl.ConfigurationCacheAwareBuildTreeWorkController$scheduleAndRunRequestedTasks$executionResult$1$result$1.invoke(ConfigurationCacheAwareBuildTreeWorkController.kt:45)
	at org.gradle.internal.cc.impl.DefaultConfigurationCache$loadOrScheduleRequestedTasks$1.invoke(DefaultConfigurationCache.kt:172)
	at org.gradle.internal.cc.impl.DefaultConfigurationCache$loadOrScheduleRequestedTasks$1.invoke(DefaultConfigurationCache.kt:171)
	at org.gradle.internal.cc.impl.DefaultConfigurationCache.runWorkThatContributesToCacheEntry(DefaultConfigurationCache.kt:392)
	at org.gradle.internal.cc.impl.DefaultConfigurationCache.loadOrScheduleRequestedTasks(DefaultConfigurationCache.kt:171)
	at org.gradle.internal.cc.impl.ConfigurationCacheAwareBuildTreeWorkController$scheduleAndRunRequestedTasks$executionResult$1.apply(ConfigurationCacheAwareBuildTreeWorkController.kt:45)
	at org.gradle.internal.cc.impl.ConfigurationCacheAwareBuildTreeWorkController$scheduleAndRunRequestedTasks$executionResult$1.apply(ConfigurationCacheAwareBuildTreeWorkController.kt:44)
	at org.gradle.composite.internal.DefaultIncludedBuildTaskGraph.withNewWorkGraph(DefaultIncludedBuildTaskGraph.java:112)
	at org.gradle.internal.cc.impl.ConfigurationCacheAwareBuildTreeWorkController.scheduleAndRunRequestedTasks(ConfigurationCacheAwareBuildTreeWorkController.kt:44)
	at org.gradle.internal.buildtree.DefaultBuildTreeLifecycleController.lambda$scheduleAndRunTasks$1(DefaultBuildTreeLifecycleController.java:77)
	at org.gradle.internal.buildtree.DefaultBuildTreeLifecycleController.lambda$runBuild$4(DefaultBuildTreeLifecycleController.java:120)
	at org.gradle.internal.model.StateTransitionController.lambda$transition$6(StateTransitionController.java:169)
	at org.gradle.internal.model.StateTransitionController.doTransition(StateTransitionController.java:266)
	at org.gradle.internal.model.StateTransitionController.lambda$transition$7(StateTransitionController.java:169)
	at org.gradle.internal.work.DefaultSynchronizer.withLock(DefaultSynchronizer.java:46)
	at org.gradle.internal.model.StateTransitionController.transition(StateTransitionController.java:169)
	at org.gradle.internal.buildtree.DefaultBuildTreeLifecycleController.runBuild(DefaultBuildTreeLifecycleController.java:117)
	at org.gradle.internal.buildtree.DefaultBuildTreeLifecycleController.scheduleAndRunTasks(DefaultBuildTreeLifecycleController.java:77)
	at org.gradle.internal.buildtree.DefaultBuildTreeLifecycleController.scheduleAndRunTasks(DefaultBuildTreeLifecycleController.java:72)
	at org.gradle.tooling.internal.provider.ExecuteBuildActionRunner.run(ExecuteBuildActionRunner.java:31)
	at org.gradle.launcher.exec.ChainingBuildActionRunner.run(ChainingBuildActionRunner.java:35)
	at org.gradle.internal.buildtree.ProblemReportingBuildActionRunner.run(ProblemReportingBuildActionRunner.java:49)
	at org.gradle.launcher.exec.BuildOutcomeReportingBuildActionRunner.run(BuildOutcomeReportingBuildActionRunner.java:66)
	at org.gradle.tooling.internal.provider.FileSystemWatchingBuildActionRunner.run(FileSystemWatchingBuildActionRunner.java:140)
	at org.gradle.launcher.exec.BuildCompletionNotifyingBuildActionRunner.run(BuildCompletionNotifyingBuildActionRunner.java:41)
	at org.gradle.launcher.exec.RootBuildLifecycleBuildActionExecutor.lambda$execute$0(RootBuildLifecycleBuildActionExecutor.java:54)
	at org.gradle.composite.internal.DefaultRootBuildState.run(DefaultRootBuildState.java:130)
	at org.gradle.launcher.exec.RootBuildLifecycleBuildActionExecutor.execute(RootBuildLifecycleBuildActionExecutor.java:54)
	at org.gradle.internal.buildtree.InitDeprecationLoggingActionExecutor.execute(InitDeprecationLoggingActionExecutor.java:62)
	at org.gradle.internal.buildtree.InitProblems.execute(InitProblems.java:36)
	at org.gradle.internal.buildtree.DefaultBuildTreeContext.execute(DefaultBuildTreeContext.java:40)
	at org.gradle.launcher.exec.BuildTreeLifecycleBuildActionExecutor.lambda$execute$0(BuildTreeLifecycleBuildActionExecutor.java:71)
	at org.gradle.internal.buildtree.BuildTreeState.run(BuildTreeState.java:60)
	at org.gradle.launcher.exec.BuildTreeLifecycleBuildActionExecutor.execute(BuildTreeLifecycleBuildActionExecutor.java:71)
	at org.gradle.launcher.exec.RunAsBuildOperationBuildActionExecutor$3.call(RunAsBuildOperationBuildActionExecutor.java:61)
	at org.gradle.launcher.exec.RunAsBuildOperationBuildActionExecutor$3.call(RunAsBuildOperationBuildActionExecutor.java:57)
	at org.gradle.internal.operations.DefaultBuildOperationRunner$CallableBuildOperationWorker.execute(DefaultBuildOperationRunner.java:209)
	at org.gradle.internal.operations.DefaultBuildOperationRunner$CallableBuildOperationWorker.execute(DefaultBuildOperationRunner.java:204)
	at org.gradle.internal.operations.DefaultBuildOperationRunner$2.execute(DefaultBuildOperationRunner.java:66)
	at org.gradle.internal.operations.DefaultBuildOperationRunner$2.execute(DefaultBuildOperationRunner.java:59)
	at org.gradle.internal.operations.DefaultBuildOperationRunner.execute(DefaultBuildOperationRunner.java:166)
	at org.gradle.internal.operations.DefaultBuildOperationRunner.execute(DefaultBuildOperationRunner.java:59)
	at org.gradle.internal.operations.DefaultBuildOperationRunner.call(DefaultBuildOperationRunner.java:53)
	at org.gradle.launcher.exec.RunAsBuildOperationBuildActionExecutor.execute(RunAsBuildOperationBuildActionExecutor.java:57)
	at org.gradle.launcher.exec.RunAsWorkerThreadBuildActionExecutor.lambda$execute$0(RunAsWorkerThreadBuildActionExecutor.java:36)
	at org.gradle.internal.work.DefaultWorkerLeaseService.withLocks(DefaultWorkerLeaseService.java:263)
	at org.gradle.internal.work.DefaultWorkerLeaseService.runAsWorkerThread(DefaultWorkerLeaseService.java:127)
	at org.gradle.launcher.exec.RunAsWorkerThreadBuildActionExecutor.execute(RunAsWorkerThreadBuildActionExecutor.java:36)
	at org.gradle.tooling.internal.provider.continuous.ContinuousBuildActionExecutor.execute(ContinuousBuildActionExecutor.java:110)
	at org.gradle.tooling.internal.provider.SubscribableBuildActionExecutor.execute(SubscribableBuildActionExecutor.java:64)
	at org.gradle.internal.session.DefaultBuildSessionContext.execute(DefaultBuildSessionContext.java:46)
	at org.gradle.internal.buildprocess.execution.BuildSessionLifecycleBuildActionExecutor$ActionImpl.apply(BuildSessionLifecycleBuildActionExecutor.java:92)
	at org.gradle.internal.buildprocess.execution.BuildSessionLifecycleBuildActionExecutor$ActionImpl.apply(BuildSessionLifecycleBuildActionExecutor.java:80)
	at org.gradle.internal.session.BuildSessionState.run(BuildSessionState.java:71)
	at org.gradle.internal.buildprocess.execution.BuildSessionLifecycleBuildActionExecutor.execute(BuildSessionLifecycleBuildActionExecutor.java:62)
	at org.gradle.internal.buildprocess.execution.BuildSessionLifecycleBuildActionExecutor.execute(BuildSessionLifecycleBuildActionExecutor.java:41)
	at org.gradle.internal.buildprocess.execution.StartParamsValidatingActionExecutor.execute(StartParamsValidatingActionExecutor.java:64)
	at org.gradle.internal.buildprocess.execution.StartParamsValidatingActionExecutor.execute(StartParamsValidatingActionExecutor.java:32)
	at org.gradle.internal.buildprocess.execution.SessionFailureReportingActionExecutor.execute(SessionFailureReportingActionExecutor.java:51)
	at org.gradle.internal.buildprocess.execution.SessionFailureReportingActionExecutor.execute(SessionFailureReportingActionExecutor.java:39)
	at org.gradle.internal.buildprocess.execution.SetupLoggingActionExecutor.execute(SetupLoggingActionExecutor.java:47)
	at org.gradle.internal.buildprocess.execution.SetupLoggingActionExecutor.execute(SetupLoggingActionExecutor.java:31)
	at org.gradle.launcher.daemon.server.exec.ExecuteBuild.doBuild(ExecuteBuild.java:70)
	at org.gradle.launcher.daemon.server.exec.BuildCommandOnly.execute(BuildCommandOnly.java:37)
	at org.gradle.launcher.daemon.server.api.DaemonCommandExecution.proceed(DaemonCommandExecution.java:104)
	at org.gradle.launcher.daemon.server.exec.WatchForDisconnection.execute(WatchForDisconnection.java:39)
	at org.gradle.launcher.daemon.server.api.DaemonCommandExecution.proceed(DaemonCommandExecution.java:104)
	at org.gradle.launcher.daemon.server.exec.ResetDeprecationLogger.execute(ResetDeprecationLogger.java:29)
	at org.gradle.launcher.daemon.server.api.DaemonCommandExecution.proceed(DaemonCommandExecution.java:104)
	at org.gradle.launcher.daemon.server.exec.RequestStopIfSingleUsedDaemon.execute(RequestStopIfSingleUsedDaemon.java:35)
	at org.gradle.launcher.daemon.server.api.DaemonCommandExecution.proceed(DaemonCommandExecution.java:104)
	at org.gradle.launcher.daemon.server.exec.ForwardClientInput.lambda$execute$0(ForwardClientInput.java:40)
	at org.gradle.internal.daemon.clientinput.ClientInputForwarder.forwardInput(ClientInputForwarder.java:80)
	at org.gradle.launcher.daemon.server.exec.ForwardClientInput.execute(ForwardClientInput.java:37)
	at org.gradle.launcher.daemon.server.api.DaemonCommandExecution.proceed(DaemonCommandExecution.java:104)
	at org.gradle.launcher.daemon.server.exec.LogAndCheckHealth.execute(LogAndCheckHealth.java:53)
	at org.gradle.launcher.daemon.server.api.DaemonCommandExecution.proceed(DaemonCommandExecution.java:104)
	at org.gradle.launcher.daemon.server.exec.LogToClient.doBuild(LogToClient.java:63)
	at org.gradle.launcher.daemon.server.exec.BuildCommandOnly.execute(BuildCommandOnly.java:37)
	at org.gradle.launcher.daemon.server.api.DaemonCommandExecution.proceed(DaemonCommandExecution.java:104)
	at org.gradle.launcher.daemon.server.exec.EstablishBuildEnvironment.doBuild(EstablishBuildEnvironment.java:84)
	at org.gradle.launcher.daemon.server.exec.BuildCommandOnly.execute(BuildCommandOnly.java:37)
	at org.gradle.launcher.daemon.server.api.DaemonCommandExecution.proceed(DaemonCommandExecution.java:104)
	at org.gradle.launcher.daemon.server.exec.StartBuildOrRespondWithBusy$1.run(StartBuildOrRespondWithBusy.java:52)
	at org.gradle.launcher.daemon.server.DaemonStateCoordinator.lambda$runCommand$0(DaemonStateCoordinator.java:321)
	at org.gradle.internal.concurrent.ExecutorPolicy$CatchAndRecordFailures.onExecute(ExecutorPolicy.java:64)
	at org.gradle.internal.concurrent.AbstractManagedExecutor$1.run(AbstractManagedExecutor.java:48)
Caused by: org.gradle.api.UnknownDomainObjectException: SourceSet with name 'main' not found.
	at org.gradle.api.internal.DefaultNamedDomainObjectCollection.createNotFoundException(DefaultNamedDomainObjectCollection.java:530)
	at org.gradle.api.internal.DefaultNamedDomainObjectCollection.named(DefaultNamedDomainObjectCollection.java:386)
	at org.gradle.api.internal.DefaultNamedDomainObjectCollection.named(DefaultNamedDomainObjectCollection.java:394)
	at Build_gradle$8$1.execute(build.gradle.kts:407)
	at Build_gradle$8$1.execute(build.gradle.kts:406)
	at org.gradle.internal.extensibility.ExtensionsStorage$ExtensionHolder.configure(ExtensionsStorage.java:177)
	at org.gradle.internal.extensibility.ExtensionsStorage.configureExtension(ExtensionsStorage.java:64)
	at org.gradle.internal.extensibility.DefaultConvention.configure(DefaultConvention.java:207)
	at org.gradle.kotlin.dsl.Accessors2oadk7let745pm8ahqypkqzlkKt.sourceSets(Unknown Source)
	at Build_gradle$8.execute(build.gradle.kts:406)
	at Build_gradle$8.execute(build.gradle.kts:405)
	at org.gradle.internal.code.DefaultUserCodeApplicationContext$CurrentApplication$1.execute(DefaultUserCodeApplicationContext.java:124)
	at org.gradle.configuration.internal.DefaultListenerBuildOperationDecorator$BuildOperationEmittingAction$1.run(DefaultListenerBuildOperationDecorator.java:173)
	at org.gradle.internal.operations.DefaultBuildOperationRunner$1.execute(DefaultBuildOperationRunner.java:29)
	at org.gradle.internal.operations.DefaultBuildOperationRunner$1.execute(DefaultBuildOperationRunner.java:26)
	at org.gradle.internal.operations.DefaultBuildOperationRunner$2.execute(DefaultBuildOperationRunner.java:66)
	at org.gradle.internal.operations.DefaultBuildOperationRunner$2.execute(DefaultBuildOperationRunner.java:59)
	at org.gradle.internal.operations.DefaultBuildOperationRunner.execute(DefaultBuildOperationRunner.java:166)
	at org.gradle.internal.operations.DefaultBuildOperationRunner.execute(DefaultBuildOperationRunner.java:59)
	at org.gradle.internal.operations.DefaultBuildOperationRunner.run(DefaultBuildOperationRunner.java:47)
	at org.gradle.configuration.internal.DefaultListenerBuildOperationDecorator$BuildOperationEmittingAction.execute(DefaultListenerBuildOperationDecorator.java:170)
	at org.gradle.internal.event.BroadcastDispatch$ActionInvocationHandler.dispatch(BroadcastDispatch.java:99)
	at org.gradle.internal.event.BroadcastDispatch$ActionInvocationHandler.dispatch(BroadcastDispatch.java:87)
	at org.gradle.internal.event.AbstractBroadcastDispatch.dispatch(AbstractBroadcastDispatch.java:44)
	at org.gradle.internal.event.BroadcastDispatch$SingletonDispatch.dispatch(BroadcastDispatch.java:268)
	at org.gradle.internal.event.BroadcastDispatch$SingletonDispatch.dispatch(BroadcastDispatch.java:170)
	at org.gradle.internal.event.AbstractBroadcastDispatch.dispatch(AbstractBroadcastDispatch.java:84)
	at org.gradle.internal.event.AbstractBroadcastDispatch.dispatch(AbstractBroadcastDispatch.java:70)
	at org.gradle.internal.event.BroadcastDispatch$CompositeDispatch.dispatch(BroadcastDispatch.java:380)
	at org.gradle.internal.event.BroadcastDispatch$CompositeDispatch.dispatch(BroadcastDispatch.java:272)
	at org.gradle.internal.event.ListenerBroadcast.dispatch(ListenerBroadcast.java:153)
	at org.gradle.internal.event.ListenerBroadcast.dispatch(ListenerBroadcast.java:38)
	at org.gradle.internal.dispatch.ProxyDispatchAdapter$DispatchingInvocationHandler.invoke(ProxyDispatchAdapter.java:92)
	at jdk.proxy1/jdk.proxy1.$Proxy71.afterEvaluate(Unknown Source)
	at org.gradle.configuration.project.LifecycleProjectEvaluator$NotifyAfterEvaluate$1.execute(LifecycleProjectEvaluator.java:247)
	at org.gradle.configuration.project.LifecycleProjectEvaluator$NotifyAfterEvaluate$1.execute(LifecycleProjectEvaluator.java:244)
	at org.gradle.api.internal.project.DefaultProject.stepEvaluationListener(DefaultProject.java:1595)
	at org.gradle.configuration.project.LifecycleProjectEvaluator$NotifyAfterEvaluate.run(LifecycleProjectEvaluator.java:253)
	at org.gradle.internal.operations.DefaultBuildOperationRunner$1.execute(DefaultBuildOperationRunner.java:29)
	at org.gradle.internal.operations.DefaultBuildOperationRunner$1.execute(DefaultBuildOperationRunner.java:26)
	at org.gradle.internal.operations.DefaultBuildOperationRunner$2.execute(DefaultBuildOperationRunner.java:66)
	at org.gradle.internal.operations.DefaultBuildOperationRunner$2.execute(DefaultBuildOperationRunner.java:59)
	at org.gradle.internal.operations.DefaultBuildOperationRunner.execute(DefaultBuildOperationRunner.java:166)
	at org.gradle.internal.operations.DefaultBuildOperationRunner.execute(DefaultBuildOperationRunner.java:59)
	at org.gradle.internal.operations.DefaultBuildOperationRunner.run(DefaultBuildOperationRunner.java:47)
	at org.gradle.configuration.project.LifecycleProjectEvaluator$EvaluateProject.lambda$run$0(LifecycleProjectEvaluator.java:114)
	at org.gradle.api.internal.project.DefaultProjectStateRegistry$ProjectStateImpl.lambda$applyToMutableState$1(DefaultProjectStateRegistry.java:411)
	at org.gradle.api.internal.project.DefaultProjectStateRegistry$ProjectStateImpl.lambda$fromMutableState$2(DefaultProjectStateRegistry.java:434)
	at org.gradle.internal.work.DefaultWorkerLeaseService.withReplacedLocks(DefaultWorkerLeaseService.java:359)
	at org.gradle.api.internal.project.DefaultProjectStateRegistry$ProjectStateImpl.fromMutableState(DefaultProjectStateRegistry.java:434)
	at org.gradle.api.internal.project.DefaultProjectStateRegistry$ProjectStateImpl.applyToMutableState(DefaultProjectStateRegistry.java:410)
	at org.gradle.configuration.project.LifecycleProjectEvaluator$EvaluateProject.run(LifecycleProjectEvaluator.java:100)
	at org.gradle.internal.operations.DefaultBuildOperationRunner$1.execute(DefaultBuildOperationRunner.java:29)
	at org.gradle.internal.operations.DefaultBuildOperationRunner$1.execute(DefaultBuildOperationRunner.java:26)
	at org.gradle.internal.operations.DefaultBuildOperationRunner$2.execute(DefaultBuildOperationRunner.java:66)
	at org.gradle.internal.operations.DefaultBuildOperationRunner$2.execute(DefaultBuildOperationRunner.java:59)
	at org.gradle.internal.operations.DefaultBuildOperationRunner.execute(DefaultBuildOperationRunner.java:166)
	at org.gradle.internal.operations.DefaultBuildOperationRunner.execute(DefaultBuildOperationRunner.java:59)
	at org.gradle.internal.operations.DefaultBuildOperationRunner.run(DefaultBuildOperationRunner.java:47)
	at org.gradle.configuration.project.LifecycleProjectEvaluator.evaluate(LifecycleProjectEvaluator.java:72)
	at org.gradle.api.internal.project.DefaultProject.evaluateUnchecked(DefaultProject.java:825)
	at org.gradle.api.internal.project.ProjectLifecycleController.lambda$ensureSelfConfigured$2(ProjectLifecycleController.java:85)
	at org.gradle.internal.model.StateTransitionController.lambda$doTransition$14(StateTransitionController.java:255)
	at org.gradle.internal.model.StateTransitionController.doTransition(StateTransitionController.java:266)
	at org.gradle.internal.model.StateTransitionController.doTransition(StateTransitionController.java:254)
	at org.gradle.internal.model.StateTransitionController.lambda$maybeTransitionIfNotCurrentlyTransitioning$10(StateTransitionController.java:199)
	at org.gradle.internal.work.DefaultSynchronizer.withLock(DefaultSynchronizer.java:36)
	at org.gradle.internal.model.StateTransitionController.maybeTransitionIfNotCurrentlyTransitioning(StateTransitionController.java:195)
	at org.gradle.api.internal.project.ProjectLifecycleController.ensureSelfConfigured(ProjectLifecycleController.java:85)
	at org.gradle.api.internal.project.DefaultProjectStateRegistry$ProjectStateImpl.ensureConfigured(DefaultProjectStateRegistry.java:385)
	at org.gradle.execution.TaskPathProjectEvaluator.configure(TaskPathProjectEvaluator.java:42)
	at org.gradle.execution.TaskPathProjectEvaluator.configureHierarchy(TaskPathProjectEvaluator.java:58)
	at org.gradle.configuration.DefaultProjectsPreparer.prepareProjects(DefaultProjectsPreparer.java:50)
	at org.gradle.configuration.BuildTreePreparingProjectsPreparer.prepareProjects(BuildTreePreparingProjectsPreparer.java:65)
	at org.gradle.configuration.BuildOperationFiringProjectsPreparer$ConfigureBuild.run(BuildOperationFiringProjectsPreparer.java:52)
	at org.gradle.internal.operations.DefaultBuildOperationRunner$1.execute(DefaultBuildOperationRunner.java:29)
	at org.gradle.internal.operations.DefaultBuildOperationRunner$1.execute(DefaultBuildOperationRunner.java:26)
	at org.gradle.internal.operations.DefaultBuildOperationRunner$2.execute(DefaultBuildOperationRunner.java:66)
	at org.gradle.internal.operations.DefaultBuildOperationRunner$2.execute(DefaultBuildOperationRunner.java:59)
	at org.gradle.internal.operations.DefaultBuildOperationRunner.execute(DefaultBuildOperationRunner.java:166)
	at org.gradle.internal.operations.DefaultBuildOperationRunner.execute(DefaultBuildOperationRunner.java:59)
	at org.gradle.internal.operations.DefaultBuildOperationRunner.run(DefaultBuildOperationRunner.java:47)
	at org.gradle.configuration.BuildOperationFiringProjectsPreparer.prepareProjects(BuildOperationFiringProjectsPreparer.java:40)
	at org.gradle.initialization.VintageBuildModelController.lambda$prepareProjects$2(VintageBuildModelController.java:84)
	at org.gradle.internal.model.StateTransitionController.lambda$doTransition$14(StateTransitionController.java:255)
	at org.gradle.internal.model.StateTransitionController.doTransition(StateTransitionController.java:266)
	at org.gradle.internal.model.StateTransitionController.doTransition(StateTransitionController.java:254)
	at org.gradle.internal.model.StateTransitionController.lambda$transitionIfNotPreviously$11(StateTransitionController.java:213)
	at org.gradle.internal.work.DefaultSynchronizer.withLock(DefaultSynchronizer.java:36)
	at org.gradle.internal.model.StateTransitionController.transitionIfNotPreviously(StateTransitionController.java:209)
	at org.gradle.initialization.VintageBuildModelController.prepareProjects(VintageBuildModelController.java:84)
	at org.gradle.initialization.VintageBuildModelController.prepareToScheduleTasks(VintageBuildModelController.java:71)
	at org.gradle.internal.cc.impl.ConfigurationCacheAwareBuildModelController.prepareToScheduleTasks(ConfigurationCacheAwareBuildModelController.kt:49)
	at org.gradle.internal.build.DefaultBuildLifecycleController.lambda$prepareToScheduleTasks$6(DefaultBuildLifecycleController.java:175)
	at org.gradle.internal.model.StateTransitionController.lambda$doTransition$14(StateTransitionController.java:255)
	at org.gradle.internal.model.StateTransitionController.doTransition(StateTransitionController.java:266)
	at org.gradle.internal.model.StateTransitionController.doTransition(StateTransitionController.java:254)
	at org.gradle.internal.model.StateTransitionController.lambda$maybeTransition$9(StateTransitionController.java:190)
	at org.gradle.internal.work.DefaultSynchronizer.withLock(DefaultSynchronizer.java:36)
	at org.gradle.internal.model.StateTransitionController.maybeTransition(StateTransitionController.java:186)
	at org.gradle.internal.build.DefaultBuildLifecycleController.prepareToScheduleTasks(DefaultBuildLifecycleController.java:173)
	at org.gradle.internal.buildtree.DefaultBuildTreeWorkPreparer.scheduleRequestedTasks(DefaultBuildTreeWorkPreparer.java:36)
	at org.gradle.internal.cc.impl.ConfigurationCacheAwareBuildTreeWorkController$scheduleAndRunRequestedTasks$executionResult$1$result$1.invoke(ConfigurationCacheAwareBuildTreeWorkController.kt:48)
	at org.gradle.internal.cc.impl.ConfigurationCacheAwareBuildTreeWorkController$scheduleAndRunRequestedTasks$executionResult$1$result$1.invoke(ConfigurationCacheAwareBuildTreeWorkController.kt:45)
	at org.gradle.internal.cc.impl.DefaultConfigurationCache$loadOrScheduleRequestedTasks$1.invoke(DefaultConfigurationCache.kt:172)
	at org.gradle.internal.cc.impl.DefaultConfigurationCache$loadOrScheduleRequestedTasks$1.invoke(DefaultConfigurationCache.kt:171)
	at org.gradle.internal.cc.impl.DefaultConfigurationCache.runWorkThatContributesToCacheEntry(DefaultConfigurationCache.kt:392)
	at org.gradle.internal.cc.impl.DefaultConfigurationCache.loadOrScheduleRequestedTasks(DefaultConfigurationCache.kt:171)
	at org.gradle.internal.cc.impl.ConfigurationCacheAwareBuildTreeWorkController$scheduleAndRunRequestedTasks$executionResult$1.apply(ConfigurationCacheAwareBuildTreeWorkController.kt:45)
	at org.gradle.internal.cc.impl.ConfigurationCacheAwareBuildTreeWorkController$scheduleAndRunRequestedTasks$executionResult$1.apply(ConfigurationCacheAwareBuildTreeWorkController.kt:44)
	at org.gradle.composite.internal.DefaultIncludedBuildTaskGraph.withNewWorkGraph(DefaultIncludedBuildTaskGraph.java:112)
	at org.gradle.internal.cc.impl.ConfigurationCacheAwareBuildTreeWorkController.scheduleAndRunRequestedTasks(ConfigurationCacheAwareBuildTreeWorkController.kt:44)
	at org.gradle.internal.buildtree.DefaultBuildTreeLifecycleController.lambda$scheduleAndRunTasks$1(DefaultBuildTreeLifecycleController.java:77)
	at org.gradle.internal.buildtree.DefaultBuildTreeLifecycleController.lambda$runBuild$4(DefaultBuildTreeLifecycleController.java:120)
	at org.gradle.internal.model.StateTransitionController.lambda$transition$6(StateTransitionController.java:169)
	at org.gradle.internal.model.StateTransitionController.doTransition(StateTransitionController.java:266)
	at org.gradle.internal.model.StateTransitionController.lambda$transition$7(StateTransitionController.java:169)
	at org.gradle.internal.work.DefaultSynchronizer.withLock(DefaultSynchronizer.java:46)
	at org.gradle.internal.model.StateTransitionController.transition(StateTransitionController.java:169)
	at org.gradle.internal.buildtree.DefaultBuildTreeLifecycleController.runBuild(DefaultBuildTreeLifecycleController.java:117)
	at org.gradle.internal.buildtree.DefaultBuildTreeLifecycleController.scheduleAndRunTasks(DefaultBuildTreeLifecycleController.java:77)
	at org.gradle.internal.buildtree.DefaultBuildTreeLifecycleController.scheduleAndRunTasks(DefaultBuildTreeLifecycleController.java:72)
	at org.gradle.tooling.internal.provider.ExecuteBuildActionRunner.run(ExecuteBuildActionRunner.java:31)
	at org.gradle.launcher.exec.ChainingBuildActionRunner.run(ChainingBuildActionRunner.java:35)
	at org.gradle.internal.buildtree.ProblemReportingBuildActionRunner.run(ProblemReportingBuildActionRunner.java:49)
	at org.gradle.launcher.exec.BuildOutcomeReportingBuildActionRunner.run(BuildOutcomeReportingBuildActionRunner.java:66)
	at org.gradle.tooling.internal.provider.FileSystemWatchingBuildActionRunner.run(FileSystemWatchingBuildActionRunner.java:140)
	at org.gradle.launcher.exec.BuildCompletionNotifyingBuildActionRunner.run(BuildCompletionNotifyingBuildActionRunner.java:41)
	at org.gradle.launcher.exec.RootBuildLifecycleBuildActionExecutor.lambda$execute$0(RootBuildLifecycleBuildActionExecutor.java:54)
	at org.gradle.composite.internal.DefaultRootBuildState.run(DefaultRootBuildState.java:130)
	at org.gradle.launcher.exec.RootBuildLifecycleBuildActionExecutor.execute(RootBuildLifecycleBuildActionExecutor.java:54)
	at org.gradle.internal.buildtree.InitDeprecationLoggingActionExecutor.execute(InitDeprecationLoggingActionExecutor.java:62)
	at org.gradle.internal.buildtree.InitProblems.execute(InitProblems.java:36)
	at org.gradle.internal.buildtree.DefaultBuildTreeContext.execute(DefaultBuildTreeContext.java:40)
	at org.gradle.launcher.exec.BuildTreeLifecycleBuildActionExecutor.lambda$execute$0(BuildTreeLifecycleBuildActionExecutor.java:71)
	at org.gradle.internal.buildtree.BuildTreeState.run(BuildTreeState.java:60)
	at org.gradle.launcher.exec.BuildTreeLifecycleBuildActionExecutor.execute(BuildTreeLifecycleBuildActionExecutor.java:71)
	at org.gradle.launcher.exec.RunAsBuildOperationBuildActionExecutor$3.call(RunAsBuildOperationBuildActionExecutor.java:61)
	at org.gradle.launcher.exec.RunAsBuildOperationBuildActionExecutor$3.call(RunAsBuildOperationBuildActionExecutor.java:57)
	at org.gradle.internal.operations.DefaultBuildOperationRunner$CallableBuildOperationWorker.execute(DefaultBuildOperationRunner.java:209)
	at org.gradle.internal.operations.DefaultBuildOperationRunner$CallableBuildOperationWorker.execute(DefaultBuildOperationRunner.java:204)
	at org.gradle.internal.operations.DefaultBuildOperationRunner$2.execute(DefaultBuildOperationRunner.java:66)
	at org.gradle.internal.operations.DefaultBuildOperationRunner$2.execute(DefaultBuildOperationRunner.java:59)
	at org.gradle.internal.operations.DefaultBuildOperationRunner.execute(DefaultBuildOperationRunner.java:166)
	at org.gradle.internal.operations.DefaultBuildOperationRunner.execute(DefaultBuildOperationRunner.java:59)
	at org.gradle.internal.operations.DefaultBuildOperationRunner.call(DefaultBuildOperationRunner.java:53)
	at org.gradle.launcher.exec.RunAsBuildOperationBuildActionExecutor.execute(RunAsBuildOperationBuildActionExecutor.java:57)
	at org.gradle.launcher.exec.RunAsWorkerThreadBuildActionExecutor.lambda$execute$0(RunAsWorkerThreadBuildActionExecutor.java:36)
	at org.gradle.internal.work.DefaultWorkerLeaseService.withLocks(DefaultWorkerLeaseService.java:263)
	at org.gradle.internal.work.DefaultWorkerLeaseService.runAsWorkerThread(DefaultWorkerLeaseService.java:127)
	at org.gradle.launcher.exec.RunAsWorkerThreadBuildActionExecutor.execute(RunAsWorkerThreadBuildActionExecutor.java:36)
	at org.gradle.tooling.internal.provider.continuous.ContinuousBuildActionExecutor.execute(ContinuousBuildActionExecutor.java:110)
	at org.gradle.tooling.internal.provider.SubscribableBuildActionExecutor.execute(SubscribableBuildActionExecutor.java:64)
	at org.gradle.internal.session.DefaultBuildSessionContext.execute(DefaultBuildSessionContext.java:46)
	at org.gradle.internal.buildprocess.execution.BuildSessionLifecycleBuildActionExecutor$ActionImpl.apply(BuildSessionLifecycleBuildActionExecutor.java:92)
	at org.gradle.internal.buildprocess.execution.BuildSessionLifecycleBuildActionExecutor$ActionImpl.apply(BuildSessionLifecycleBuildActionExecutor.java:80)
	at org.gradle.internal.session.BuildSessionState.run(BuildSessionState.java:71)
	at org.gradle.internal.buildprocess.execution.BuildSessionLifecycleBuildActionExecutor.execute(BuildSessionLifecycleBuildActionExecutor.java:62)
	at org.gradle.internal.buildprocess.execution.BuildSessionLifecycleBuildActionExecutor.execute(BuildSessionLifecycleBuildActionExecutor.java:41)
	at org.gradle.internal.buildprocess.execution.StartParamsValidatingActionExecutor.execute(StartParamsValidatingActionExecutor.java:64)
	at org.gradle.internal.buildprocess.execution.StartParamsValidatingActionExecutor.execute(StartParamsValidatingActionExecutor.java:32)
	at org.gradle.internal.buildprocess.execution.SessionFailureReportingActionExecutor.execute(SessionFailureReportingActionExecutor.java:51)
	at org.gradle.internal.buildprocess.execution.SessionFailureReportingActionExecutor.execute(SessionFailureReportingActionExecutor.java:39)
	at org.gradle.internal.buildprocess.execution.SetupLoggingActionExecutor.execute(SetupLoggingActionExecutor.java:47)
	at org.gradle.internal.buildprocess.execution.SetupLoggingActionExecutor.execute(SetupLoggingActionExecutor.java:31)
	at org.gradle.launcher.daemon.server.exec.ExecuteBuild.doBuild(ExecuteBuild.java:70)
	at org.gradle.launcher.daemon.server.exec.BuildCommandOnly.execute(BuildCommandOnly.java:37)
	at org.gradle.launcher.daemon.server.api.DaemonCommandExecution.proceed(DaemonCommandExecution.java:104)
	at org.gradle.launcher.daemon.server.exec.WatchForDisconnection.execute(WatchForDisconnection.java:39)
	at org.gradle.launcher.daemon.server.api.DaemonCommandExecution.proceed(DaemonCommandExecution.java:104)
	at org.gradle.launcher.daemon.server.exec.ResetDeprecationLogger.execute(ResetDeprecationLogger.java:29)
	at org.gradle.launcher.daemon.server.api.DaemonCommandExecution.proceed(DaemonCommandExecution.java:104)
	at org.gradle.launcher.daemon.server.exec.RequestStopIfSingleUsedDaemon.execute(RequestStopIfSingleUsedDaemon.java:35)
	at org.gradle.launcher.daemon.server.api.DaemonCommandExecution.proceed(DaemonCommandExecution.java:104)
	at org.gradle.launcher.daemon.server.exec.ForwardClientInput.lambda$execute$0(ForwardClientInput.java:40)
	at org.gradle.internal.daemon.clientinput.ClientInputForwarder.forwardInput(ClientInputForwarder.java:80)
	at org.gradle.launcher.daemon.server.exec.ForwardClientInput.execute(ForwardClientInput.java:37)
	at org.gradle.launcher.daemon.server.api.DaemonCommandExecution.proceed(DaemonCommandExecution.java:104)
	at org.gradle.launcher.daemon.server.exec.LogAndCheckHealth.execute(LogAndCheckHealth.java:53)
	at org.gradle.launcher.daemon.server.api.DaemonCommandExecution.proceed(DaemonCommandExecution.java:104)
	at org.gradle.launcher.daemon.server.exec.LogToClient.doBuild(LogToClient.java:63)
	at org.gradle.launcher.daemon.server.exec.BuildCommandOnly.execute(BuildCommandOnly.java:37)
	at org.gradle.launcher.daemon.server.api.DaemonCommandExecution.proceed(DaemonCommandExecution.java:104)
	at org.gradle.launcher.daemon.server.exec.EstablishBuildEnvironment.doBuild(EstablishBuildEnvironment.java:84)
	at org.gradle.launcher.daemon.server.exec.BuildCommandOnly.execute(BuildCommandOnly.java:37)
	at org.gradle.launcher.daemon.server.api.DaemonCommandExecution.proceed(DaemonCommandExecution.java:104)
	at org.gradle.launcher.daemon.server.exec.StartBuildOrRespondWithBusy$1.run(StartBuildOrRespondWithBusy.java:52)
	at org.gradle.launcher.daemon.server.DaemonStateCoordinator.lambda$runCommand$0(DaemonStateCoordinator.java:321)
	at org.gradle.internal.concurrent.ExecutorPolicy$CatchAndRecordFailures.onExecute(ExecutorPolicy.java:64)
	at org.gradle.internal.concurrent.AbstractManagedExecutor$1.run(AbstractManagedExecutor.java:48)


BUILD FAILED in 17s
9 actionable tasks: 1 executed, 3 from cache, 5 up-to-date
Watched directory hierarchies: [C:\Users\Wehtt\Downloads\OracleDrive-Master (1)\OracleDrive-Master\docker\AuraFrameFx-Beta-main\AuraFrameFx-Beta-main]
Configuration cache entry stored.
Build completed with status 1 
